******************************************************************************
                  TI ARM Linker PC v15.12.3                    
******************************************************************************
>> Linked Wed Mar 15 22:05:01 2017

OUTPUT FILE NAME:   <CowTag.out>
ENTRY POINT SYMBOL: "ResetISR"  address: 00009ed5


MEMORY CONFIGURATION

         name            origin    length      used     unused   attr    fill
----------------------  --------  ---------  --------  --------  ----  --------
  FLASH                 00000000   00020000  0000e0f9  00011f07  R  X
  SRAM                  20000000   00005000  00002971  0000268f  RW X


SEGMENT ALLOCATION MAP

run origin  load origin   length   init length attrs members
----------  ----------- ---------- ----------- ----- -------
00000000    00000000    00000734   00000734    r--
  00000000    00000000    0000003c   0000003c    r-- .resetVecs
  00000040    00000040    000006f4   000006f4    r-- .cinit
00001000    00001000    0000d97d   0000d97d    r-x
  00001000    00001000    0000003c   0000003c    r-- .const:ti_sysbios_knl_Task_Object__PARAMS__C
  0000103c    0000103c    00000034   00000034    r-- .const:ti_sysbios_knl_Mailbox_Object__PARAMS__C
  00001070    00001070    00000030   00000030    r-- .const:ti_sysbios_family_arm_m3_Hwi_Object__PARAMS__C
  000010a0    000010a0    0000002c   0000002c    r-- .const:ti_sysbios_hal_Hwi_Object__PARAMS__C
  000010cc    000010cc    00000028   00000028    r-- .const:ti_sysbios_heaps_HeapMem_Module__FXNS__C
  000010f4    000010f4    00000028   00000028    r-- .const:ti_sysbios_knl_Swi_Object__PARAMS__C
  0000111c    0000111c    00000024   00000024    r-- .const:ti_sysbios_gates_GateHwi_Module__FXNS__C
  00001140    00001140    00000024   00000024    r-- .const:ti_sysbios_gates_GateMutex_Module__FXNS__C
  00001164    00001164    00000024   00000024    r-- .const:ti_sysbios_heaps_HeapMem_Object__PARAMS__C
  00001188    00001188    00000024   00000024    r-- .const:ti_sysbios_knl_Clock_Object__PARAMS__C
  000011ac    000011ac    00000024   00000024    r-- .const:ti_sysbios_knl_Semaphore_Object__PARAMS__C
  000011d0    000011d0    00000020   00000020    r-- .const:ti_sysbios_family_arm_m3_Hwi_Object__DESC__C
  000011f0    000011f0    00000020   00000020    r-- .const:ti_sysbios_gates_GateHwi_Object__DESC__C
  00001210    00001210    00000020   00000020    r-- .const:ti_sysbios_gates_GateMutex_Object__DESC__C
  00001230    00001230    00000020   00000020    r-- .const:ti_sysbios_hal_Hwi_Object__DESC__C
  00001250    00001250    00000020   00000020    r-- .const:ti_sysbios_heaps_HeapMem_Object__DESC__C
  00001270    00001270    00000020   00000020    r-- .const:ti_sysbios_knl_Clock_Object__DESC__C
  00001290    00001290    00000020   00000020    r-- .const:ti_sysbios_knl_Mailbox_Object__DESC__C
  000012b0    000012b0    00000020   00000020    r-- .const:ti_sysbios_knl_Queue_Object__DESC__C
  000012d0    000012d0    00000020   00000020    r-- .const:ti_sysbios_knl_Semaphore_Object__DESC__C
  000012f0    000012f0    00000020   00000020    r-- .const:ti_sysbios_knl_Swi_Object__DESC__C
  00001310    00001310    00000020   00000020    r-- .const:ti_sysbios_knl_Task_Object__DESC__C
  00001330    00001330    00000018   00000018    r-- .const:ti_sysbios_gates_GateHwi_Object__PARAMS__C
  00001348    00001348    00000018   00000018    r-- .const:ti_sysbios_gates_GateMutex_Object__PARAMS__C
  00001360    00001360    00000018   00000018    r-- .const:ti_sysbios_knl_Queue_Object__PARAMS__C
  00001378    00001378    00000008   00000008    r-- .const:ti_sysbios_knl_Idle_funcList__C
  00001384    00001384    00000004   00000004    r-- .const:ti_sysbios_family_arm_cc26xx_Timer_startupNeeded__C
  00001388    00001388    00000004   00000004    r-- .const:ti_sysbios_family_arm_m3_Hwi_E_alreadyDefined__C
  0000138c    0000138c    00000004   00000004    r-- .const:ti_sysbios_family_arm_m3_Hwi_E_hwiLimitExceeded__C
  00001390    00001390    00000004   00000004    r-- .const:ti_sysbios_family_arm_m3_Hwi_NUM_INTERRUPTS__C
  00001394    00001394    00000004   00000004    r-- .const:ti_sysbios_family_arm_m3_Hwi_Object__count__C
  00001398    00001398    00000004   00000004    r-- .const:ti_sysbios_family_arm_m3_Hwi_Object__table__C
  0000139c    0000139c    00000004   00000004    r-- .const:ti_sysbios_family_arm_m3_Hwi_ccr__C
  000013a0    000013a0    00000004   00000004    r-- .const:ti_sysbios_family_arm_m3_Hwi_excHandlerFunc__C
  000013a4    000013a4    00000004   00000004    r-- .const:ti_sysbios_family_arm_m3_Hwi_nullIsrFunc__C
  000013a8    000013a8    00000004   00000004    r-- .const:ti_sysbios_family_arm_m3_Hwi_numSparseInterrupts__C
  000013ac    000013ac    00000004   00000004    r-- .const:ti_sysbios_family_arm_m3_Hwi_priGroup__C
  000013b0    000013b0    00000004   00000004    r-- .const:ti_sysbios_family_arm_m3_TaskSupport_stackAlignment__C
  000013b4    000013b4    00000004   00000004    r-- .const:ti_sysbios_heaps_HeapMem_E_memory__C
  000013b8    000013b8    00000004   00000004    r-- .const:ti_sysbios_heaps_HeapMem_Module__gateObj__C
  000013bc    000013bc    00000004   00000004    r-- .const:ti_sysbios_heaps_HeapMem_Object__count__C
  000013c0    000013c0    00000004   00000004    r-- .const:ti_sysbios_heaps_HeapMem_Object__table__C
  000013c4    000013c4    00000004   00000004    r-- .const:ti_sysbios_heaps_HeapMem_reqAlign__C
  000013c8    000013c8    00000004   00000004    r-- .const:ti_sysbios_knl_Clock_serviceMargin__C
  000013cc    000013cc    00000004   00000004    r-- .const:ti_sysbios_knl_Mailbox_Object__count__C
  000013d0    000013d0    00000004   00000004    r-- .const:ti_sysbios_knl_Mailbox_Object__table__C
  000013d4    000013d4    00000004   00000004    r-- .const:ti_sysbios_knl_Mailbox_maxTypeAlign__C
  000013d8    000013d8    00000004   00000004    r-- .const:ti_sysbios_knl_Queue_Object__count__C
  000013dc    000013dc    00000004   00000004    r-- .const:ti_sysbios_knl_Queue_Object__table__C
  000013e0    000013e0    00000004   00000004    r-- .const:ti_sysbios_knl_Swi_Object__count__C
  000013e4    000013e4    00000004   00000004    r-- .const:ti_sysbios_knl_Swi_Object__table__C
  000013e8    000013e8    00000004   00000004    r-- .const:ti_sysbios_knl_Swi_numPriorities__C
  000013ec    000013ec    00000004   00000004    r-- .const:ti_sysbios_knl_Task_Object__count__C
  000013f0    000013f0    00000004   00000004    r-- .const:ti_sysbios_knl_Task_Object__table__C
  000013f4    000013f4    00000004   00000004    r-- .const:ti_sysbios_knl_Task_allBlockedFunc__C
  000013f8    000013f8    00000004   00000004    r-- .const:ti_sysbios_knl_Task_defaultStackHeap__C
  000013fc    000013fc    00000004   00000004    r-- .const:ti_sysbios_knl_Task_defaultStackSize__C
  00001400    00001400    00000004   00000004    r-- .const:ti_sysbios_knl_Task_numConstructedTasks__C
  00001406    00001406    00000002   00000002    r-- .const:ti_sysbios_family_arm_cc26xx_Timer_Module__id__C
  00001408    00001408    00000002   00000002    r-- .const:ti_sysbios_family_arm_cc26xx_TimestampProvider_useClockTimer__C
  0000140a    0000140a    00000002   00000002    r-- .const:ti_sysbios_family_arm_m3_Hwi_Module__id__C
  0000140c    0000140c    00000002   00000002    r-- .const:ti_sysbios_gates_GateHwi_Module__id__C
  0000140e    0000140e    00000002   00000002    r-- .const:ti_sysbios_gates_GateMutex_Module__id__C
  00001410    00001410    00000002   00000002    r-- .const:ti_sysbios_heaps_HeapMem_Module__id__C
  00001412    00001412    00000002   00000002    r-- .const:ti_sysbios_knl_Task_initStackFlag__C
  00001414    00001414    00000001   00000001    r-- .const:ti_sysbios_knl_Clock_tickMode__C
  00001418    00001418    00000008   00000008    r-- .const:xdc_runtime_Startup_firstFxns__C
  00001420    00001420    00000008   00000008    r-- .const:xdc_runtime_Startup_lastFxns__C
  00001428    00001428    00000004   00000004    r-- .const:xdc_runtime_Assert_E_assertFailed__C
  0000142c    0000142c    00000004   00000004    r-- .const:xdc_runtime_Error_E_memory__C
  00001430    00001430    00000004   00000004    r-- .const:xdc_runtime_Error_policyFxn__C
  00001434    00001434    00000004   00000004    r-- .const:xdc_runtime_IGateProvider_Interface__BASE__C
  00001438    00001438    00000004   00000004    r-- .const:xdc_runtime_IHeap_Interface__BASE__C
  0000143c    0000143c    00000004   00000004    r-- .const:xdc_runtime_IModule_Interface__BASE__C
  00001440    00001440    00000004   00000004    r-- .const:xdc_runtime_Main_Module__diagsEnabled__C
  00001444    00001444    00000004   00000004    r-- .const:xdc_runtime_Main_Module__diagsIncluded__C
  00001448    00001448    00000004   00000004    r-- .const:xdc_runtime_Main_Module__diagsMask__C
  0000144c    0000144c    00000004   00000004    r-- .const:xdc_runtime_Memory_defaultHeapInstance__C
  00001450    00001450    00000004   00000004    r-- .const:xdc_runtime_Startup_execImpl__C
  00001454    00001454    00000004   00000004    r-- .const:xdc_runtime_Startup_maxPasses__C
  00001458    00001458    00000004   00000004    r-- .const:xdc_runtime_Startup_sfxnRts__C
  0000145c    0000145c    00000004   00000004    r-- .const:xdc_runtime_Startup_sfxnTab__C
  00001460    00001460    00000004   00000004    r-- .const:xdc_runtime_Startup_startModsFxn__C
  00001464    00001464    00000004   00000004    r-- .const:xdc_runtime_SysCallback_abortFxn__C
  00001468    00001468    00000004   00000004    r-- .const:xdc_runtime_SysCallback_exitFxn__C
  0000146c    0000146c    00000004   00000004    r-- .const:xdc_runtime_System_abortFxn__C
  00001470    00001470    00000004   00000004    r-- .const:xdc_runtime_System_exitFxn__C
  00001474    00001474    00000004   00000004    r-- .const:xdc_runtime_System_maxAtexitHandlers__C
  00001478    00001478    00000004   00000004    r-- .const:xdc_runtime_Text_charTab__C
  0000147c    0000147c    00000004   00000004    r-- .const:xdc_runtime_Text_nameEmpty__C
  00001480    00001480    00000004   00000004    r-- .const:xdc_runtime_Text_nameStatic__C
  00001484    00001484    00000004   00000004    r-- .const:xdc_runtime_Text_nameUnknown__C
  00001488    00001488    00000002   00000002    r-- .const:xdc_runtime_Main_Module__id__C
  0000148a    0000148a    00000002   00000002    r-- .const:xdc_runtime_Memory_Module__id__C
  0000148c    0000148c    00000002   00000002    r-- .const:xdc_runtime_Text_charCnt__C
  0000148e    0000148e    00000002   00000002    r-- .const:xdc_runtime_Text_isLoaded__C
  00001490    00001490    00000001   00000001    r-- .const:xdc_runtime_Error_policy__C
  00001494    00001494    00000004   00000004    r-- .const:ti_sysbios_rom_ROM_AONRTCChannelEnable
  00001498    00001498    00000004   00000004    r-- .const:ti_sysbios_rom_ROM_AONRTCCompareValueSet
  0000149c    0000149c    00000004   00000004    r-- .const:ti_sysbios_rom_ROM_AONRTCCurrentCompareValueGet
  000014a0    000014a0    00000004   00000004    r-- .const:ti_sysbios_rom_ROM_AONRTCEventClear
  000014a4    000014a4    00000004   00000004    r-- .const:ti_sysbios_rom_ROM_ti_sysbios_family_arm_cc26xx_Timer_getCount64__E
  000014a8    000014a8    00000004   00000004    r-- .const:ti_sysbios_rom_ROM_ti_sysbios_family_arm_cc26xx_Timer_getCurrentTick__E
  000014ac    000014ac    00000004   00000004    r-- .const:ti_sysbios_rom_ROM_ti_sysbios_family_arm_cc26xx_Timer_getMaxTicks__E
  000014b0    000014b0    00000004   00000004    r-- .const:ti_sysbios_rom_ROM_ti_sysbios_family_arm_cc26xx_Timer_initDevice__I
  000014b4    000014b4    00000004   00000004    r-- .const:ti_sysbios_rom_ROM_ti_sysbios_family_arm_cc26xx_Timer_setNextTick__E
  000014b8    000014b8    00000004   00000004    r-- .const:ti_sysbios_rom_ROM_ti_sysbios_family_arm_cc26xx_Timer_setThreshold__I
  000014bc    000014bc    00000004   00000004    r-- .const:ti_sysbios_rom_ROM_ti_sysbios_family_arm_cc26xx_Timer_start__E
  000014c0    000014c0    00000004   00000004    r-- .const:ti_sysbios_rom_ROM_ti_sysbios_family_arm_cc26xx_TimestampProvider_get32__E
  000014c4    000014c4    00000004   00000004    r-- .const:ti_sysbios_rom_ROM_xdc_runtime_Startup_getState__I
  000014c8    000014c8    00000004   00000004    r-- .const:ti_sysbios_rom_ROM_xdc_runtime_System_SupportProxy_abort__E
  000014cc    000014cc    00000004   00000004    r-- .const:ti_sysbios_rom_ROM_xdc_runtime_System_SupportProxy_exit__E
  000014d0    000014d0    00000004   00000004    r-- .const:ti_sysbios_gates_GateMutex_Instance_State_sem__O
  000014d4    000014d4    00000004   00000004    r-- .const:ti_sysbios_knl_Clock_Module_State_clockQ__O
  000014d8    000014d8    00000004   00000004    r-- .const:ti_sysbios_knl_Mailbox_Instance_State_dataQue__O
  000014dc    000014dc    00000004   00000004    r-- .const:ti_sysbios_knl_Mailbox_Instance_State_dataSem__O
  000014e0    000014e0    00000004   00000004    r-- .const:ti_sysbios_knl_Mailbox_Instance_State_freeQue__O
  000014e4    000014e4    00000004   00000004    r-- .const:ti_sysbios_knl_Mailbox_Instance_State_freeSem__O
  000014e8    000014e8    00000004   00000004    r-- .const:ti_sysbios_knl_Semaphore_Instance_State_pendQ__O
  000014ec    000014ec    00000004   00000004    r-- .const:ti_sysbios_knl_Task_Module_State_inactiveQ__O
  000014f0    000014f0    00009d64   00009d64    r-x .text
  0000b254    0000b254    00003729   00003729    r-- .const
0001ffa8    0001ffa8    00000058   00000058    r--
  0001ffa8    0001ffa8    00000058   00000058    r-- .ccfg
20000100    20000100    000025b3   00000000    rw-
  20000100    20000100    00000044   00000000    rw- .data:ti_sysbios_knl_Task_Module__state__V
  20000144    20000144    00000034   00000000    rw- .data:ti_sysbios_family_arm_m3_Hwi_Module__state__V
  20000178    20000178    0000002c   00000000    rw- .data:ti_sysbios_knl_Clock_Module__state__V
  200001a4    200001a4    00000024   00000000    rw- .data:ti_sysbios_BIOS_Module__state__V
  200001c8    200001c8    0000001c   00000000    rw- .data:ti_sysbios_knl_Swi_Module__state__V
  200001e4    200001e4    00000008   00000000    rw- .data:ti_sysbios_family_arm_cc26xx_Timer_Module__state__V
  200001ec    200001ec    00000004   00000000    rw- .data:ti_sysbios_family_arm_cc26xx_TimestampProvider_Module__state__V
  200001f0    200001f0    00000008   00000000    rw- .data:xdc_runtime_Startup_Module__state__V
  200001f8    200001f8    00000008   00000000    rw- .data:xdc_runtime_System_Module__state__V
  20000200    20000200    00000004   00000000    rw- .data:xdc_runtime_Memory_Module__state__V
  20000208    20000208    00001b4a   00000000    rw- .bss
  20001d58    20001d58    0000095b   00000000    rw- .data
20004d00    20004d00    00000300   00000000    rw-
  20004d00    20004d00    00000300   00000000    rw- .stack


SECTION ALLOCATION MAP

 output                                  attributes/
section   page    origin      length       input sections
--------  ----  ----------  ----------   ----------------
.cinit     0    00000040    000006f4     
                  00000040    00000570     (.cinit..data.load) [load image, compression = rle]
                  000005b0    0000002c     (.cinit..data:ti_sysbios_family_arm_m3_Hwi_Module__state__V.load) [load image, compression = rle]
                  000005dc    00000004     --HOLE-- [fill = 0]
                  000005e0    0000002c     (.cinit..data:ti_sysbios_knl_Task_Module__state__V.load) [load image, compression = rle]
                  0000060c    00000004     --HOLE-- [fill = 0]
                  00000610    00000021     (.cinit..data:ti_sysbios_knl_Clock_Module__state__V.load) [load image, compression = rle]
                  00000631    00000007     --HOLE-- [fill = 0]
                  00000638    0000001f     (.cinit..data:ti_sysbios_BIOS_Module__state__V.load) [load image, compression = rle]
                  00000657    00000001     --HOLE-- [fill = 0]
                  00000658    00000011     (.cinit..data:ti_sysbios_knl_Swi_Module__state__V.load) [load image, compression = rle]
                  00000669    00000007     --HOLE-- [fill = 0]
                  00000670    0000000d     (.cinit..data:ti_sysbios_family_arm_cc26xx_Timer_Module__state__V.load) [load image, compression = rle]
                  0000067d    00000003     --HOLE-- [fill = 0]
                  00000680    0000000b     (.cinit..bss.load) [load image, compression = rle]
                  0000068b    00000005     --HOLE-- [fill = 0]
                  00000690    0000000a     (.cinit..data:xdc_runtime_Memory_Module__state__V.load) [load image, compression = rle]
                  0000069a    00000006     --HOLE-- [fill = 0]
                  000006a0    00000009     (.cinit..data:ti_sysbios_family_arm_cc26xx_TimestampProvider_Module__state__V.load) [load image, compression = rle]
                  000006a9    00000007     --HOLE-- [fill = 0]
                  000006b0    00000009     (.cinit..data:xdc_runtime_Startup_Module__state__V.load) [load image, compression = rle]
                  000006b9    00000007     --HOLE-- [fill = 0]
                  000006c0    00000009     (.cinit..data:xdc_runtime_System_Module__state__V.load) [load image, compression = rle]
                  000006c9    00000003     --HOLE-- [fill = 0]
                  000006cc    00000008     (__TI_handler_table)
                  000006d4    00000060     (__TI_cinit_table)

.text      0    000014f0    00009d64     
                  000014f0    00000679     drivers_cc13xxware_instrumented.aem3 : I2CCC26XX.oem3 (.text:I2CCC26XX_hwiFxn)
                  00001b69    00000001     --HOLE-- [fill = 0]
                  00001b6a    00000002     rf_singleMode_cc13xxware_instrumented.aem3 : RFCC26XX_singleMode.oem3 (.text:defaultErrCb)
                  00001b6c    00000410     radioSendReceive.obj (.text:alphaRadioTaskFunction)
                  00001f7c    000003b8     rf_singleMode_cc13xxware_instrumented.aem3 : RFCC26XX_singleMode.oem3 (.text:fsmActiveState)
                  00002334    0000034c     EasyLink.obj (.text:EasyLink_init)
                  00002680    00000338     rom_sysbios.aem3 : rom_sysbios.obj (.text:xdc_runtime_System_doPrint__I)
                  000029b8    00000324     rtsv7M3_T_le_eabi.lib : trgdrv.obj (.text)
                  00002cdc    0000031c     drivers_cc13xxware_instrumented.aem3 : I2CCC26XX.oem3 (.text:I2CCC26XX_primeTransfer)
                  00002ff8    0000030c     rtsv7M3_T_le_eabi.lib : lowlev.obj (.text)
                  00003304    0000026c     drivers_cc13xxware_instrumented.aem3 : I2CCC26XX.oem3 (.text:I2CCC26XX_transfer)
                  00003570    00000228     driverlib.lib : sys_ctrl.obj (.text:NOROM_SysCtrlSetRechargeBeforePowerDown)
                  00003798    00000228     drivers_cc13xxware_instrumented.aem3 : PowerCC26XX.oem3 (.text:Power_sleep)
                  000039c0    00000228     rf_singleMode_cc13xxware_instrumented.aem3 : RFCC26XX_singleMode.oem3 (.text:RF_postCmd)
                  00003be8    0000021e     rtsv7M3_T_le_eabi.lib : ll_div_t2.obj (.text)
                  00003e06    00000002     drivers_cc13xxware_instrumented.aem3 : PowerCC26XX.oem3 (.text:emptyClockFunc)
                  00003e08    0000021c                                          : I2CCC26XX.oem3 (.text:I2CCC26XX_open)
                  00004024    000001f4     rtsv7M3_T_le_eabi.lib : ull_div_t2.obj (.text)
                  00004218    000001ec     drivers_cc13xxware_instrumented.aem3 : PowerCC26XX_calibrateRCOSC.oem3 (.text:calibrateRcoscHf1)
                  00004404    000001e4     alphaRadioTest.obj (.text:alphaRadioTestTaskFunction)
                  000045e8    000001d4     drivers_cc13xxware_instrumented.aem3 : I2CCC26XX.oem3 (.text:I2CCC26XX_swiFxn)
                  000047bc    000001d4     sensors.obj (.text:getHeartRate)
                  00004990    000001c4     drivers_cc13xxware_instrumented.aem3 : PINCC26XX.oem3 (.text:PIN_init)
                  00004b54    000001c4     rtsv7M3_T_le_eabi.lib : fopen.obj (.text)
                  00004d18    000001c0     alphaMain.obj (.text:main)
                  00004ed8    000001b6     rtsv7M3_T_le_eabi.lib : fd_add_t2.obj (.text)
                  0000508e    00000002     smartrf_settings.obj (.text:enterGenfskSysPatch)
                  00005090    000001a0     drivers_cc13xxware_instrumented.aem3 : PowerCC26XX_calibrateRCOSC.oem3 (.text:PowerCC26XX_doCalibrate)
                  00005230    0000019c     EasyLink.obj (.text:rxDoneCallback)
                  000053cc    00000174     EasyLink.obj (.text:EasyLink_receiveAsync)
                  00005540    00000168     rf_singleMode_cc13xxware_instrumented.aem3 : RFCC26XX_singleMode.oem3 (.text:fsmSetupState)
                  000056a8    00000168     cowtagOS_pem3.oem3 (.text:xdc_runtime_System_printfExtend__I)
                  00005810    00000164     EasyLink.obj (.text:enableTestMode)
                  00005974    00000150     smartrf_settings_predefined.obj (.text:rf_patch_mce_genook)
                  00005ac4    0000014c     EasyLink.obj (.text:EasyLink_transmit)
                  00005c10    00000134     rf_singleMode_cc13xxware_instrumented.aem3 : RFCC26XX_singleMode.oem3 (.text:RF_close)
                  00005d44    00000130     driverlib.lib : setup_rom.obj (.text:NOROM_SetupAfterColdResetWakeupFromShutDownCfg3)
                  00005e74    0000012c     drivers_cc13xxware_instrumented.aem3 : PowerCC26XX.oem3 (.text:Power_init)
                  00005fa0    00000128     rf_singleMode_cc13xxware_instrumented.aem3 : RFCC26XX_singleMode.oem3 (.text:rf_init)
                  000060c8    00000128     smartrf_settings.obj (.text:rf_patch_rfe_genfsk)
                  000061f0    00000128     smartrf_settings_predefined.obj (.text:rf_patch_rfe_genfsk)
                  00006318    00000128     smartrf_settings_predefined.obj (.text:rf_patch_rfe_lrm)
                  00006440    00000124     IIC.obj (.text:writeI2CRegister)
                  00006564    0000011a     alphaRadioTest.obj (.text:printSampleData)
                  0000667e    00000002     smartrf_settings_predefined.obj (.text:enterGenfskSysPatch)
                  00006680    00000118     rf_singleMode_cc13xxware_instrumented.aem3 : RFCC26XX_singleMode.oem3 (.text:hwiFxnCpe0Active)
                  00006798    00000114     drivers_cc13xxware_instrumented.aem3 : PowerCC26XX.oem3 (.text:Power_releaseDependency)
                  000068ac    00000114     smartrf_settings_predefined.obj (.text:rf_patch_mce_hsp_4mbps)
                  000069c0    00000100     radioSendReceive.obj (.text:rxDoneCallbackReceive)
                  00006ac0    000000fc     drivers_cc13xxware_instrumented.aem3 : PowerCC26XX.oem3 (.text:Power_setDependency)
                  00006bbc    000000fc     rf_singleMode_cc13xxware_instrumented.aem3 : RFCC26XX_singleMode.oem3 (.text:RF_open)
                  00006cb8    000000fc     rtsv7M3_T_le_eabi.lib : fd_mul_t2.obj (.text)
                  00006db4    000000f4     drivers_cc13xxware_instrumented.aem3 : I2CCC26XX.oem3 (.text:I2CCC26XX_close)
                  00006ea8    000000f4     IIC.obj (.text:readI2CWord100kHz)
                  00006f9c    000000f0     driverlib.lib : setup_rom.obj (.text:NOROM_SetupAfterColdResetWakeupFromShutDownCfg2)
                  0000708c    000000e8     sensors.obj (.text:makeSensorPacket)
                  00007174    000000e8     rom_sysbios.aem3 : rom_sysbios.obj (.text:ti_sysbios_knl_Event_pend__E)
                  0000725c    000000e4     radioSendReceive.obj (.text:sendAlphaPacket)
                  00007340    000000e0     drivers_cc13xxware_instrumented.aem3 : PINCC26XX.oem3 (.text:PINCC26XX_setIoCfg)
                  00007420    000000e0     sensors.obj (.text:getAcceleration)
                  00007500    000000dc     rtsv7M3_T_le_eabi.lib : setvbuf.obj (.text)
                  000075dc    000000d8     EasyLink.obj (.text:EasyLink_enableRxAddrFilter)
                  000076b4    000000d8     driverlib.lib : rfc.obj (.text:NOROM_RFCRTrim)
                  0000778c    000000d8     smartrf_settings_predefined.obj (.text:rf_patch_rfe_genook)
                  00007864    000000d8     smartrf_settings_predefined.obj (.text:rf_patch_rfe_hsp_4mbps)
                  0000793c    000000d4     driverlib.lib : rfc.obj (.text:NOROM_RFCRfTrimRead)
                  00007a10    000000d4     power_cc13xx_tirtos_instrumented.aem3 : PowerCC26XX_tirtos.oem3 (.text:PowerCC26XX_standbyPolicy)
                  00007ae4    000000d4     IIC.obj (.text:readI2CRegister)
                  00007bb8    000000c8     rtsv7M3_T_le_eabi.lib : fflush.obj (.text)
                  00007c80    000000c4     rf_singleMode_cc13xxware_instrumented.aem3 : RFCC26XX_singleMode.oem3 (.text:fsmPowerUpState)
                  00007d44    000000c0     EasyLink.obj (.text:EasyLink_setCtrl)
                  00007e04    000000c0     rf_singleMode_cc13xxware_instrumented.aem3 : RFCC26XX_singleMode.oem3 (.text:RF_pendCmd)
                  00007ec4    000000c0     driverlib.lib : setup.obj (.text:TrimAfterColdResetWakeupFromShutDown)
                  00007f84    000000b4     radioSendReceive.obj (.text:radioSendReceive_init)
                  00008038    000000b0     sensors.obj (.text:getTemp)
                  000080e8    000000ac     rtsv7M3_T_le_eabi.lib : _io_perm.obj (.text)
                  00008194    000000a8     driverlib.lib : setup.obj (.text:NOROM_SetupTrimDevice)
                  0000823c    000000a4                   : setup_rom.obj (.text:NOROM_SetupAfterColdResetWakeupFromShutDownCfg1)
                  000082e0    000000a0     auto_init.aem3 : auto_init.oem3 (.text)
                  00008380    0000009c     rtsv7M3_T_le_eabi.lib : memcpy_t2.obj (.text)
                  0000841c    00000098                           : fclose.obj (.text)
                  000084b4    00000098                           : fputc.obj (.text)
                  0000854c    00000098     rom_sysbios.aem3 : rom_sysbios.obj (.text:ti_sysbios_knl_Clock_workFuncDynamic__E)
                  000085e4    00000094     drivers_cc13xxware_instrumented.aem3 : I2CCC26XX.oem3 (.text:I2CCC26XX_blockingCallback)
                  00008678    00000094                                          : PINCC26XX.oem3 (.text:PIN_open)
                  0000870c    00000090                                          : I2CCC26XX.oem3 (.text:I2CCC26XX_cancel)
                  0000879c    0000008c                                          : PowerCC26XX.oem3 (.text:disableLFClockQualifiers)
                  00008828    0000008c     radioSendReceive.obj (.text:resendPacket)
                  000088b4    0000008c     drivers_cc13xxware_instrumented.aem3 : PowerCC26XX.oem3 (.text:switchXOSCHFclockFunc)
                  00008940    00000088                                          : PowerCC26XX_calibrateRCOSC.oem3 (.text:calibrateRcoscHf2)
                  000089c8    00000088     alphaRadioTest.obj (.text:packetReceivedCallback)
                  00008a50    00000086     rtsv7M3_T_le_eabi.lib : fd_cmp_t2.obj (.text:__aeabi_cdcmple)
                  00008ad6    00000086                           : fd_cmp_t2.obj (.text:__aeabi_cdrcmple)
                  00008b5c    00000084     drivers_cc13xxware_instrumented.aem3 : PowerCC26XX.oem3 (.text:Power_releaseConstraint)
                  00008be0    00000084     rf_singleMode_cc13xxware_instrumented.aem3 : RFCC26XX_singleMode.oem3 (.text:swiFxnHw)
                  00008c64    0000007a     rtsv7M3_T_le_eabi.lib : memset_t2.obj (.text)
                  00008cde    00000002     smartrf_settings_predefined.obj (.text:enterGenookSysPatch)
                  00008ce0    00000074     driverlib.lib : setup_rom.obj (.text:NOROM_SetupSetVddrLevel)
                  00008d54    00000074     drivers_cc13xxware_instrumented.aem3 : PowerCC26XX_calibrateRCOSC.oem3 (.text:PowerCC26XX_auxISR)
                  00008dc8    00000074     rf_singleMode_cc13xxware_instrumented.aem3 : RFCC26XX_singleMode.oem3 (.text:decActiveClientCnt)
                  00008e3c    00000074                                                : RFCC26XX_singleMode.oem3 (.text:fsmPowerDownState)
                  00008eb0    00000070     driverlib.lib : chipinfo.obj (.text:NOROM_ChipInfo_GetHwRevision)
                  00008f20    00000070     radioSendReceive.obj (.text:alphaRadioSendData)
                  00008f90    00000070     rom_sysbios.aem3 : rom_sysbios.obj (.text:ti_sysbios_knl_Event_post__E)
                  00009000    0000006d                      : rom_sysbios.obj (.text:xdc_runtime_System_formatNum__I)
                  0000906d    00000001     --HOLE-- [fill = 0]
                  0000906e    00000002     smartrf_settings_predefined.obj (.text:enterLrmSysPatch)
                  00009070    0000006c     driverlib.lib : setup_rom.obj (.text:NOROM_SetupGetTrimForAmpcompCtrl)
                  000090dc    0000006c     drivers_cc13xxware_instrumented.aem3 : PowerCC26XX.oem3 (.text:PowerCC26XX_calibrate)
                  00009148    0000006c     radioSendReceive.obj (.text:sendAck)
                  000091b4    0000006a     rtsv7M3_T_le_eabi.lib : copy_decompress_rle.obj (.text)
                  0000921e    00000002                           : i_div0.obj (.text)
                  00009220    00000068     driverlib.lib : setup_rom.obj (.text:NOROM_SetupGetTrimForAnabypassValue1)
                  00009288    00000068                   : sys_ctrl.obj (.text:NOROM_SysCtrl_DCDC_VoltageConditionalControl)
                  000092f0    00000068     rf_singleMode_cc13xxware_instrumented.aem3 : RFCC26XX_singleMode.oem3 (.text:RF_getCurrentTime)
                  00009358    00000068     rtsv7M3_T_le_eabi.lib : trgmsg.obj (.text)
                  000093c0    00000064     drivers_cc13xxware_instrumented.aem3 : I2CCC26XX.oem3 (.text:I2CCC26XX_initIO)
                  00009424    00000064     driverlib.lib : osc.obj (.text:NOROM_OSCHF_AttemptToSwitchToXosc)
                  00009488    00000064     rtsv7M3_T_le_eabi.lib : fseek.obj (.text)
                  000094ec    00000064     rom_sysbios.aem3 : rom_sysbios.obj (.text:ti_sysbios_family_arm_cc26xx_Timer_start__E)
                  00009550    00000060     driverlib.lib : osc.obj (.text:NOROM_OSCClockSourceSet)
                  000095b0    00000060     drivers_cc13xxware_instrumented.aem3 : PowerCC26XX_calibrateRCOSC.oem3 (.text:PowerCC26XX_RCOSC_clockFunc)
                  00009610    00000060     rf_singleMode_cc13xxware_instrumented.aem3 : RFCC26XX_singleMode.oem3 (.text:fsmXOSCState)
                  00009670    00000060     drivers_cc13xxware_instrumented.aem3 : PowerCC26XX_calibrateRCOSC.oem3 (.text:updateSubSecInc)
                  000096d0    0000005c     driverlib.lib : sys_ctrl.obj (.text:NOROM_SysCtrlAdjustRechargeAfterPowerDown)
                  0000972c    0000005c     drivers_cc13xxware_instrumented.aem3 : PINCC26XX.oem3 (.text:PIN_remove)
                  00009788    0000005c                                          : PowerCC26XX.oem3 (.text:Power_setConstraint)
                  000097e4    0000005c     smartrf_settings.obj (.text:configureGenfskPatch)
                  00009840    0000005c     smartrf_settings_predefined.obj (.text:configureGenfskPatch)
                  0000989c    0000005c     smartrf_settings_predefined.obj (.text:configureGenookPatch)
                  000098f8    0000005c     smartrf_settings_predefined.obj (.text:configureLrmPatch)
                  00009954    0000005c     cowtagOS_pem3.oem3 (.text:xdc_runtime_Startup_getState__I)
                  000099b0    00000058     drivers_cc13xxware_instrumented.aem3 : PowerCC26XX_calibrateRCOSC.oem3 (.text:PowerCC26XX_initiateCalibration)
                  00009a08    00000054     alphaRadioTest.obj (.text:alphaRadioTest_init)
                  00009a5c    00000054     drivers_cc13xxware_instrumented.aem3 : PowerCC26XX.oem3 (.text:configureXOSCHF)
                  00009ab0    00000054     rf_singleMode_cc13xxware_instrumented.aem3 : RFCC26XX_singleMode.oem3 (.text:hwiFxnHw)
                  00009b04    00000054                                                : RFCC26XX_singleMode.oem3 (.text:ratChanFree)
                  00009b58    00000050     driverlib.lib : setup_rom.obj (.text:NOROM_SetupSetCacheModeAccordingToCcfgSetting)
                  00009ba8    00000050     rf_singleMode_cc13xxware_instrumented.aem3 : RFCC26XX_singleMode.oem3 (.text:dispatchOpWhen)
                  00009bf8    00000050                                                : RFCC26XX_singleMode.oem3 (.text:syncCb)
                  00009c48    0000004c                                                : RFCC26XX_singleMode.oem3 (.text:applyRfCorePatch)
                  00009c94    0000004c     rtsv7M3_T_le_eabi.lib : cpy_tbl.obj (.text)
                  00009ce0    00000048     drivers_cc13xxware_instrumented.aem3 : I2CCC26XX.oem3 (.text:I2CCC26XX_initHw)
                  00009d28    00000048     driverlib.lib : chipinfo.obj (.text:NOROM_ChipInfo_GetChipFamily)
                  00009d70    00000048     drivers_cc13xxware_instrumented.aem3 : PINCC26XX.oem3 (.text:PIN_swi)
                  00009db8    00000048     rf_singleMode_cc13xxware_instrumented.aem3 : RFCC26XX_singleMode.oem3 (.text:RF_runCmd)
                  00009e00    00000048     drivers_cc13xxware_instrumented.aem3 : PowerCC26XX.oem3 (.text:notify)
                  00009e48    00000048     rtsv7M3_T_le_eabi.lib : fd_toi_t2.obj (.text)
                  00009e90    00000044     rf_singleMode_cc13xxware_instrumented.aem3 : RFCC26XX_singleMode.oem3 (.text:RF_Params_init)
                  00009ed4    00000044     boot.aem3 : boot.oem3 (.text)
                  00009f18    00000044     rtsv7M3_T_le_eabi.lib : fd_tou_t2.obj (.text)
                  00009f5c    00000040                           : u_divt2.obj (.text)
                  00009f9c    0000003c     driverlib.lib : osc.obj (.text:NOROM_OSC_HPOSCRelativeFrequencyOffsetGet)
                  00009fd8    0000003c                   : rfc.obj (.text:NOROM_RFCSynthPowerDown)
                  0000a014    0000003c     drivers_cc13xxware_instrumented.aem3 : PINCC26XX.oem3 (.text:PIN_setOutputValue)
                  0000a050    0000003c                                          : PowerCC26XX.oem3 (.text:Power_getDependencyCount)
                  0000a08c    00000038     rtsv7M3_T_le_eabi.lib : fs_tod_t2.obj (.text)
                  0000a0c4    00000038     rom_sysbios.aem3 : rom_sysbios.obj (.text:ti_sysbios_family_arm_cc26xx_Timer_getCurrentTick__E)
                  0000a0fc    00000036     rf_singleMode_cc13xxware_instrumented.aem3 : RFCC26XX_singleMode.oem3 (.text:updateImplicitState)
                  0000a132    00000002     rtsv7M3_T_le_eabi.lib : l_div0.obj (.text)
                  0000a134    00000034     driverlib.lib : osc.obj (.text:NOROM_OSCHF_SwitchToRcOscTurnOffXosc)
                  0000a168    00000034     drivers_cc13xxware_instrumented.aem3 : PINCC26XX.oem3 (.text:PIN_setConfig)
                  0000a19c    00000034     rf_singleMode_cc13xxware_instrumented.aem3 : RFCC26XX_singleMode.oem3 (.text:Q_push)
                  0000a1d0    00000032     rom_sysbios.aem3 : rom_sysbios.obj (.text:ti_sysbios_family_arm_cc26xx_Timer_setNextTick__E)
                  0000a202    00000002                      : rom_sysbios.obj (.text:ti_sysbios_BIOS_linkedWithIncorrectBootLibrary__E)
                  0000a204    00000030     drivers_cc13xxware_instrumented.aem3 : I2C.oem3 (.text:I2C_open)
                  0000a234    00000030     driverlib.lib : chipinfo.obj (.text:NOROM_ChipInfo_GetChipType)
                  0000a264    00000030                   : setup_rom.obj (.text:NOROM_SetupSetAonRtcSubSecInc)
                  0000a294    00000030     rf_singleMode_cc13xxware_instrumented.aem3 : RFCC26XX_singleMode.oem3 (.text:clkPowerUpFxn)
                  0000a2c4    00000030     rtsv7M3_T_le_eabi.lib : strncpy.obj (.text)
                  0000a2f4    00000030     cowtagOS_pem3.oem3 (.text:ti_sysbios_BIOS_atExitFunc__I)
                  0000a324    00000030     cowtagOS_pem3.oem3 (.text:ti_sysbios_BIOS_startFunc__I)
                  0000a354    00000030     rom_sysbios.aem3 : rom_sysbios.obj (.text:ti_sysbios_family_arm_cc26xx_Timer_initDevice__I)
                  0000a384    00000030                      : rom_sysbios.obj (.text:ti_sysbios_family_arm_cc26xx_Timer_setThreshold__I)
                  0000a3b4    0000002e     cowtagOS_pem3.oem3 (.text:malloc)
                  0000a3e2    0000002e     rtsv7M3_T_le_eabi.lib : i_tofd_t2.obj (.text)
                  0000a410    0000002c     driverlib.lib : ddi.obj (.text:NOROM_DDI32RegWrite)
                  0000a43c    0000002c                   : osc.obj (.text:NOROM_OSCClockSourceGet)
                  0000a468    0000002c                   : setup_rom.obj (.text:NOROM_SetupGetTrimForRadcExtCfg)
                  0000a494    0000002c     drivers_cc13xxware_instrumented.aem3 : PINCC26XX.oem3 (.text:PINCC26XX_setMux)
                  0000a4c0    0000002c     EasyLink.obj (.text:asyncCmdCallback)
                  0000a4ec    0000002c     EventManager.obj (.text:eventManager_init)
                  0000a518    0000002c     rf_singleMode_cc13xxware_instrumented.aem3 : RFCC26XX_singleMode.oem3 (.text:getCmd)
                  0000a544    0000002c     rom_sysbios.aem3 : rom_sysbios.obj (.text:ti_sysbios_knl_Clock_getTicksUntilInterrupt__E)
                  0000a570    0000002c     cowtagOS_pem3.oem3 (.text:ti_sysbios_knl_Event_construct)
                  0000a59c    0000002c     rom_sysbios.aem3 : rom_sysbios.obj (.text:ti_sysbios_knl_Event_pendTimeout__I)
                  0000a5c8    0000002a                      : rom_sysbios.obj (.text:xdc_runtime_System_putchar__I)
                  0000a5f2    00000002     cowtagOS_pem3.oem3 (.text:ti_sysbios_BIOS_nullFunc__I)
                  0000a5f4    00000028     driverlib.lib : aon_batmon.obj (.text:NOROM_AONBatMonTemperatureGetDegC)
                  0000a61c    00000028     drivers_cc13xxware_instrumented.aem3 : PowerCC26XX.oem3 (.text:Power_registerNotify)
                  0000a644    00000028     rf_singleMode_cc13xxware_instrumented.aem3 : RFCC26XX_singleMode.oem3 (.text:Q_end)
                  0000a66c    00000028     driverlib.lib : adi.obj (.text:SafeHapiVoid)
                  0000a694    00000028     rom_sysbios.aem3 : rom_sysbios.obj (.text:ti_sysbios_family_arm_cc26xx_Timer_getMaxTicks__E)
                  0000a6bc    00000026     drivers_cc13xxware_instrumented.aem3 : List.oem3 (.text:List_put)
                  0000a6e2    00000002     rom_sysbios.aem3 : rom_sysbios.obj (.text:ti_sysbios_knl_Clock_triggerFunc__I)
                  0000a6e4    00000024     drivers_cc13xxware_instrumented.aem3 : PINCC26XX.oem3 (.text:PINCC26XX_getPinCount)
                  0000a708    00000024                                          : PowerCC26XX_calibrateRCOSC.oem3 (.text:getTdcSemaphore)
                  0000a72c    00000024     rf_singleMode_cc13xxware_instrumented.aem3 : RFCC26XX_singleMode.oem3 (.text:hwiFxnCpe0PowerFsm)
                  0000a750    00000024     radioSendReceive.obj (.text:notifyPacketReceived)
                  0000a774    00000024     Sleep.obj (.text:sleepASecond)
                  0000a798    00000024     cowtagOS_pem3.oem3 (.text:ti_sysbios_BIOS_registerRTSLock__I)
                  0000a7bc    00000024     cowtagOS_pem3.oem3 (.text:ti_sysbios_BIOS_removeRTSLock__I)
                  0000a7e0    00000024     rom_sysbios.aem3 : rom_sysbios.obj (.text:xdc_runtime_System_vprintf__E)
                  0000a804    00000020     driverlib.lib : rfc.obj (.text:NOROM_RFCAdi3VcoLdoVoltageMode)
                  0000a824    00000020                   : rfc.obj (.text:NOROM_RFCDoorbellSendTo)
                  0000a844    00000020                   : setup_rom.obj (.text:NOROM_SetupGetTrimForXoscHfCtl)
                  0000a864    00000020     drivers_cc13xxware_instrumented.aem3 : PowerCC26XX.oem3 (.text:Power_unregisterNotify)
                  0000a884    00000020     rf_singleMode_cc13xxware_instrumented.aem3 : RFCC26XX_singleMode.oem3 (.text:allocCmd)
                  0000a8a4    00000020     radioSendReceive.obj (.text:returnRadioOperationStatus)
                  0000a8c4    00000020     rtsv7M3_T_le_eabi.lib : u_tofd_t2.obj (.text)
                  0000a8e4    00000020     cowtagOS_pem3.oem3 (.text:ti_sysbios_BIOS_rtsLock__I)
                  0000a904    00000020     rom_sysbios.aem3 : rom_sysbios.obj (.text:ti_sysbios_knl_Clock_stop__E)
                  0000a924    00000020                      : rom_sysbios.obj (.text:ti_sysbios_knl_Event_checkEvents__I)
                  0000a944    00000020                      : rom_sysbios.obj (.text:xdc_runtime_SysStd_abort__E)
                  0000a964    0000001e     drivers_cc13xxware_instrumented.aem3 : PINCC26XX.oem3 (.text:PIN_close)
                  0000a982    0000001e                                          : PowerCC26XX.oem3 (.text:Power_getTransitionLatency)
                  0000a9a0    0000001c     driverlib.lib : setup_rom.obj (.text:NOROM_SetupGetTrimForAmpcompTh2)
                  0000a9bc    0000001c                   : setup_rom.obj (.text:NOROM_SetupGetTrimForRcOscLfRtuneCtuneTrim)
                  0000a9d8    0000001c     drivers_cc13xxware_instrumented.aem3 : PINCC26XX.oem3 (.text:PINCC26XX_setIoCfgMux)
                  0000a9f4    0000001c                                          : PINCC26XX.oem3 (.text:PIN_hwi)
                  0000aa10    0000001c     smartrf_settings.obj (.text:enterGenfskCpePatch)
                  0000aa2c    0000001c     smartrf_settings_predefined.obj (.text:enterGenfskCpePatch)
                  0000aa48    0000001c     smartrf_settings_predefined.obj (.text:enterGenookCpePatch)
                  0000aa64    0000001c     smartrf_settings_predefined.obj (.text:enterLrmCpePatch)
                  0000aa80    0000001c     rom_sysbios.aem3 : rom_sysbios.obj (.text:ti_sysbios_family_arm_cc26xx_Timer_dynamicStub__E)
                  0000aa9c    0000001a     drivers_cc13xxware_instrumented.aem3 : List.oem3 (.text:List_remove)
                  0000aab6    0000001a     rom_sysbios.aem3 : rom_sysbios_config.obj (.text:xdc_runtime_System_printf__E)
                  0000aad0    00000018     driverlib.lib : aon_rtc.obj (.text:NOROM_AONRTCCurrentCompareValueGet)
                  0000aae8    00000018                   : chipinfo.obj (.text:NOROM_ChipInfo_GetPackageType)
                  0000ab00    00000018                   : osc.obj (.text:NOROM_OSCHF_TurnOnXosc)
                  0000ab18    00000018                   : rfc.obj (.text:NOROM_RFCCpeIntGetAndClear)
                  0000ab30    00000018                   : setup_rom.obj (.text:NOROM_SetupGetTrimForAdcShModeEn)
                  0000ab48    00000018                   : setup_rom.obj (.text:NOROM_SetupGetTrimForAdcShVbufEn)
                  0000ab60    00000018                   : setup_rom.obj (.text:NOROM_SetupGetTrimForAmpcompTh1)
                  0000ab78    00000018                   : setup_rom.obj (.text:NOROM_SetupGetTrimForDblrLoopFilterResetVoltage)
                  0000ab90    00000018                   : setup_rom.obj (.text:NOROM_SetupGetTrimForRcOscLfIBiasTrim)
                  0000aba8    00000018                   : setup_rom.obj (.text:NOROM_SetupGetTrimForXoscLfRegulatorAndCmirrwrRatio)
                  0000abc0    00000018     drivers_cc13xxware_instrumented.aem3 : PowerCC26XX.oem3 (.text:Power_idleFunc)
                  0000abd8    00000018     rf_singleMode_cc13xxware_instrumented.aem3 : RFCC26XX_singleMode.oem3 (.text:Q_pop)
                  0000abf0    00000018     drivers_cc13xxware_instrumented.aem3 : PowerCC26XX.oem3 (.text:configureRFCoreClocks)
                  0000ac08    00000018     cowtagOS_pem3.oem3 (.text:free)
                  0000ac20    00000018     rtsv7M3_T_le_eabi.lib : args_main.obj (.text)
                  0000ac38    00000018                           : ll_mul_t2.obj (.text)
                  0000ac50    00000018                           : strcmp.obj (.text)
                  0000ac68    00000018     rf_singleMode_cc13xxware_instrumented.aem3 : RFCC26XX_singleMode.oem3 (.text:swiFxnFsm)
                  0000ac80    00000018     cowtagOS_pem3.oem3 (.text:ti_sysbios_BIOS_rtsUnlock__I)
                  0000ac98    00000018     rom_sysbios.aem3 : rom_sysbios.obj (.text:ti_sysbios_knl_Swi_or__E)
                  0000acb0    00000018     cowtagOS_pem3.oem3 (.text:ti_sysbios_rom_cortexm_cc13xx_CC13xx_checkRevision__E)
                  0000acc8    00000016     driverlib.lib : chipinfo.obj (.text:NOROM_ThisCodeIsBuiltForCC13xxHwRev20AndLater_HaltIfViolated)
                  0000acde    00000016     rtsv7M3_T_le_eabi.lib : strchr.obj (.text)
                  0000acf4    00000016                           : strcpy.obj (.text)
                  0000ad0a    00000016     cowtagOS_pem3.oem3 (.text:ti_sysbios_BIOS_exitFunc__I)
                  0000ad20    00000016     EventManager.obj (.text:ti_sysbios_knl_Event_Params_init)
                  0000ad36    00000016     EasyLink.obj (.text:ti_sysbios_knl_Semaphore_Params_init)
                  0000ad4c    00000016     radioSendReceive.obj (.text:ti_sysbios_knl_Semaphore_Params_init)
                  0000ad62    00000016     alphaRadioTest.obj (.text:ti_sysbios_knl_Task_Params_init)
                  0000ad78    00000016     radioSendReceive.obj (.text:ti_sysbios_knl_Task_Params_init)
                  0000ad8e    00000002     cowtagOS_pem3.oem3 (.text:ti_sysbios_rom_cortexm_cc13xx_CC13xx_badRomRevision__E)
                  0000ad90    00000014     radioSendReceive.obj (.text:AlphaRadioTask_registerPacketReceivedCallback)
                  0000ada4    00000014     driverlib.lib : aon_rtc.obj (.text:NOROM_AONRTCCurrent64BitValueGet)
                  0000adb8    00000014     drivers_cc13xxware_instrumented.aem3 : PINCC26XX.oem3 (.text:PINCC26XX_getOutputValue)
                  0000adcc    00000014     rtsv7M3_T_le_eabi.lib : _lock.obj (.text)
                  0000ade0    00000014                           : strlen.obj (.text)
                  0000adf4    00000014     cowtagOS_pem3.oem3 (.text:ti_sysbios_knl_Clock_doTick__I)
                  0000ae08    00000014     rom_sysbios.aem3 : rom_sysbios.obj (.text:ti_sysbios_knl_Event_Instance_init__E)
                  0000ae1c    00000012     cowtagOS_pem3.oem3 (.text:xdc_runtime_Startup_exec__I)
                  0000ae2e    00000002     rom_sysbios.aem3 : rom_sysbios.obj (.text:xdc_runtime_SysCallback_defaultAbort)
                  0000ae30    00000010     rf_singleMode_cc13xxware_instrumented.aem3 : RFCC26XX_singleMode.oem3 (.text:FsmDispatch)
                  0000ae40    00000010     drivers_cc13xxware_instrumented.aem3 : I2C.oem3 (.text:I2C_Params_init)
                  0000ae50    00000010     driverlib.lib : rfc.obj (.text:NOROM_RFCRfTrimSet)
                  0000ae60    00000010                   : setup_rom.obj (.text:NOROM_SetupGetTrimForXoscHfFastStart)
                  0000ae70    00000010                   : setup_rom.obj (.text:NOROM_SetupGetTrimForXoscHfIbiastherm)
                  0000ae80    00000010     smartrf_settings.obj (.text:applyGenfskPatch)
                  0000ae90    00000010     smartrf_settings_predefined.obj (.text:applyGenfskPatch)
                  0000aea0    00000010     smartrf_settings_predefined.obj (.text:applyGenookPatch)
                  0000aeb0    00000010     smartrf_settings_predefined.obj (.text:applyLrmPatch)
                  0000aec0    00000010     drivers_cc13xxware_instrumented.aem3 : I2CCC26XX.oem3 (.text:i2cPostNotify)
                  0000aed0    00000010     rom_sysbios.aem3 : rom_sysbios.obj (.text:ti_sysbios_family_arm_m3_Hwi_post__E)
                  0000aee0    0000000e     driverlib.lib : vims.obj (.text:NOROM_VIMSModeGet)
                  0000aeee    0000000e     rtsv7M3_T_le_eabi.lib : copy_decompress_none.obj (.text:decompress:none)
                  0000aefc    0000000e     sensors.obj (.text:getTimestamp)
                  0000af0a    0000000e     rom_sysbios.aem3 : rom_sysbios.obj (.text:ti_sysbios_family_arm_cc26xx_TimestampProvider_get32__E)
                  0000af18    0000000c     rf_singleMode_cc13xxware_instrumented.aem3 : RFCC26XX_singleMode.oem3 (.text:FsmNextState)
                  0000af24    0000000c     driverlib.lib : cpu.obj (.text:NOROM_CPUcpsid)
                  0000af30    0000000c                   : cpu.obj (.text:NOROM_CPUcpsie)
                  0000af3c    0000000c     drivers_cc13xxware_instrumented.aem3 : PowerCC26XX.oem3 (.text:Power_getConstraintMask)
                  0000af48    0000000c     cowtagOS_pem3.oem3 (.text:ti_sysbios_knl_Event_Params__init__S)
                  0000af54    0000000c     EventManager.obj (.text:ti_sysbios_knl_Event_handle)
                  0000af60    0000000c     radioSendReceive.obj (.text:ti_sysbios_knl_Semaphore_handle)
                  0000af6c    0000000c     rom_sysbios.aem3 : rom_sysbios.obj (.text:ti_sysbios_knl_Swi_getTrigger__E)
                  0000af78    0000000c     cowtagOS_pem3.oem3 (.text:xdc_runtime_Startup_reset__I)
                  0000af84    0000000c     rom_sysbios.aem3 : rom_sysbios.obj (.text:xdc_runtime_Startup_rtsDone__E)
                  0000af90    0000000c                      : rom_sysbios.obj (.text:xdc_runtime_SysStd_exit__E)
                  0000af9c    0000000c                      : rom_sysbios.obj (.text:xdc_runtime_SysStd_flush__E)
                  0000afa8    0000000a     drivers_cc13xxware_instrumented.aem3 : I2CCC26XX.oem3 (.text:I2CCC26XX_init)
                  0000afb2    0000000a                                          : I2C.oem3 (.text:I2C_close)
                  0000afbc    0000000a                                          : I2C.oem3 (.text:I2C_transfer)
                  0000afc6    0000000a                                          : List.oem3 (.text:List_empty)
                  0000afd0    00000008     EventManager.obj (.text:getEventHandle)
                  0000afd8    00000008     smartrf_settings.obj (.text:rf_patch_cpe_genfsk)
                  0000afe0    00000008     smartrf_settings_predefined.obj (.text:rf_patch_cpe_genfsk)
                  0000afe8    00000008     smartrf_settings_predefined.obj (.text:rf_patch_cpe_genook)
                  0000aff0    00000008     smartrf_settings_predefined.obj (.text:rf_patch_cpe_lrm)
                  0000aff8    00000006     drivers_cc13xxware_instrumented.aem3 : I2CCC26XX.oem3 (.text:I2CCC26XX_control)
                  0000affe    00000006     driverlib.lib : cpu.obj (.text:NOROM_CPUdelay)
                  0000b004    00000006     rf_singleMode_cc13xxware_instrumented.aem3 : RFCC26XX_singleMode.oem3 (.text:clkInactivityFxn)
                  0000b00a    00000006     rtsv7M3_T_le_eabi.lib : copy_decompress_rle.obj (.text:decompress:rle24)
                  0000b010    00000006     rom_sysbios.aem3 : rom_sysbios.obj (.text:ti_sysbios_family_arm_m3_Hwi_setFunc__E)
                  0000b016    00000004     tirtosport.aem3 : HwiP_tirtos.oem3 (.text:HwiP_disable)
                  0000b01a    00000004     drivers_cc13xxware_instrumented.aem3 : List.oem3 (.text:List_head)
                  0000b01e    00000004                                          : List.oem3 (.text:List_next)
                  0000b022    00000004     rf_singleMode_cc13xxware_instrumented.aem3 : RFCC26XX_singleMode.oem3 (.text:Q_peek)
                  0000b026    00000004     drivers_cc13xxware_instrumented.aem3 : PowerCC26XX.oem3 (.text:nopResourceHandler)
                  0000b02a    00000004     rom_sysbios.aem3 : rom_sysbios.obj (.text:ti_sysbios_family_arm_cc26xx_Timer_getCount64__E)
                  0000b02e    00000004                      : rom_sysbios.obj (.text:xdc_runtime_SysStd_putch__E)
                  0000b032    00000004                      : rom_sysbios.obj (.text:xdc_runtime_SysStd_ready__E)
                  0000b036    00000004                      : rom_sysbios.obj (.text:xdc_runtime_System_printf_va__F)
                  0000b03a    00000002                      : rom_sysbios.obj (.text:xdc_runtime_SysCallback_defaultExit)
                  0000b03c    00000008     (.tramp.xdc_runtime_Core_assignParams__I.1)
                  0000b044    00000008     (.tramp.xdc_runtime_Startup_startMods__I.1)
                  0000b04c    00000008     (.tramp.ti_sysbios_knl_Queue_construct.1)
                  0000b054    00000008     (.tramp.ti_sysbios_knl_Clock_logTick__E.1)
                  0000b05c    00000008     (.tramp.ti_sysbios_knl_Task_Params__init__S.1)
                  0000b064    00000008     (.tramp.ti_sysbios_BIOS_RtsGateProxy_leave__E.1)
                  0000b06c    00000008     (.tramp.xdc_runtime_Memory_free__E.1)
                  0000b074    00000008     (.tramp.ti_sysbios_BIOS_RtsGateProxy_enter__E.1)
                  0000b07c    00000008     (.tramp.xdc_runtime_Core_constructObject__I.1)
                  0000b084    00000008     (.tramp.xdc_runtime_Memory_alloc__E.1)
                  0000b08c    00000008     (.tramp.ti_sysbios_knl_Task_startup__E.1)
                  0000b094    00000008     (.tramp.ti_sysbios_knl_Swi_startup__E.1)
                  0000b09c    00000008     (.tramp.ti_sysbios_hal_Hwi_startup__E.1)
                  0000b0a4    00000008     (.tramp.ti_sysbios_family_arm_cc26xx_Timer_startup__E.1)
                  0000b0ac    00000008     (.tramp.xdc_runtime_System_atexit__E.1)
                  0000b0b4    00000008     (.tramp.ti_sysbios_BIOS_setThreadType__E.1)
                  0000b0bc    00000008     (.tramp.xdc_runtime_System_exit__E.1)
                  0000b0c4    00000008     (.tramp.ti_sysbios_BIOS_getCpuFreq__E.1)
                  0000b0cc    00000008     (.tramp.ti_sysbios_knl_Task_unblockI__E.1)
                  0000b0d4    00000008     (.tramp.ti_sysbios_knl_Queue_remove__E.1)
                  0000b0dc    00000008     (.tramp.ti_sysbios_knl_Queue_head__E.1)
                  0000b0e4    00000008     (.tramp.ti_sysbios_knl_Queue_empty__E.1)
                  0000b0ec    00000008     (.tramp.ti_sysbios_knl_Clock_scheduleNextTick__E.1)
                  0000b0f4    00000008     (.tramp.ti_sysbios_knl_Clock_walkQueueDynamic__E.1)
                  0000b0fc    00000008     (.tramp.ti_sysbios_knl_Clock_TimerProxy_getCurrentTick__E.1)
                  0000b104    00000008     (.tramp.ti_sysbios_knl_Task_construct.1)
                  0000b10c    00000008     (.tramp.ti_sysbios_knl_Clock_removeI__E.1)
                  0000b114    00000008     (.tramp.ti_sysbios_knl_Clock_startI__E.1)
                  0000b11c    00000008     (.tramp.ti_sysbios_knl_Task_blockI__E.1)
                  0000b124    00000008     (.tramp.ti_sysbios_knl_Queue_enqueue__E.1)
                  0000b12c    00000008     (.tramp.ti_sysbios_knl_Task_self__E.1)
                  0000b134    00000008     (.tramp.ti_sysbios_knl_Clock_addI__E.1)
                  0000b13c    00000008     (.tramp.ti_sysbios_knl_Clock_construct.1)
                  0000b144    00000008     (.tramp.ti_sysbios_knl_Clock_Params__init__S.1)
                  0000b14c    00000008     (.tramp.ti_sysbios_family_arm_m3_Hwi_destruct.1)
                  0000b154    00000008     (.tramp.ti_sysbios_knl_Swi_destruct.1)
                  0000b15c    00000008     (.tramp.ti_sysbios_knl_Clock_destruct.1)
                  0000b164    00000008     (.tramp.ti_sysbios_knl_Semaphore_destruct.1)
                  0000b16c    00000008     (.tramp.xdc_runtime_System_abortSpin__E.1)
                  0000b174    00000008     (.tramp.ti_sysbios_BIOS_start__E.1)
                  0000b17c    00000008     (.tramp.xdc_runtime_Timestamp_get32__E.1)
                  0000b184    00000008     (.tramp.xdc_runtime_Timestamp_getFreq__E.1)
                  0000b18c    00000008     (.tramp.ti_sysbios_knl_Clock_getTicks__E.1)
                  0000b194    00000008     (.tramp.ti_sysbios_knl_Task_sleep__E.1)
                  0000b19c    00000008     (.tramp.ti_sysbios_knl_Semaphore_construct.1)
                  0000b1a4    00000008     (.tramp.ti_sysbios_knl_Semaphore_Params__init__S.1)
                  0000b1ac    00000008     (.tramp.ti_sysbios_knl_Swi_construct.1)
                  0000b1b4    00000008     (.tramp.ti_sysbios_knl_Swi_Params__init__S.1)
                  0000b1bc    00000008     (.tramp.ti_sysbios_family_arm_m3_Hwi_construct.1)
                  0000b1c4    00000008     (.tramp.ti_sysbios_family_arm_m3_Hwi_Params__init__S.1)
                  0000b1cc    00000008     (.tramp.xdc_runtime_Assert_raise__I.1)
                  0000b1d4    00000008     (.tramp.ti_sysbios_knl_Task_restore__E.1)
                  0000b1dc    00000008     (.tramp.ti_sysbios_knl_Swi_restore__E.1)
                  0000b1e4    00000008     (.tramp.ti_sysbios_knl_Swi_disable__E.1)
                  0000b1ec    00000008     (.tramp.ti_sysbios_knl_Task_disable__E.1)
                  0000b1f4    00000008     (.tramp.ti_sysbios_family_arm_m3_Hwi_enableInterrupt__E.1)
                  0000b1fc    00000008     (.tramp.ti_sysbios_family_arm_m3_Hwi_disableInterrupt__E.1)
                  0000b204    00000008     (.tramp.ti_sysbios_knl_Semaphore_create.1)
                  0000b20c    00000008     (.tramp.xdc_runtime_Error_init__E.1)
                  0000b214    00000008     (.tramp.ti_sysbios_knl_Semaphore_post__E.1)
                  0000b21c    00000008     (.tramp.ti_sysbios_knl_Semaphore_pend__E.1)
                  0000b224    00000008     (.tramp.ti_sysbios_knl_Clock_start__E.1)
                  0000b22c    00000008     (.tramp.ti_sysbios_knl_Clock_setTimeout__E.1)
                  0000b234    00000008     (.tramp.ti_sysbios_family_arm_m3_Hwi_restoreFxn__E.1)
                  0000b23c    00000008     (.tramp.ti_sysbios_family_arm_m3_Hwi_disableFxn__E.1)
                  0000b244    00000008     (.tramp.xdc_runtime_System_abort__E.1)
                  0000b24c    00000008     (.tramp.ti_sysbios_knl_Swi_post__E.1)

.const     0    0000b254    00003729     
                  0000b254    0000073c     smartrf_settings_predefined.obj (.const:patchGenookMce)
                  0000b990    000006b4     smartrf_settings.obj (.const:patchGenfskRfe)
                  0000c044    000006b4     smartrf_settings_predefined.obj (.const:patchGenfskRfe)
                  0000c6f8    000006b4     smartrf_settings_predefined.obj (.const:patchLrmRfe)
                  0000cdac    000006a4     smartrf_settings_predefined.obj (.const:patchGenookRfe)
                  0000d450    00000504     smartrf_settings_predefined.obj (.const:patchHsp4mbpsRfe)
                  0000d954    000003f0     smartrf_settings_predefined.obj (.const:patchHsp4mbpsMce)
                  0000dd44    0000028c     smartrf_settings.obj (.const:patchImageGenfsk)
                  0000dfd0    0000028c     smartrf_settings_predefined.obj (.const:patchImageGenfsk)
                  0000e25c    0000028c     smartrf_settings_predefined.obj (.const:patchImageGenook)
                  0000e4e8    0000028c     smartrf_settings_predefined.obj (.const:patchImageLrm)
                  0000e774    0000004c     drivers_cc13xxware_instrumented.aem3 : PowerCC26XX.oem3 (.const:resourceDB)
                  0000e7c0    00000048     cowtagOS_pem3.oem3 (.const:.string)
                  0000e808    0000002c     CC1310_LAUNCHXL.obj (.const:BoardGpioInitTable)
                  0000e834    00000024     cowtagOS_pem3.oem3 (.const:xdc_runtime_Startup_sfxnTab__A)
                  0000e858    00000020     drivers_cc13xxware_instrumented.aem3 : I2CCC26XX.oem3 (.const)
                  0000e878    00000020     cowtagOS_pem3.oem3 (.const:ti_sysbios_knl_Event_Object__DESC__C)
                  0000e898    00000018     CC1310_LAUNCHXL.obj (.const:I2C_config)
                  0000e8b0    00000018     CC1310_LAUNCHXL.obj (.const:i2cCC26xxHWAttrs)
                  0000e8c8    00000018     cowtagOS_pem3.oem3 (.const:ti_sysbios_knl_Event_Object__PARAMS__C)
                  0000e8e0    00000014     rf_singleMode_cc13xxware_instrumented.aem3 : RFCC26XX_singleMode.oem3 (.const)
                  0000e8f4    00000012     cowtagOS_pem3.oem3 (.const:xdc_runtime_Startup_sfxnRts__A)
                  0000e906    00000002     cowtagOS_pem3.oem3 (.const:xdc_runtime_Main_Module__loggerDefined__C)
                  0000e908    00000010     CC1310_LAUNCHXL.obj (.const:PowerCC26XX_config)
                  0000e918    00000010     drivers_cc13xxware_instrumented.aem3 : I2C.oem3 (.const)
                  0000e928    0000000c     cowtagOS_pem3.oem3 (.const:xdc_runtime_Startup_firstFxns__A)
                  0000e934    00000008     CC1310_LAUNCHXL.obj (.const:PINCC26XX_hwAttrs)
                  0000e93c    00000008     alphaMain.obj (.const)
                  0000e944    00000008     alphaRadioTest.obj (.const)
                  0000e94c    00000004     IIC.obj (.const)
                  0000e950    00000004     CC1310_LAUNCHXL.obj (.const:RFCC26XX_hwAttrs)
                  0000e954    00000004     radioSendReceive.obj (.const)
                  0000e958    00000004     sensors.obj (.const)
                  0000e95c    00000004     cowtagOS_pem3.oem3 (.const:ti_sysbios_knl_Clock_tickPeriod__C)
                  0000e960    00000004     cowtagOS_pem3.oem3 (.const:ti_sysbios_knl_Clock_triggerClock__C)
                  0000e964    00000004     cowtagOS_pem3.oem3 (.const:ti_sysbios_knl_Event_Instance_State_pendQ__O)
                  0000e968    00000004     cowtagOS_pem3.oem3 (.const:ti_sysbios_knl_Idle_funcList__A)
                  0000e96c    00000004     cowtagOS_pem3.oem3 (.const:xdc_runtime_Main_Module__loggerFxn2__C)
                  0000e970    00000004     cowtagOS_pem3.oem3 (.const:xdc_runtime_Main_Module__loggerFxn4__C)
                  0000e974    00000004     cowtagOS_pem3.oem3 (.const:xdc_runtime_Main_Module__loggerObj__C)
                  0000e978    00000004     cowtagOS_pem3.oem3 (.const:xdc_runtime_System_extendFxn__C)
                  0000e97c    00000001     cowtagOS_pem3.oem3 (.const:xdc_runtime_Text_charTab__A)

.init_array 
*          0    00000000    00000000     UNINITIALIZED

.resetVecs 
*          0    00000000    0000003c     
                  00000000    0000003c     cowtagOS_pem3.oem3 (.resetVecs)

.binit     0    00000000    00000000     

.const:ti_sysbios_knl_Task_Object__PARAMS__C 
*          0    00001000    0000003c     
                  00001000    0000003c     cowtagOS_pem3.oem3 (.const:ti_sysbios_knl_Task_Object__PARAMS__C)

.const:ti_sysbios_knl_Mailbox_Object__PARAMS__C 
*          0    0000103c    00000034     
                  0000103c    00000034     cowtagOS_pem3.oem3 (.const:ti_sysbios_knl_Mailbox_Object__PARAMS__C)

.const:ti_sysbios_family_arm_m3_Hwi_Object__PARAMS__C 
*          0    00001070    00000030     
                  00001070    00000030     cowtagOS_pem3.oem3 (.const:ti_sysbios_family_arm_m3_Hwi_Object__PARAMS__C)

.const:ti_sysbios_hal_Hwi_Object__PARAMS__C 
*          0    000010a0    0000002c     
                  000010a0    0000002c     cowtagOS_pem3.oem3 (.const:ti_sysbios_hal_Hwi_Object__PARAMS__C)

.const:ti_sysbios_heaps_HeapMem_Module__FXNS__C 
*          0    000010cc    00000028     
                  000010cc    00000028     cowtagOS_pem3.oem3 (.const:ti_sysbios_heaps_HeapMem_Module__FXNS__C)

.const:ti_sysbios_knl_Swi_Object__PARAMS__C 
*          0    000010f4    00000028     
                  000010f4    00000028     cowtagOS_pem3.oem3 (.const:ti_sysbios_knl_Swi_Object__PARAMS__C)

.const:ti_sysbios_gates_GateHwi_Module__FXNS__C 
*          0    0000111c    00000024     
                  0000111c    00000024     cowtagOS_pem3.oem3 (.const:ti_sysbios_gates_GateHwi_Module__FXNS__C)

.const:ti_sysbios_gates_GateMutex_Module__FXNS__C 
*          0    00001140    00000024     
                  00001140    00000024     cowtagOS_pem3.oem3 (.const:ti_sysbios_gates_GateMutex_Module__FXNS__C)

.const:ti_sysbios_heaps_HeapMem_Object__PARAMS__C 
*          0    00001164    00000024     
                  00001164    00000024     cowtagOS_pem3.oem3 (.const:ti_sysbios_heaps_HeapMem_Object__PARAMS__C)

.const:ti_sysbios_knl_Clock_Object__PARAMS__C 
*          0    00001188    00000024     
                  00001188    00000024     cowtagOS_pem3.oem3 (.const:ti_sysbios_knl_Clock_Object__PARAMS__C)

.const:ti_sysbios_knl_Semaphore_Object__PARAMS__C 
*          0    000011ac    00000024     
                  000011ac    00000024     cowtagOS_pem3.oem3 (.const:ti_sysbios_knl_Semaphore_Object__PARAMS__C)

.const:ti_sysbios_family_arm_m3_Hwi_Object__DESC__C 
*          0    000011d0    00000020     
                  000011d0    00000020     cowtagOS_pem3.oem3 (.const:ti_sysbios_family_arm_m3_Hwi_Object__DESC__C)

.const:ti_sysbios_gates_GateHwi_Object__DESC__C 
*          0    000011f0    00000020     
                  000011f0    00000020     cowtagOS_pem3.oem3 (.const:ti_sysbios_gates_GateHwi_Object__DESC__C)

.const:ti_sysbios_gates_GateMutex_Object__DESC__C 
*          0    00001210    00000020     
                  00001210    00000020     cowtagOS_pem3.oem3 (.const:ti_sysbios_gates_GateMutex_Object__DESC__C)

.const:ti_sysbios_hal_Hwi_Object__DESC__C 
*          0    00001230    00000020     
                  00001230    00000020     cowtagOS_pem3.oem3 (.const:ti_sysbios_hal_Hwi_Object__DESC__C)

.const:ti_sysbios_heaps_HeapMem_Object__DESC__C 
*          0    00001250    00000020     
                  00001250    00000020     cowtagOS_pem3.oem3 (.const:ti_sysbios_heaps_HeapMem_Object__DESC__C)

.const:ti_sysbios_knl_Clock_Object__DESC__C 
*          0    00001270    00000020     
                  00001270    00000020     cowtagOS_pem3.oem3 (.const:ti_sysbios_knl_Clock_Object__DESC__C)

.const:ti_sysbios_knl_Mailbox_Object__DESC__C 
*          0    00001290    00000020     
                  00001290    00000020     cowtagOS_pem3.oem3 (.const:ti_sysbios_knl_Mailbox_Object__DESC__C)

.const:ti_sysbios_knl_Queue_Object__DESC__C 
*          0    000012b0    00000020     
                  000012b0    00000020     cowtagOS_pem3.oem3 (.const:ti_sysbios_knl_Queue_Object__DESC__C)

.const:ti_sysbios_knl_Semaphore_Object__DESC__C 
*          0    000012d0    00000020     
                  000012d0    00000020     cowtagOS_pem3.oem3 (.const:ti_sysbios_knl_Semaphore_Object__DESC__C)

.const:ti_sysbios_knl_Swi_Object__DESC__C 
*          0    000012f0    00000020     
                  000012f0    00000020     cowtagOS_pem3.oem3 (.const:ti_sysbios_knl_Swi_Object__DESC__C)

.const:ti_sysbios_knl_Task_Object__DESC__C 
*          0    00001310    00000020     
                  00001310    00000020     cowtagOS_pem3.oem3 (.const:ti_sysbios_knl_Task_Object__DESC__C)

.const:ti_sysbios_gates_GateHwi_Object__PARAMS__C 
*          0    00001330    00000018     
                  00001330    00000018     cowtagOS_pem3.oem3 (.const:ti_sysbios_gates_GateHwi_Object__PARAMS__C)

.const:ti_sysbios_gates_GateMutex_Object__PARAMS__C 
*          0    00001348    00000018     
                  00001348    00000018     cowtagOS_pem3.oem3 (.const:ti_sysbios_gates_GateMutex_Object__PARAMS__C)

.const:ti_sysbios_knl_Queue_Object__PARAMS__C 
*          0    00001360    00000018     
                  00001360    00000018     cowtagOS_pem3.oem3 (.const:ti_sysbios_knl_Queue_Object__PARAMS__C)

.const:ti_sysbios_knl_Idle_funcList__C 
*          0    00001378    00000008     
                  00001378    00000008     cowtagOS_pem3.oem3 (.const:ti_sysbios_knl_Idle_funcList__C)

.const:ti_sysbios_family_arm_cc26xx_Timer_startupNeeded__C 
*          0    00001384    00000004     
                  00001384    00000004     cowtagOS_pem3.oem3 (.const:ti_sysbios_family_arm_cc26xx_Timer_startupNeeded__C)

.const:ti_sysbios_family_arm_m3_Hwi_E_alreadyDefined__C 
*          0    00001388    00000004     
                  00001388    00000004     cowtagOS_pem3.oem3 (.const:ti_sysbios_family_arm_m3_Hwi_E_alreadyDefined__C)

.const:ti_sysbios_family_arm_m3_Hwi_E_hwiLimitExceeded__C 
*          0    0000138c    00000004     
                  0000138c    00000004     cowtagOS_pem3.oem3 (.const:ti_sysbios_family_arm_m3_Hwi_E_hwiLimitExceeded__C)

.const:ti_sysbios_family_arm_m3_Hwi_NUM_INTERRUPTS__C 
*          0    00001390    00000004     
                  00001390    00000004     cowtagOS_pem3.oem3 (.const:ti_sysbios_family_arm_m3_Hwi_NUM_INTERRUPTS__C)

.const:ti_sysbios_family_arm_m3_Hwi_Object__count__C 
*          0    00001394    00000004     
                  00001394    00000004     cowtagOS_pem3.oem3 (.const:ti_sysbios_family_arm_m3_Hwi_Object__count__C)

.const:ti_sysbios_family_arm_m3_Hwi_Object__table__C 
*          0    00001398    00000004     
                  00001398    00000004     cowtagOS_pem3.oem3 (.const:ti_sysbios_family_arm_m3_Hwi_Object__table__C)

.const:ti_sysbios_family_arm_m3_Hwi_ccr__C 
*          0    0000139c    00000004     
                  0000139c    00000004     cowtagOS_pem3.oem3 (.const:ti_sysbios_family_arm_m3_Hwi_ccr__C)

.const:ti_sysbios_family_arm_m3_Hwi_excHandlerFunc__C 
*          0    000013a0    00000004     
                  000013a0    00000004     cowtagOS_pem3.oem3 (.const:ti_sysbios_family_arm_m3_Hwi_excHandlerFunc__C)

.const:ti_sysbios_family_arm_m3_Hwi_nullIsrFunc__C 
*          0    000013a4    00000004     
                  000013a4    00000004     cowtagOS_pem3.oem3 (.const:ti_sysbios_family_arm_m3_Hwi_nullIsrFunc__C)

.const:ti_sysbios_family_arm_m3_Hwi_numSparseInterrupts__C 
*          0    000013a8    00000004     
                  000013a8    00000004     cowtagOS_pem3.oem3 (.const:ti_sysbios_family_arm_m3_Hwi_numSparseInterrupts__C)

.const:ti_sysbios_family_arm_m3_Hwi_priGroup__C 
*          0    000013ac    00000004     
                  000013ac    00000004     cowtagOS_pem3.oem3 (.const:ti_sysbios_family_arm_m3_Hwi_priGroup__C)

.const:ti_sysbios_family_arm_m3_TaskSupport_stackAlignment__C 
*          0    000013b0    00000004     
                  000013b0    00000004     cowtagOS_pem3.oem3 (.const:ti_sysbios_family_arm_m3_TaskSupport_stackAlignment__C)

.const:ti_sysbios_heaps_HeapMem_E_memory__C 
*          0    000013b4    00000004     
                  000013b4    00000004     cowtagOS_pem3.oem3 (.const:ti_sysbios_heaps_HeapMem_E_memory__C)

.const:ti_sysbios_heaps_HeapMem_Module__gateObj__C 
*          0    000013b8    00000004     
                  000013b8    00000004     cowtagOS_pem3.oem3 (.const:ti_sysbios_heaps_HeapMem_Module__gateObj__C)

.const:ti_sysbios_heaps_HeapMem_Object__count__C 
*          0    000013bc    00000004     
                  000013bc    00000004     cowtagOS_pem3.oem3 (.const:ti_sysbios_heaps_HeapMem_Object__count__C)

.const:ti_sysbios_heaps_HeapMem_Object__table__C 
*          0    000013c0    00000004     
                  000013c0    00000004     cowtagOS_pem3.oem3 (.const:ti_sysbios_heaps_HeapMem_Object__table__C)

.const:ti_sysbios_heaps_HeapMem_reqAlign__C 
*          0    000013c4    00000004     
                  000013c4    00000004     cowtagOS_pem3.oem3 (.const:ti_sysbios_heaps_HeapMem_reqAlign__C)

.const:ti_sysbios_knl_Clock_serviceMargin__C 
*          0    000013c8    00000004     
                  000013c8    00000004     cowtagOS_pem3.oem3 (.const:ti_sysbios_knl_Clock_serviceMargin__C)

.const:ti_sysbios_knl_Mailbox_Object__count__C 
*          0    000013cc    00000004     
                  000013cc    00000004     cowtagOS_pem3.oem3 (.const:ti_sysbios_knl_Mailbox_Object__count__C)

.const:ti_sysbios_knl_Mailbox_Object__table__C 
*          0    000013d0    00000004     
                  000013d0    00000004     cowtagOS_pem3.oem3 (.const:ti_sysbios_knl_Mailbox_Object__table__C)

.const:ti_sysbios_knl_Mailbox_maxTypeAlign__C 
*          0    000013d4    00000004     
                  000013d4    00000004     cowtagOS_pem3.oem3 (.const:ti_sysbios_knl_Mailbox_maxTypeAlign__C)

.const:ti_sysbios_knl_Queue_Object__count__C 
*          0    000013d8    00000004     
                  000013d8    00000004     cowtagOS_pem3.oem3 (.const:ti_sysbios_knl_Queue_Object__count__C)

.const:ti_sysbios_knl_Queue_Object__table__C 
*          0    000013dc    00000004     
                  000013dc    00000004     cowtagOS_pem3.oem3 (.const:ti_sysbios_knl_Queue_Object__table__C)

.const:ti_sysbios_knl_Swi_Object__count__C 
*          0    000013e0    00000004     
                  000013e0    00000004     cowtagOS_pem3.oem3 (.const:ti_sysbios_knl_Swi_Object__count__C)

.const:ti_sysbios_knl_Swi_Object__table__C 
*          0    000013e4    00000004     
                  000013e4    00000004     cowtagOS_pem3.oem3 (.const:ti_sysbios_knl_Swi_Object__table__C)

.const:ti_sysbios_knl_Swi_numPriorities__C 
*          0    000013e8    00000004     
                  000013e8    00000004     cowtagOS_pem3.oem3 (.const:ti_sysbios_knl_Swi_numPriorities__C)

.const:ti_sysbios_knl_Task_Object__count__C 
*          0    000013ec    00000004     
                  000013ec    00000004     cowtagOS_pem3.oem3 (.const:ti_sysbios_knl_Task_Object__count__C)

.const:ti_sysbios_knl_Task_Object__table__C 
*          0    000013f0    00000004     
                  000013f0    00000004     cowtagOS_pem3.oem3 (.const:ti_sysbios_knl_Task_Object__table__C)

.const:ti_sysbios_knl_Task_allBlockedFunc__C 
*          0    000013f4    00000004     
                  000013f4    00000004     cowtagOS_pem3.oem3 (.const:ti_sysbios_knl_Task_allBlockedFunc__C)

.const:ti_sysbios_knl_Task_defaultStackHeap__C 
*          0    000013f8    00000004     
                  000013f8    00000004     cowtagOS_pem3.oem3 (.const:ti_sysbios_knl_Task_defaultStackHeap__C)

.const:ti_sysbios_knl_Task_defaultStackSize__C 
*          0    000013fc    00000004     
                  000013fc    00000004     cowtagOS_pem3.oem3 (.const:ti_sysbios_knl_Task_defaultStackSize__C)

.const:ti_sysbios_knl_Task_numConstructedTasks__C 
*          0    00001400    00000004     
                  00001400    00000004     cowtagOS_pem3.oem3 (.const:ti_sysbios_knl_Task_numConstructedTasks__C)

.const:ti_sysbios_family_arm_cc26xx_Timer_Module__id__C 
*          0    00001406    00000002     
                  00001406    00000002     cowtagOS_pem3.oem3 (.const:ti_sysbios_family_arm_cc26xx_Timer_Module__id__C)

.const:ti_sysbios_family_arm_cc26xx_TimestampProvider_useClockTimer__C 
*          0    00001408    00000002     
                  00001408    00000002     cowtagOS_pem3.oem3 (.const:ti_sysbios_family_arm_cc26xx_TimestampProvider_useClockTimer__C)

.const:ti_sysbios_family_arm_m3_Hwi_Module__id__C 
*          0    0000140a    00000002     
                  0000140a    00000002     cowtagOS_pem3.oem3 (.const:ti_sysbios_family_arm_m3_Hwi_Module__id__C)

.const:ti_sysbios_gates_GateHwi_Module__id__C 
*          0    0000140c    00000002     
                  0000140c    00000002     cowtagOS_pem3.oem3 (.const:ti_sysbios_gates_GateHwi_Module__id__C)

.const:ti_sysbios_gates_GateMutex_Module__id__C 
*          0    0000140e    00000002     
                  0000140e    00000002     cowtagOS_pem3.oem3 (.const:ti_sysbios_gates_GateMutex_Module__id__C)

.const:ti_sysbios_heaps_HeapMem_Module__id__C 
*          0    00001410    00000002     
                  00001410    00000002     cowtagOS_pem3.oem3 (.const:ti_sysbios_heaps_HeapMem_Module__id__C)

.const:ti_sysbios_knl_Task_initStackFlag__C 
*          0    00001412    00000002     
                  00001412    00000002     cowtagOS_pem3.oem3 (.const:ti_sysbios_knl_Task_initStackFlag__C)

.const:ti_sysbios_knl_Clock_tickMode__C 
*          0    00001414    00000001     
                  00001414    00000001     cowtagOS_pem3.oem3 (.const:ti_sysbios_knl_Clock_tickMode__C)

.const:xdc_runtime_Startup_firstFxns__C 
*          0    00001418    00000008     
                  00001418    00000008     cowtagOS_pem3.oem3 (.const:xdc_runtime_Startup_firstFxns__C)

.const:xdc_runtime_Startup_lastFxns__C 
*          0    00001420    00000008     
                  00001420    00000008     cowtagOS_pem3.oem3 (.const:xdc_runtime_Startup_lastFxns__C)

.const:xdc_runtime_Assert_E_assertFailed__C 
*          0    00001428    00000004     
                  00001428    00000004     cowtagOS_pem3.oem3 (.const:xdc_runtime_Assert_E_assertFailed__C)

.const:xdc_runtime_Error_E_memory__C 
*          0    0000142c    00000004     
                  0000142c    00000004     cowtagOS_pem3.oem3 (.const:xdc_runtime_Error_E_memory__C)

.const:xdc_runtime_Error_policyFxn__C 
*          0    00001430    00000004     
                  00001430    00000004     cowtagOS_pem3.oem3 (.const:xdc_runtime_Error_policyFxn__C)

.const:xdc_runtime_IGateProvider_Interface__BASE__C 
*          0    00001434    00000004     
                  00001434    00000004     cowtagOS_pem3.oem3 (.const:xdc_runtime_IGateProvider_Interface__BASE__C)

.const:xdc_runtime_IHeap_Interface__BASE__C 
*          0    00001438    00000004     
                  00001438    00000004     cowtagOS_pem3.oem3 (.const:xdc_runtime_IHeap_Interface__BASE__C)

.const:xdc_runtime_IModule_Interface__BASE__C 
*          0    0000143c    00000004     
                  0000143c    00000004     cowtagOS_pem3.oem3 (.const:xdc_runtime_IModule_Interface__BASE__C)

.const:xdc_runtime_Main_Module__diagsEnabled__C 
*          0    00001440    00000004     
                  00001440    00000004     cowtagOS_pem3.oem3 (.const:xdc_runtime_Main_Module__diagsEnabled__C)

.const:xdc_runtime_Main_Module__diagsIncluded__C 
*          0    00001444    00000004     
                  00001444    00000004     cowtagOS_pem3.oem3 (.const:xdc_runtime_Main_Module__diagsIncluded__C)

.const:xdc_runtime_Main_Module__diagsMask__C 
*          0    00001448    00000004     
                  00001448    00000004     cowtagOS_pem3.oem3 (.const:xdc_runtime_Main_Module__diagsMask__C)

.const:xdc_runtime_Memory_defaultHeapInstance__C 
*          0    0000144c    00000004     
                  0000144c    00000004     cowtagOS_pem3.oem3 (.const:xdc_runtime_Memory_defaultHeapInstance__C)

.const:xdc_runtime_Startup_execImpl__C 
*          0    00001450    00000004     
                  00001450    00000004     cowtagOS_pem3.oem3 (.const:xdc_runtime_Startup_execImpl__C)

.const:xdc_runtime_Startup_maxPasses__C 
*          0    00001454    00000004     
                  00001454    00000004     cowtagOS_pem3.oem3 (.const:xdc_runtime_Startup_maxPasses__C)

.const:xdc_runtime_Startup_sfxnRts__C 
*          0    00001458    00000004     
                  00001458    00000004     cowtagOS_pem3.oem3 (.const:xdc_runtime_Startup_sfxnRts__C)

.const:xdc_runtime_Startup_sfxnTab__C 
*          0    0000145c    00000004     
                  0000145c    00000004     cowtagOS_pem3.oem3 (.const:xdc_runtime_Startup_sfxnTab__C)

.const:xdc_runtime_Startup_startModsFxn__C 
*          0    00001460    00000004     
                  00001460    00000004     cowtagOS_pem3.oem3 (.const:xdc_runtime_Startup_startModsFxn__C)

.const:xdc_runtime_SysCallback_abortFxn__C 
*          0    00001464    00000004     
                  00001464    00000004     cowtagOS_pem3.oem3 (.const:xdc_runtime_SysCallback_abortFxn__C)

.const:xdc_runtime_SysCallback_exitFxn__C 
*          0    00001468    00000004     
                  00001468    00000004     cowtagOS_pem3.oem3 (.const:xdc_runtime_SysCallback_exitFxn__C)

.const:xdc_runtime_System_abortFxn__C 
*          0    0000146c    00000004     
[...]
1001c28d  ti_sysbios_hal_Hwi_HwiProxy_switchFromBootStack__E                        
1001c291  ti_sysbios_hal_Hwi_delete                                                 
1001c295  ti_sysbios_hal_Hwi_switchFromBootStack__E                                 
1001c299  ti_sysbios_heaps_HeapMem_Module_GateProxy_enter__E                        
1001c29d  ti_sysbios_heaps_HeapMem_Module_GateProxy_leave__E                        
1001c2a1  ti_sysbios_heaps_HeapMem_isBlocking__E                                    
1001c2a5  ti_sysbios_knl_Clock_TimerProxy_Module__startupDone__S                    
1001c2a9  ti_sysbios_knl_Clock_TimerProxy_getExpiredTicks__E                        
1001c2ad  ti_sysbios_knl_Clock_TimerProxy_getPeriod__E                              
1001c2b1  ti_sysbios_knl_Clock_delete                                               
1001c2b5  ti_sysbios_knl_Clock_destruct                                             
1001c2b9  ti_sysbios_knl_Clock_removeI__E                                           
1001c2bd  ti_sysbios_knl_Clock_setTimeout__E                                        
1001c2c1  ti_sysbios_knl_Mailbox_delete                                             
1001c2c5  ti_sysbios_knl_Mailbox_destruct                                           
1001c2c9  ti_sysbios_knl_Queue_delete                                               
1001c2cd  ti_sysbios_knl_Queue_destruct                                             
1001c2d1  ti_sysbios_knl_Queue_head__E                                              
1001c2d5  ti_sysbios_knl_Queue_next__E                                              
1001c2d9  ti_sysbios_knl_Semaphore_delete                                           
1001c2dd  ti_sysbios_knl_Semaphore_destruct                                         
1001c2e1  ti_sysbios_knl_Swi_delete                                                 
1001c2e5  ti_sysbios_knl_Swi_destruct                                               
1001c2e9  ti_sysbios_knl_Swi_postInit__I                                            
1001c2ed  ti_sysbios_knl_Task_SupportProxy_Module__startupDone__S                   
1001c2f1  ti_sysbios_knl_Task_SupportProxy_getStackAlignment__E                     
1001c2f5  ti_sysbios_knl_Task_SupportProxy_start__E                                 
1001c2f9  ti_sysbios_knl_Task_SupportProxy_swap__E                                  
1001c2fd  ti_sysbios_knl_Task_delete                                                
1001c301  ti_sysbios_knl_Task_destruct                                              
1001c305  ti_sysbios_knl_Task_startup__E                                            
1001c309  xdc_runtime_Startup_startMods__I                                          
1001c401  xdc_runtime_Core_createObject__I                                          
1001c483  xdc_runtime_Error_policySpin__E                                           
1001c485  xdc_runtime_Memory_alloc__E                                               
1001c4f5  xdc_runtime_Core_deleteObject__I                                          
1001c555  xdc_runtime_Startup_exec__E                                               
1001c5a5  xdc_runtime_Assert_raise__I                                               
1001c5ed  xdc_runtime_Core_assignParams__I                                          
1001c635  xdc_runtime_Core_constructObject__I                                       
1001c67d  xdc_runtime_System_atexit__E                                              
1001c6b5  xdc_runtime_System_processAtExit__E                                       
1001c6e9  xdc_runtime_Core_assignLabel__I                                           
1001c719  xdc_runtime_Text_cordText__E                                              
1001c745  xdc_runtime_System_abort__E                                               
1001c765  xdc_runtime_Error_raiseX__E                                               
1001c781  xdc_runtime_Memory_valloc__E                                              
1001c79d  xdc_runtime_Core_destructObject__I                                        
1001c7b5  xdc_runtime_Error_check__E                                                
1001c7cd  xdc_runtime_System_exit__E                                                
1001c7e5  xdc_runtime_Text_ropeText__E                                              
1001c7fd  xdc_runtime_Memory_free__E                                                
1001c80d  xdc_runtime_SysCallback_abort__E                                          
1001c81d  xdc_runtime_SysCallback_exit__E                                           
1001c82d  xdc_runtime_Timestamp_SupportProxy_get32__E                               
1001c82d  xdc_runtime_Timestamp_get32__E                                            
1001c83d  xdc_runtime_Error_init__E                                                 
1001c849  xdc_runtime_Memory_calloc__E                                              
1001c855  xdc_runtime_Memory_getMaxDefaultTypeAlign__E                              
1001c875  xdc_runtime_Gate_leaveSystem__E                                           
1001c87b  xdc_runtime_System_Module_startup__E                                      
1001c881  xdc_runtime_Gate_enterSystem__E                                           
1001c885  xdc_runtime_Memory_HeapProxy_alloc__E                                     
1001c889  xdc_runtime_Memory_HeapProxy_free__E                                      
1001c88d  xdc_runtime_System_Module_GateProxy_enter__E                              
1001c891  xdc_runtime_System_Module_GateProxy_leave__E                              
1001c895  xdc_runtime_System_abortSpin__E                                           
1001c897  xdc_runtime_System_exitSpin__E                                            
1001c899  ti_sysbios_family_arm_m3_Hwi_dispatch__I                                  
1001c969  ti_sysbios_family_arm_m3_TaskSupport_buildTaskStack                       
1001c9b5  ti_sysbios_family_arm_m3_Hwi_initStacks__E                                
1001c9fd  ti_sysbios_family_arm_m3_Hwi_excHandlerAsm__I                             
1001ca1d  ti_sysbios_family_xxx_Hwi_switchAndRunFunc                                
1001ca3b  ti_sysbios_family_arm_m3_Hwi_pendSV__I                                    
1001ca53  ti_sysbios_family_arm_m3_Hwi_return                                       
1001ca55  ti_sysbios_family_arm_m3_TaskSupport_glue                                 
1001ca65  ti_sysbios_family_arm_m3_TaskSupport_swap__E                              
1001ca6d  ti_sysbios_knl_Task_swapReturn                                            
1001ca97  ti_sysbios_rom_cortexm_cc13xx_CC13xx_getRevision__E                       
20000000  ti_sysbios_family_arm_m3_Hwi_ramVectors                                   
20000100  ti_sysbios_knl_Task_Module__state__V                                      
20000144  ti_sysbios_family_arm_m3_Hwi_Module__state__V                             
20000178  ti_sysbios_knl_Clock_Module__state__V                                     
200001a4  ti_sysbios_BIOS_Module__state__V                                          
200001c8  ti_sysbios_knl_Swi_Module__state__V                                       
200001e4  ti_sysbios_family_arm_cc26xx_Timer_Module__state__V                       
200001ec  ti_sysbios_family_arm_cc26xx_TimestampProvider_Module__state__V           
200001f0  xdc_runtime_Startup_Module__state__V                                      
200001f8  xdc_runtime_System_Module__state__V                                       
20000200  xdc_runtime_Memory_Module__state__V                                       
20000a08  ti_sysbios_heaps_HeapMem_Instance_State_0_buf__A                          
20000e08  ti_sysbios_knl_Task_Instance_State_0_stack__A                             
20001008  __CIOBUF_                                                                 
20001228  i2cCC26xxObjects                                                          
20001308  ti_sysbios_family_arm_m3_Hwi_dispatchTable                                
20001490  __TI_tmpnams                                                              
20001818  PIN_HandleTable                                                           
20001894  alphaRadioTask                                                            
200018e4  alphaRadioTestTask                                                        
20001b54  radioAccessSem                                                            
20001b70  radioResultSem                                                            
20001b8c  sendReceiveSem                                                            
20001cb8  radioOperationEvent                                                       
20001cf8  ledPinState                                                               
20001d24  PIN_NumPins                                                               
20001d30  ledPinHandle                                                              
20001d4f  driverlib_release_0_47020                                                 
20001d58  PowerCC26XX_module                                                        
20001e68  _ftable                                                                   
20002028  pOverrides_hsm                                                            
20002088  pOverrides_lrm                                                            
200020e4  pOverrides_ook                                                            
20002198  pOverrides_fsk                                                            
200021f0  ti_sysbios_knl_Task_Object__table__V                                      
20002240  ti_sysbios_family_arm_cc26xx_Timer_Object__table__V                       
20002288  RF_pProp_fsk                                                              
2000228c  RF_pProp_lrm                                                              
20002290  RF_pProp_ook                                                              
20002294  RF_pProp_hsm                                                              
20002298  RF_pProp_2_4G_fsk                                                         
2000229c  RF_pCmdPropRadioDivSetup_fsk                                              
200022a0  RF_pCmdPropRadioDivSetup_lrm                                              
200022a4  RF_pCmdPropRadioDivSetup_ook                                              
200022a8  RF_pCmdRadioSetup_hsm                                                     
200022ac  RF_pCmdPropRadioSetup_2_4G_fsk                                            
200022b0  RF_pCmdTxHS                                                               
200022b4  RF_pCmdRxHS                                                               
200022b8  RF_pCmdFs_preDef                                                          
200022bc  RF_pCmdPropTx_preDef                                                      
200022c0  RF_pCmdPropRxAdv_preDef                                                   
200022c4  ti_sysbios_gates_GateMutex_Object__table__V                               
200022fc  RF_cmdPropRxAdv_preDef                                                    
2000232c  ti_sysbios_knl_Swi_Module_State_0_readyQ__A                               
2000235c  ti_sysbios_knl_Swi_Object__table__V                                       
2000238c  RF_cmdPropRadioDivSetup                                                   
200023b4  RF_cmdPropRadioDivSetup_fsk                                               
200023dc  RF_cmdPropRadioDivSetup_lrm                                               
20002404  RF_cmdPropRadioDivSetup_ook                                               
2000242c  RF_cmdRxHS                                                                
20002450  ti_sysbios_knl_Clock_Object__table__V                                     
20002470  ti_sysbios_knl_Task_Module_State_0_readyQ__A                              
200024ac  RF_cmdFs                                                                  
200024c4  RF_cmdFs_preDef                                                           
200024dc  RF_cmdPropTx                                                              
200024f4  RF_cmdPropTx_preDef                                                       
2000250c  RF_cmdRadioSetup_hsm                                                      
2000253c  shapeovr                                                                  
20002554  ti_sysbios_family_arm_m3_Hwi_Object__table__V                             
2000256c  ti_sysbios_heaps_HeapMem_Object__table__V                                 
20002584  RF_cmdTxHS                                                                
20002598  RF_prop                                                                   
200025a8  RF_prop_fsk                                                               
200025b8  RF_prop_hsm                                                               
200025c8  RF_prop_lrm                                                               
200025d8  RF_prop_ook                                                               
200025e8  hourSleepTicks                                                            
200025f0  minuteSleepTicks                                                          
20002608  __TI_ft_end                                                               
2000260c  __aeabi_stdin                                                             
20002610  __aeabi_stdout                                                            
20002614  __aeabi_stderr                                                            
20002628  __TI_cleanup_ptr                                                          
2000262c  __TI_dtors_ptr                                                            
20002630  __TI_enable_exit_profile_output                                           
20002634  _lock                                                                     
20002638  _unlock                                                                   
2000263c  ti_sysbios_family_arm_m3_Hwi_Module__root__V                              
20002644  ti_sysbios_gates_GateHwi_Module__root__V                                  
2000264c  ti_sysbios_gates_GateMutex_Module__root__V                                
20002654  ti_sysbios_hal_Hwi_Module__root__V                                        
2000265c  ti_sysbios_heaps_HeapMem_Module__root__V                                  
20002664  ti_sysbios_knl_Clock_Module__root__V                                      
2000266c  ti_sysbios_knl_Event_Module__root__V                                      
20002674  ti_sysbios_knl_Mailbox_Module__root__V                                    
2000267c  ti_sysbios_knl_Queue_Module__root__V                                      
20002684  ti_sysbios_knl_Semaphore_Module__root__V                                  
2000268c  ti_sysbios_knl_Swi_Module__root__V                                        
20002694  ti_sysbios_knl_Task_Module__root__V                                       
200026a0  main_func_sp                                                              
200026a4  ti_sysbios_family_arm_m3_Hwi_Module_State_0_excContext__A                 
200026a8  ti_sysbios_family_arm_m3_Hwi_Module_State_0_excStack__A                   
200026ac  ti_sysbios_knl_Task_Module_State_0_idleTask__A                            
200026b0  ti_sysbios_family_arm_m3_Hwi_Module_State_0_excActive__A                  
20004d00  __stack                                                                   
20005000  __STACK_END                                                               
e000e000  ti_sysbios_family_arm_m3_Hwi_nvic                                         
ffffffff  __TI_pprof_out_hndl                                                       
ffffffff  __TI_prof_data_size                                                       
ffffffff  __TI_prof_data_start                                                      
ffffffff  __binit__                                                                 
ffffffff  __c_args__                                                                
ffffffff  binit                                                                     
UNDEFED   HwiP_restore                                                              
UNDEFED   SHT$$INIT_ARRAY$$Base                                                     
UNDEFED   SHT$$INIT_ARRAY$$Limit                                                    
UNDEFED   ti_sysbios_BIOS_RtsGateProxy_Handle__label__S__mangled__                  
UNDEFED   ti_sysbios_BIOS_RtsGateProxy_Object__delete__S__mangled__                 
UNDEFED   ti_sysbios_BIOS_RtsGateProxy_Params__init__S__mangled__                   
UNDEFED   ti_sysbios_BIOS_RtsGateProxy_query__E__mangled__                          
UNDEFED   ti_sysbios_hal_Hwi_HwiProxy_Module__startupDone__S__mangled__             
UNDEFED   ti_sysbios_hal_Hwi_HwiProxy_Object__delete__S__mangled__                  
UNDEFED   ti_sysbios_hal_Hwi_HwiProxy_Params__init__S__mangled__                    
UNDEFED   ti_sysbios_hal_Hwi_HwiProxy_disableInterrupt__E__mangled__                
UNDEFED   ti_sysbios_hal_Hwi_HwiProxy_enableInterrupt__E__mangled__                 
UNDEFED   ti_sysbios_hal_Hwi_HwiProxy_getStackInfo__E__mangled__                    
UNDEFED   ti_sysbios_hal_Hwi_HwiProxy_startup__E__mangled__                         
UNDEFED   ti_sysbios_hal_Hwi_HwiProxy_switchFromBootStack__E__mangled__             
UNDEFED   ti_sysbios_hal_Hwi_disableInterrupt__E                                    
UNDEFED   ti_sysbios_hal_Hwi_enableInterrupt__E                                     
UNDEFED   ti_sysbios_hal_Hwi_getStackInfo__E                                        
UNDEFED   ti_sysbios_hal_Hwi_startup__E                                             
UNDEFED   ti_sysbios_hal_Hwi_switchFromBootStack__E                                 
UNDEFED   ti_sysbios_heaps_HeapMem_Module_GateProxy_Handle__label__S__mangled__     
UNDEFED   ti_sysbios_heaps_HeapMem_Module_GateProxy_Object__delete__S__mangled__    
UNDEFED   ti_sysbios_heaps_HeapMem_Module_GateProxy_Params__init__S__mangled__      
UNDEFED   ti_sysbios_heaps_HeapMem_Module_GateProxy_query__E__mangled__             
UNDEFED   ti_sysbios_knl_Clock_TimerProxy_Module__startupDone__S__mangled__         
UNDEFED   ti_sysbios_knl_Clock_TimerProxy_startup__E__mangled__                     
UNDEFED   ti_sysbios_knl_Task_SupportProxy_Module__startupDone__S__mangled__        
UNDEFED   ti_sysbios_knl_Task_SupportProxy_getStackAlignment__E__mangled__          
UNDEFED   ti_sysbios_knl_Task_SupportProxy_start__E__mangled__                      
UNDEFED   ti_sysbios_knl_Task_SupportProxy_swap__E__mangled__                       
UNDEFED   xdc_runtime_Main_Module_GateProxy_Handle__label__S                        
UNDEFED   xdc_runtime_Main_Module_GateProxy_Object__delete__S                       
UNDEFED   xdc_runtime_Main_Module_GateProxy_query__E                                
UNDEFED   xdc_runtime_Memory_HeapProxy_Handle__label__S__mangled__                  
UNDEFED   xdc_runtime_Memory_HeapProxy_Object__delete__S__mangled__                 
UNDEFED   xdc_runtime_System_Module_GateProxy_Handle__label__S__mangled__           
UNDEFED   xdc_runtime_System_Module_GateProxy_Object__delete__S__mangled__          
UNDEFED   xdc_runtime_System_Module_GateProxy_query__E__mangled__                   
UNDEFED   xdc_runtime_Timestamp_SupportProxy_get64__E__mangled__                    
UNDEFED   xdc_runtime_Timestamp_SupportProxy_getFreq__E__mangled__                  
UNDEFED   xdc_runtime_Timestamp_get32__E                                            
UNDEFED   xdc_runtime_Timestamp_get64__E                                            
UNDEFED   xdc_runtime_Timestamp_getFreq__E                                          

[884 symbols]
