******************************************************************************
                  TI ARM Linker PC v15.12.3                    
******************************************************************************
>> Linked Sun Nov 20 16:18:30 2016

OUTPUT FILE NAME:   <CowTag.out>
ENTRY POINT SYMBOL: "ResetISR"  address: 00007921


MEMORY CONFIGURATION

         name            origin    length      used     unused   attr    fill
----------------------  --------  ---------  --------  --------  ----  --------
  FLASH                 00000000   00020000  0000b898  00014768  R  X
  SRAM                  20000000   00005000  000027df  00002821  RW X


SEGMENT ALLOCATION MAP

run origin  load origin   length   init length attrs members
----------  ----------- ---------- ----------- ----- -------
00000000    00000000    00000724   00000724    r--
  00000000    00000000    0000003c   0000003c    r-- .resetVecs
  00000040    00000040    000006e4   000006e4    r-- .cinit
00001000    00001000    0000b12c   0000b12c    r-x
  00001000    00001000    0000003c   0000003c    r-- .const:ti_sysbios_knl_Task_Object__PARAMS__C
  0000103c    0000103c    00000034   00000034    r-- .const:ti_sysbios_knl_Mailbox_Object__PARAMS__C
  00001070    00001070    00000030   00000030    r-- .const:ti_sysbios_family_arm_m3_Hwi_Object__PARAMS__C
  000010a0    000010a0    0000002c   0000002c    r-- .const:ti_sysbios_hal_Hwi_Object__PARAMS__C
  000010cc    000010cc    00000028   00000028    r-- .const:ti_sysbios_heaps_HeapMem_Module__FXNS__C
  000010f4    000010f4    00000028   00000028    r-- .const:ti_sysbios_knl_Swi_Object__PARAMS__C
  0000111c    0000111c    00000024   00000024    r-- .const:ti_sysbios_gates_GateHwi_Module__FXNS__C
  00001140    00001140    00000024   00000024    r-- .const:ti_sysbios_gates_GateMutex_Module__FXNS__C
  00001164    00001164    00000024   00000024    r-- .const:ti_sysbios_heaps_HeapMem_Object__PARAMS__C
  00001188    00001188    00000024   00000024    r-- .const:ti_sysbios_knl_Clock_Object__PARAMS__C
  000011ac    000011ac    00000024   00000024    r-- .const:ti_sysbios_knl_Semaphore_Object__PARAMS__C
  000011d0    000011d0    00000020   00000020    r-- .const:ti_sysbios_family_arm_m3_Hwi_Object__DESC__C
  000011f0    000011f0    00000020   00000020    r-- .const:ti_sysbios_gates_GateHwi_Object__DESC__C
  00001210    00001210    00000020   00000020    r-- .const:ti_sysbios_gates_GateMutex_Object__DESC__C
  00001230    00001230    00000020   00000020    r-- .const:ti_sysbios_hal_Hwi_Object__DESC__C
  00001250    00001250    00000020   00000020    r-- .const:ti_sysbios_heaps_HeapMem_Object__DESC__C
  00001270    00001270    00000020   00000020    r-- .const:ti_sysbios_knl_Clock_Object__DESC__C
  00001290    00001290    00000020   00000020    r-- .const:ti_sysbios_knl_Mailbox_Object__DESC__C
  000012b0    000012b0    00000020   00000020    r-- .const:ti_sysbios_knl_Queue_Object__DESC__C
  000012d0    000012d0    00000020   00000020    r-- .const:ti_sysbios_knl_Semaphore_Object__DESC__C
  000012f0    000012f0    00000020   00000020    r-- .const:ti_sysbios_knl_Swi_Object__DESC__C
  00001310    00001310    00000020   00000020    r-- .const:ti_sysbios_knl_Task_Object__DESC__C
  00001330    00001330    00000018   00000018    r-- .const:ti_sysbios_gates_GateHwi_Object__PARAMS__C
  00001348    00001348    00000018   00000018    r-- .const:ti_sysbios_gates_GateMutex_Object__PARAMS__C
  00001360    00001360    00000018   00000018    r-- .const:ti_sysbios_knl_Queue_Object__PARAMS__C
  00001378    00001378    00000008   00000008    r-- .const:ti_sysbios_knl_Idle_funcList__C
  00001384    00001384    00000004   00000004    r-- .const:ti_sysbios_family_arm_cc26xx_Timer_startupNeeded__C
  00001388    00001388    00000004   00000004    r-- .const:ti_sysbios_family_arm_m3_Hwi_E_alreadyDefined__C
  0000138c    0000138c    00000004   00000004    r-- .const:ti_sysbios_family_arm_m3_Hwi_E_hwiLimitExceeded__C
  00001390    00001390    00000004   00000004    r-- .const:ti_sysbios_family_arm_m3_Hwi_NUM_INTERRUPTS__C
  00001394    00001394    00000004   00000004    r-- .const:ti_sysbios_family_arm_m3_Hwi_Object__count__C
  00001398    00001398    00000004   00000004    r-- .const:ti_sysbios_family_arm_m3_Hwi_Object__table__C
  0000139c    0000139c    00000004   00000004    r-- .const:ti_sysbios_family_arm_m3_Hwi_ccr__C
  000013a0    000013a0    00000004   00000004    r-- .const:ti_sysbios_family_arm_m3_Hwi_excHandlerFunc__C
  000013a4    000013a4    00000004   00000004    r-- .const:ti_sysbios_family_arm_m3_Hwi_nullIsrFunc__C
  000013a8    000013a8    00000004   00000004    r-- .const:ti_sysbios_family_arm_m3_Hwi_numSparseInterrupts__C
  000013ac    000013ac    00000004   00000004    r-- .const:ti_sysbios_family_arm_m3_Hwi_priGroup__C
  000013b0    000013b0    00000004   00000004    r-- .const:ti_sysbios_family_arm_m3_TaskSupport_stackAlignment__C
  000013b4    000013b4    00000004   00000004    r-- .const:ti_sysbios_heaps_HeapMem_E_memory__C
  000013b8    000013b8    00000004   00000004    r-- .const:ti_sysbios_heaps_HeapMem_Module__gateObj__C
  000013bc    000013bc    00000004   00000004    r-- .const:ti_sysbios_heaps_HeapMem_Object__count__C
  000013c0    000013c0    00000004   00000004    r-- .const:ti_sysbios_heaps_HeapMem_Object__table__C
  000013c4    000013c4    00000004   00000004    r-- .const:ti_sysbios_heaps_HeapMem_reqAlign__C
  000013c8    000013c8    00000004   00000004    r-- .const:ti_sysbios_knl_Clock_serviceMargin__C
  000013cc    000013cc    00000004   00000004    r-- .const:ti_sysbios_knl_Mailbox_Object__count__C
  000013d0    000013d0    00000004   00000004    r-- .const:ti_sysbios_knl_Mailbox_Object__table__C
  000013d4    000013d4    00000004   00000004    r-- .const:ti_sysbios_knl_Mailbox_maxTypeAlign__C
  000013d8    000013d8    00000004   00000004    r-- .const:ti_sysbios_knl_Queue_Object__count__C
  000013dc    000013dc    00000004   00000004    r-- .const:ti_sysbios_knl_Queue_Object__table__C
  000013e0    000013e0    00000004   00000004    r-- .const:ti_sysbios_knl_Swi_Object__count__C
  000013e4    000013e4    00000004   00000004    r-- .const:ti_sysbios_knl_Swi_Object__table__C
  000013e8    000013e8    00000004   00000004    r-- .const:ti_sysbios_knl_Swi_numPriorities__C
  000013ec    000013ec    00000004   00000004    r-- .const:ti_sysbios_knl_Task_Object__count__C
  000013f0    000013f0    00000004   00000004    r-- .const:ti_sysbios_knl_Task_Object__table__C
  000013f4    000013f4    00000004   00000004    r-- .const:ti_sysbios_knl_Task_allBlockedFunc__C
  000013f8    000013f8    00000004   00000004    r-- .const:ti_sysbios_knl_Task_defaultStackHeap__C
  000013fc    000013fc    00000004   00000004    r-- .const:ti_sysbios_knl_Task_defaultStackSize__C
  00001400    00001400    00000004   00000004    r-- .const:ti_sysbios_knl_Task_numConstructedTasks__C
  00001406    00001406    00000002   00000002    r-- .const:ti_sysbios_family_arm_cc26xx_Timer_Module__id__C
  00001408    00001408    00000002   00000002    r-- .const:ti_sysbios_family_arm_cc26xx_TimestampProvider_useClockTimer__C
  0000140a    0000140a    00000002   00000002    r-- .const:ti_sysbios_family_arm_m3_Hwi_Module__id__C
  0000140c    0000140c    00000002   00000002    r-- .const:ti_sysbios_gates_GateHwi_Module__id__C
  0000140e    0000140e    00000002   00000002    r-- .const:ti_sysbios_gates_GateMutex_Module__id__C
  00001410    00001410    00000002   00000002    r-- .const:ti_sysbios_heaps_HeapMem_Module__id__C
  00001412    00001412    00000002   00000002    r-- .const:ti_sysbios_knl_Task_initStackFlag__C
  00001414    00001414    00000001   00000001    r-- .const:ti_sysbios_knl_Clock_tickMode__C
  00001418    00001418    00000008   00000008    r-- .const:xdc_runtime_Startup_firstFxns__C
  00001420    00001420    00000008   00000008    r-- .const:xdc_runtime_Startup_lastFxns__C
  00001428    00001428    00000004   00000004    r-- .const:xdc_runtime_Assert_E_assertFailed__C
  0000142c    0000142c    00000004   00000004    r-- .const:xdc_runtime_Error_E_memory__C
  00001430    00001430    00000004   00000004    r-- .const:xdc_runtime_Error_policyFxn__C
  00001434    00001434    00000004   00000004    r-- .const:xdc_runtime_IGateProvider_Interface__BASE__C
  00001438    00001438    00000004   00000004    r-- .const:xdc_runtime_IHeap_Interface__BASE__C
  0000143c    0000143c    00000004   00000004    r-- .const:xdc_runtime_IModule_Interface__BASE__C
  00001440    00001440    00000004   00000004    r-- .const:xdc_runtime_Main_Module__diagsEnabled__C
  00001444    00001444    00000004   00000004    r-- .const:xdc_runtime_Main_Module__diagsIncluded__C
  00001448    00001448    00000004   00000004    r-- .const:xdc_runtime_Main_Module__diagsMask__C
  0000144c    0000144c    00000004   00000004    r-- .const:xdc_runtime_Memory_defaultHeapInstance__C
  00001450    00001450    00000004   00000004    r-- .const:xdc_runtime_Startup_execImpl__C
  00001454    00001454    00000004   00000004    r-- .const:xdc_runtime_Startup_maxPasses__C
  00001458    00001458    00000004   00000004    r-- .const:xdc_runtime_Startup_sfxnRts__C
  0000145c    0000145c    00000004   00000004    r-- .const:xdc_runtime_Startup_sfxnTab__C
  00001460    00001460    00000004   00000004    r-- .const:xdc_runtime_Startup_startModsFxn__C
  00001464    00001464    00000004   00000004    r-- .const:xdc_runtime_SysCallback_abortFxn__C
  00001468    00001468    00000004   00000004    r-- .const:xdc_runtime_SysCallback_exitFxn__C
  0000146c    0000146c    00000004   00000004    r-- .const:xdc_runtime_System_abortFxn__C
  00001470    00001470    00000004   00000004    r-- .const:xdc_runtime_System_exitFxn__C
  00001474    00001474    00000004   00000004    r-- .const:xdc_runtime_System_maxAtexitHandlers__C
  00001478    00001478    00000004   00000004    r-- .const:xdc_runtime_Text_charTab__C
  0000147c    0000147c    00000004   00000004    r-- .const:xdc_runtime_Text_nameEmpty__C
  00001480    00001480    00000004   00000004    r-- .const:xdc_runtime_Text_nameStatic__C
  00001484    00001484    00000004   00000004    r-- .const:xdc_runtime_Text_nameUnknown__C
  00001488    00001488    00000002   00000002    r-- .const:xdc_runtime_Main_Module__id__C
  0000148a    0000148a    00000002   00000002    r-- .const:xdc_runtime_Memory_Module__id__C
  0000148c    0000148c    00000002   00000002    r-- .const:xdc_runtime_Text_charCnt__C
  0000148e    0000148e    00000002   00000002    r-- .const:xdc_runtime_Text_isLoaded__C
  00001490    00001490    00000001   00000001    r-- .const:xdc_runtime_Error_policy__C
  00001494    00001494    00000004   00000004    r-- .const:ti_sysbios_rom_ROM_AONRTCChannelEnable
  00001498    00001498    00000004   00000004    r-- .const:ti_sysbios_rom_ROM_AONRTCCompareValueSet
  0000149c    0000149c    00000004   00000004    r-- .const:ti_sysbios_rom_ROM_AONRTCCurrentCompareValueGet
  000014a0    000014a0    00000004   00000004    r-- .const:ti_sysbios_rom_ROM_AONRTCEventClear
  000014a4    000014a4    00000004   00000004    r-- .const:ti_sysbios_rom_ROM_ti_sysbios_family_arm_cc26xx_Timer_getCount64__E
  000014a8    000014a8    00000004   00000004    r-- .const:ti_sysbios_rom_ROM_ti_sysbios_family_arm_cc26xx_Timer_getCurrentTick__E
  000014ac    000014ac    00000004   00000004    r-- .const:ti_sysbios_rom_ROM_ti_sysbios_family_arm_cc26xx_Timer_getMaxTicks__E
  000014b0    000014b0    00000004   00000004    r-- .const:ti_sysbios_rom_ROM_ti_sysbios_family_arm_cc26xx_Timer_initDevice__I
  000014b4    000014b4    00000004   00000004    r-- .const:ti_sysbios_rom_ROM_ti_sysbios_family_arm_cc26xx_Timer_setNextTick__E
  000014b8    000014b8    00000004   00000004    r-- .const:ti_sysbios_rom_ROM_ti_sysbios_family_arm_cc26xx_Timer_setThreshold__I
  000014bc    000014bc    00000004   00000004    r-- .const:ti_sysbios_rom_ROM_ti_sysbios_family_arm_cc26xx_Timer_start__E
  000014c0    000014c0    00000004   00000004    r-- .const:ti_sysbios_rom_ROM_ti_sysbios_family_arm_cc26xx_TimestampProvider_get32__E
  000014c4    000014c4    00000004   00000004    r-- .const:ti_sysbios_rom_ROM_xdc_runtime_Startup_getState__I
  000014c8    000014c8    00000004   00000004    r-- .const:ti_sysbios_rom_ROM_xdc_runtime_System_SupportProxy_abort__E
  000014cc    000014cc    00000004   00000004    r-- .const:ti_sysbios_rom_ROM_xdc_runtime_System_SupportProxy_exit__E
  000014d0    000014d0    00000004   00000004    r-- .const:ti_sysbios_gates_GateMutex_Instance_State_sem__O
  000014d4    000014d4    00000004   00000004    r-- .const:ti_sysbios_knl_Clock_Module_State_clockQ__O
  000014d8    000014d8    00000004   00000004    r-- .const:ti_sysbios_knl_Mailbox_Instance_State_dataQue__O
  000014dc    000014dc    00000004   00000004    r-- .const:ti_sysbios_knl_Mailbox_Instance_State_dataSem__O
  000014e0    000014e0    00000004   00000004    r-- .const:ti_sysbios_knl_Mailbox_Instance_State_freeQue__O
  000014e4    000014e4    00000004   00000004    r-- .const:ti_sysbios_knl_Mailbox_Instance_State_freeSem__O
  000014e8    000014e8    00000004   00000004    r-- .const:ti_sysbios_knl_Semaphore_Instance_State_pendQ__O
  000014ec    000014ec    00000004   00000004    r-- .const:ti_sysbios_knl_Task_Module_State_inactiveQ__O
  000014f0    000014f0    0000759c   0000759c    r-x .text
  00008a8c    00008a8c    000036a0   000036a0    r-- .const
0001ffa8    0001ffa8    00000058   00000058    r--
  0001ffa8    0001ffa8    00000058   00000058    r-- .ccfg
20000100    20000100    0000241e   00000000    rw-
  20000100    20000100    00000044   00000000    rw- .data:ti_sysbios_knl_Task_Module__state__V
  20000144    20000144    00000034   00000000    rw- .data:ti_sysbios_family_arm_m3_Hwi_Module__state__V
  20000178    20000178    0000002c   00000000    rw- .data:ti_sysbios_knl_Clock_Module__state__V
  200001a4    200001a4    00000024   00000000    rw- .data:ti_sysbios_BIOS_Module__state__V
  200001c8    200001c8    0000001c   00000000    rw- .data:ti_sysbios_knl_Swi_Module__state__V
  200001e4    200001e4    00000008   00000000    rw- .data:ti_sysbios_family_arm_cc26xx_Timer_Module__state__V
  200001ec    200001ec    00000004   00000000    rw- .data:ti_sysbios_family_arm_cc26xx_TimestampProvider_Module__state__V
  200001f0    200001f0    00000008   00000000    rw- .data:xdc_runtime_Startup_Module__state__V
  200001f8    200001f8    00000008   00000000    rw- .data:xdc_runtime_System_Module__state__V
  20000200    20000200    00000004   00000000    rw- .data:xdc_runtime_Memory_Module__state__V
  20000208    20000208    000019e5   00000000    rw- .bss
  20001bf0    20001bf0    0000092e   00000000    rw- .data
20004d00    20004d00    00000300   00000000    rw-
  20004d00    20004d00    00000300   00000000    rw- .stack


SECTION ALLOCATION MAP

 output                                  attributes/
section   page    origin      length       input sections
--------  ----  ----------  ----------   ----------------
.cinit     0    00000040    000006e4     
                  00000040    0000055e     (.cinit..data.load) [load image, compression = rle]
                  0000059e    00000002     --HOLE-- [fill = 0]
                  000005a0    0000002c     (.cinit..data:ti_sysbios_family_arm_m3_Hwi_Module__state__V.load) [load image, compression = rle]
                  000005cc    00000004     --HOLE-- [fill = 0]
                  000005d0    0000002c     (.cinit..data:ti_sysbios_knl_Task_Module__state__V.load) [load image, compression = rle]
                  000005fc    00000004     --HOLE-- [fill = 0]
                  00000600    00000021     (.cinit..data:ti_sysbios_knl_Clock_Module__state__V.load) [load image, compression = rle]
                  00000621    00000007     --HOLE-- [fill = 0]
                  00000628    0000001f     (.cinit..data:ti_sysbios_BIOS_Module__state__V.load) [load image, compression = rle]
                  00000647    00000001     --HOLE-- [fill = 0]
                  00000648    00000011     (.cinit..data:ti_sysbios_knl_Swi_Module__state__V.load) [load image, compression = rle]
                  00000659    00000007     --HOLE-- [fill = 0]
                  00000660    0000000d     (.cinit..data:ti_sysbios_family_arm_cc26xx_Timer_Module__state__V.load) [load image, compression = rle]
                  0000066d    00000003     --HOLE-- [fill = 0]
                  00000670    0000000b     (.cinit..bss.load) [load image, compression = rle]
                  0000067b    00000005     --HOLE-- [fill = 0]
                  00000680    0000000a     (.cinit..data:xdc_runtime_Memory_Module__state__V.load) [load image, compression = rle]
                  0000068a    00000006     --HOLE-- [fill = 0]
                  00000690    00000009     (.cinit..data:ti_sysbios_family_arm_cc26xx_TimestampProvider_Module__state__V.load) [load image, compression = rle]
                  00000699    00000007     --HOLE-- [fill = 0]
                  000006a0    00000009     (.cinit..data:xdc_runtime_Startup_Module__state__V.load) [load image, compression = rle]
                  000006a9    00000007     --HOLE-- [fill = 0]
                  000006b0    00000009     (.cinit..data:xdc_runtime_System_Module__state__V.load) [load image, compression = rle]
                  000006b9    00000003     --HOLE-- [fill = 0]
                  000006bc    00000008     (__TI_handler_table)
                  000006c4    00000060     (__TI_cinit_table)

.text      0    000014f0    0000759c     
                  000014f0    000003b8     rf_singleMode_cc13xxware_instrumented.aem3 : RFCC26XX_singleMode.oem3 (.text:fsmActiveState)
                  000018a8    0000034c     EasyLink.obj (.text:EasyLink_init)
                  00001bf4    00000338     rom_sysbios.aem3 : rom_sysbios.obj (.text:xdc_runtime_System_doPrint__I)
                  00001f2c    00000324     rtsv7M3_T_le_eabi.lib : trgdrv.obj (.text)
                  00002250    0000030c                           : lowlev.obj (.text)
                  0000255c    00000228     driverlib.lib : sys_ctrl.obj (.text:NOROM_SysCtrlSetRechargeBeforePowerDown)
                  00002784    00000228     drivers_cc13xxware_instrumented.aem3 : PowerCC26XX.oem3 (.text:Power_sleep)
                  000029ac    00000228     rf_singleMode_cc13xxware_instrumented.aem3 : RFCC26XX_singleMode.oem3 (.text:RF_postCmd)
                  00002bd4    000001f4     rtsv7M3_T_le_eabi.lib : ull_div_t2.obj (.text)
                  00002dc8    000001ec     drivers_cc13xxware_instrumented.aem3 : PowerCC26XX_calibrateRCOSC.oem3 (.text:calibrateRcoscHf1)
                  00002fb4    000001c4                                          : PINCC26XX.oem3 (.text:PIN_init)
                  00003178    000001c4     rtsv7M3_T_le_eabi.lib : fopen.obj (.text)
                  0000333c    000001b6                           : fd_add_t2.obj (.text)
                  000034f2    00000002     rf_singleMode_cc13xxware_instrumented.aem3 : RFCC26XX_singleMode.oem3 (.text:defaultErrCb)
                  000034f4    000001a0     drivers_cc13xxware_instrumented.aem3 : PowerCC26XX_calibrateRCOSC.oem3 (.text:PowerCC26XX_doCalibrate)
                  00003694    0000019c     EasyLink.obj (.text:rxDoneCallback)
                  00003830    00000174     EasyLink.obj (.text:EasyLink_receiveAsync)
                  000039a4    00000168     rf_singleMode_cc13xxware_instrumented.aem3 : RFCC26XX_singleMode.oem3 (.text:fsmSetupState)
                  00003b0c    00000168     alphaRadioTest.obj (.text:printNodes)
                  00003c74    00000168     cowtagOS_pem3.oem3 (.text:xdc_runtime_System_printfExtend__I)
                  00003ddc    00000150     smartrf_settings_predefined.obj (.text:rf_patch_mce_genook)
                  00003f2c    0000014c     EasyLink.obj (.text:EasyLink_transmit)
                  00004078    00000134     rf_singleMode_cc13xxware_instrumented.aem3 : RFCC26XX_singleMode.oem3 (.text:RF_close)
                  000041ac    00000130     driverlib.lib : setup_rom.obj (.text:NOROM_SetupAfterColdResetWakeupFromShutDownCfg3)
                  000042dc    0000012c     drivers_cc13xxware_instrumented.aem3 : PowerCC26XX.oem3 (.text:Power_init)
                  00004408    00000128     rf_singleMode_cc13xxware_instrumented.aem3 : RFCC26XX_singleMode.oem3 (.text:rf_init)
                  00004530    00000128     smartrf_settings.obj (.text:rf_patch_rfe_genfsk)
                  00004658    00000128     smartrf_settings_predefined.obj (.text:rf_patch_rfe_genfsk)
                  00004780    00000128     smartrf_settings_predefined.obj (.text:rf_patch_rfe_lrm)
                  000048a8    00000118     rf_singleMode_cc13xxware_instrumented.aem3 : RFCC26XX_singleMode.oem3 (.text:hwiFxnCpe0Active)
                  000049c0    00000114     drivers_cc13xxware_instrumented.aem3 : PowerCC26XX.oem3 (.text:Power_releaseDependency)
                  00004ad4    00000114     smartrf_settings_predefined.obj (.text:rf_patch_mce_hsp_4mbps)
                  00004be8    00000104     RadioReceive.obj (.text:concentratorRadioTaskFunction)
                  00004cec    00000100     alphaMain.obj (.text:main)
                  00004dec    000000fc     drivers_cc13xxware_instrumented.aem3 : PowerCC26XX.oem3 (.text:Power_setDependency)
                  00004ee8    000000fc     rf_singleMode_cc13xxware_instrumented.aem3 : RFCC26XX_singleMode.oem3 (.text:RF_open)
                  00004fe4    000000fc     rtsv7M3_T_le_eabi.lib : fd_mul_t2.obj (.text)
                  000050e0    000000f0     driverlib.lib : setup_rom.obj (.text:NOROM_SetupAfterColdResetWakeupFromShutDownCfg2)
                  000051d0    000000e8     rom_sysbios.aem3 : rom_sysbios.obj (.text:ti_sysbios_knl_Event_pend__E)
                  000052b8    000000e0     drivers_cc13xxware_instrumented.aem3 : PINCC26XX.oem3 (.text:PINCC26XX_setIoCfg)
                  00005398    000000dc     rtsv7M3_T_le_eabi.lib : setvbuf.obj (.text)
                  00005474    000000d8     EasyLink.obj (.text:EasyLink_enableRxAddrFilter)
                  0000554c    000000d8     driverlib.lib : rfc.obj (.text:NOROM_RFCRTrim)
                  00005624    000000d8     smartrf_settings_predefined.obj (.text:rf_patch_rfe_genook)
                  000056fc    000000d8     smartrf_settings_predefined.obj (.text:rf_patch_rfe_hsp_4mbps)
                  000057d4    000000d4     driverlib.lib : rfc.obj (.text:NOROM_RFCRfTrimRead)
                  000058a8    000000d4     power_cc13xx_tirtos_instrumented.aem3 : PowerCC26XX_tirtos.oem3 (.text:PowerCC26XX_standbyPolicy)
                  0000597c    000000c8     rtsv7M3_T_le_eabi.lib : fflush.obj (.text)
                  00005a44    000000c4     rf_singleMode_cc13xxware_instrumented.aem3 : RFCC26XX_singleMode.oem3 (.text:fsmPowerUpState)
                  00005b08    000000c0                                                : RFCC26XX_singleMode.oem3 (.text:RF_pendCmd)
                  00005bc8    000000c0     driverlib.lib : setup.obj (.text:TrimAfterColdResetWakeupFromShutDown)
                  00005c88    000000ac     rtsv7M3_T_le_eabi.lib : _io_perm.obj (.text)
                  00005d34    000000a8     driverlib.lib : setup.obj (.text:NOROM_SetupTrimDevice)
                  00005ddc    000000a4                   : setup_rom.obj (.text:NOROM_SetupAfterColdResetWakeupFromShutDownCfg1)
                  00005e80    000000a0     auto_init.aem3 : auto_init.oem3 (.text)
                  00005f20    0000009c     rtsv7M3_T_le_eabi.lib : memcpy_t2.obj (.text)
                  00005fbc    00000098                           : fclose.obj (.text)
                  00006054    00000098                           : fputc.obj (.text)
                  000060ec    00000098     rom_sysbios.aem3 : rom_sysbios.obj (.text:ti_sysbios_knl_Clock_workFuncDynamic__E)
                  00006184    00000094     drivers_cc13xxware_instrumented.aem3 : PINCC26XX.oem3 (.text:PIN_open)
                  00006218    0000008c                                          : PowerCC26XX.oem3 (.text:disableLFClockQualifiers)
                  000062a4    0000008c                                          : PowerCC26XX.oem3 (.text:switchXOSCHFclockFunc)
                  00006330    00000088                                          : PowerCC26XX_calibrateRCOSC.oem3 (.text:calibrateRcoscHf2)
                  000063b8    00000086     rtsv7M3_T_le_eabi.lib : fd_cmp_t2.obj (.text:__aeabi_cdcmple)
                  0000643e    00000086                           : fd_cmp_t2.obj (.text:__aeabi_cdrcmple)
                  000064c4    00000084     drivers_cc13xxware_instrumented.aem3 : PowerCC26XX.oem3 (.text:Power_releaseConstraint)
                  00006548    00000084     RadioReceive.obj (.text:rxDoneCallback)
                  000065cc    00000084     rf_singleMode_cc13xxware_instrumented.aem3 : RFCC26XX_singleMode.oem3 (.text:swiFxnHw)
                  00006650    0000007a     rtsv7M3_T_le_eabi.lib : memset_t2.obj (.text)
                  000066ca    00000002     drivers_cc13xxware_instrumented.aem3 : PowerCC26XX.oem3 (.text:emptyClockFunc)
                  000066cc    00000074     driverlib.lib : setup_rom.obj (.text:NOROM_SetupSetVddrLevel)
                  00006740    00000074     drivers_cc13xxware_instrumented.aem3 : PowerCC26XX_calibrateRCOSC.oem3 (.text:PowerCC26XX_auxISR)
                  000067b4    00000074     rf_singleMode_cc13xxware_instrumented.aem3 : RFCC26XX_singleMode.oem3 (.text:decActiveClientCnt)
                  00006828    00000074                                                : RFCC26XX_singleMode.oem3 (.text:fsmPowerDownState)
                  0000689c    00000070     driverlib.lib : chipinfo.obj (.text:NOROM_ChipInfo_GetHwRevision)
                  0000690c    00000070     rom_sysbios.aem3 : rom_sysbios.obj (.text:ti_sysbios_knl_Event_post__E)
                  0000697c    00000070     alphaRadioTest.obj (.text:updateNode)
                  000069ec    0000006d     rom_sysbios.aem3 : rom_sysbios.obj (.text:xdc_runtime_System_formatNum__I)
                  00006a59    00000001     --HOLE-- [fill = 0]
                  00006a5a    00000002     smartrf_settings.obj (.text:enterGenfskSysPatch)
                  00006a5c    0000006c     driverlib.lib : setup_rom.obj (.text:NOROM_SetupGetTrimForAmpcompCtrl)
                  00006ac8    0000006c     drivers_cc13xxware_instrumented.aem3 : PowerCC26XX.oem3 (.text:PowerCC26XX_calibrate)
                  00006b34    0000006c     alphaRadioTest.obj (.text:alphaRadioTest_init)
                  00006ba0    0000006c     RadioReceive.obj (.text:radioReceive_init)
                  00006c0c    0000006a     rtsv7M3_T_le_eabi.lib : copy_decompress_rle.obj (.text)
                  00006c76    00000002     smartrf_settings_predefined.obj (.text:enterGenfskSysPatch)
                  00006c78    00000068     driverlib.lib : setup_rom.obj (.text:NOROM_SetupGetTrimForAnabypassValue1)
                  00006ce0    00000068                   : sys_ctrl.obj (.text:NOROM_SysCtrl_DCDC_VoltageConditionalControl)
                  00006d48    00000068     rf_singleMode_cc13xxware_instrumented.aem3 : RFCC26XX_singleMode.oem3 (.text:RF_getCurrentTime)
                  00006db0    00000068     rtsv7M3_T_le_eabi.lib : trgmsg.obj (.text)
                  00006e18    00000064     driverlib.lib : osc.obj (.text:NOROM_OSCHF_AttemptToSwitchToXosc)
                  00006e7c    00000064     rtsv7M3_T_le_eabi.lib : fseek.obj (.text)
                  00006ee0    00000064     rom_sysbios.aem3 : rom_sysbios.obj (.text:ti_sysbios_family_arm_cc26xx_Timer_start__E)
                  00006f44    00000060     driverlib.lib : osc.obj (.text:NOROM_OSCClockSourceSet)
                  00006fa4    00000060     drivers_cc13xxware_instrumented.aem3 : PowerCC26XX_calibrateRCOSC.oem3 (.text:PowerCC26XX_RCOSC_clockFunc)
                  00007004    00000060     rf_singleMode_cc13xxware_instrumented.aem3 : RFCC26XX_singleMode.oem3 (.text:fsmXOSCState)
                  00007064    00000060     drivers_cc13xxware_instrumented.aem3 : PowerCC26XX_calibrateRCOSC.oem3 (.text:updateSubSecInc)
                  000070c4    0000005c     driverlib.lib : sys_ctrl.obj (.text:NOROM_SysCtrlAdjustRechargeAfterPowerDown)
                  00007120    0000005c     drivers_cc13xxware_instrumented.aem3 : PowerCC26XX.oem3 (.text:Power_setConstraint)
                  0000717c    0000005c     smartrf_settings.obj (.text:configureGenfskPatch)
                  000071d8    0000005c     smartrf_settings_predefined.obj (.text:configureGenfskPatch)
                  00007234    0000005c     smartrf_settings_predefined.obj (.text:configureGenookPatch)
                  00007290    0000005c     smartrf_settings_predefined.obj (.text:configureLrmPatch)
                  000072ec    0000005c     cowtagOS_pem3.oem3 (.text:xdc_runtime_Startup_getState__I)
                  00007348    00000058     drivers_cc13xxware_instrumented.aem3 : PowerCC26XX_calibrateRCOSC.oem3 (.text:PowerCC26XX_initiateCalibration)
                  000073a0    00000058     alphaRadioTest.obj (.text:isKnownNodeAddress)
                  000073f8    00000058     RadioReceive.obj (.text:sendAck)
                  00007450    00000054     alphaRadioTest.obj (.text:concentratorTaskFunction)
                  000074a4    00000054     drivers_cc13xxware_instrumented.aem3 : PowerCC26XX.oem3 (.text:configureXOSCHF)
                  000074f8    00000054     rf_singleMode_cc13xxware_instrumented.aem3 : RFCC26XX_singleMode.oem3 (.text:hwiFxnHw)
                  0000754c    00000054                                                : RFCC26XX_singleMode.oem3 (.text:ratChanFree)
                  000075a0    00000050     driverlib.lib : setup_rom.obj (.text:NOROM_SetupSetCacheModeAccordingToCcfgSetting)
                  000075f0    00000050     rf_singleMode_cc13xxware_instrumented.aem3 : RFCC26XX_singleMode.oem3 (.text:dispatchOpWhen)
                  00007640    00000050                                                : RFCC26XX_singleMode.oem3 (.text:syncCb)
                  00007690    0000004c                                                : RFCC26XX_singleMode.oem3 (.text:applyRfCorePatch)
                  000076dc    0000004c     alphaRadioTest.obj (.text:packetReceivedCallback)
                  00007728    0000004c     rtsv7M3_T_le_eabi.lib : cpy_tbl.obj (.text)
                  00007774    00000048     driverlib.lib : chipinfo.obj (.text:NOROM_ChipInfo_GetChipFamily)
                  000077bc    00000048     drivers_cc13xxware_instrumented.aem3 : PINCC26XX.oem3 (.text:PIN_swi)
                  00007804    00000048     rf_singleMode_cc13xxware_instrumented.aem3 : RFCC26XX_singleMode.oem3 (.text:RF_runCmd)
                  0000784c    00000048     drivers_cc13xxware_instrumented.aem3 : PowerCC26XX.oem3 (.text:notify)
                  00007894    00000048     rtsv7M3_T_le_eabi.lib : fd_toi_t2.obj (.text)
                  000078dc    00000044     rf_singleMode_cc13xxware_instrumented.aem3 : RFCC26XX_singleMode.oem3 (.text:RF_Params_init)
                  00007920    00000044     boot.aem3 : boot.oem3 (.text)
                  00007964    00000044     rtsv7M3_T_le_eabi.lib : fd_tou_t2.obj (.text)
                  000079a8    00000040                           : u_divt2.obj (.text)
                  000079e8    0000003c     driverlib.lib : osc.obj (.text:NOROM_OSC_HPOSCRelativeFrequencyOffsetGet)
                  00007a24    0000003c                   : rfc.obj (.text:NOROM_RFCSynthPowerDown)
                  00007a60    0000003c     drivers_cc13xxware_instrumented.aem3 : PINCC26XX.oem3 (.text:PIN_setOutputValue)
                  00007a9c    0000003c                                          : PowerCC26XX.oem3 (.text:Power_getDependencyCount)
                  00007ad8    00000038     alphaRadioTest.obj (.text:addNewNode)
                  00007b10    00000038     rtsv7M3_T_le_eabi.lib : fs_tod_t2.obj (.text)
                  00007b48    00000038     rom_sysbios.aem3 : rom_sysbios.obj (.text:ti_sysbios_family_arm_cc26xx_Timer_getCurrentTick__E)
                  00007b80    00000036     rf_singleMode_cc13xxware_instrumented.aem3 : RFCC26XX_singleMode.oem3 (.text:updateImplicitState)
                  00007bb6    00000002     smartrf_settings_predefined.obj (.text:enterGenookSysPatch)
                  00007bb8    00000034     driverlib.lib : osc.obj (.text:NOROM_OSCHF_SwitchToRcOscTurnOffXosc)
                  00007bec    00000034     drivers_cc13xxware_instrumented.aem3 : PINCC26XX.oem3 (.text:PIN_setConfig)
                  00007c20    00000034     rf_singleMode_cc13xxware_instrumented.aem3 : RFCC26XX_singleMode.oem3 (.text:Q_push)
                  00007c54    00000032     rom_sysbios.aem3 : rom_sysbios.obj (.text:ti_sysbios_family_arm_cc26xx_Timer_setNextTick__E)
                  00007c86    00000002     smartrf_settings_predefined.obj (.text:enterLrmSysPatch)
                  00007c88    00000030     driverlib.lib : chipinfo.obj (.text:NOROM_ChipInfo_GetChipType)
                  00007cb8    00000030                   : setup_rom.obj (.text:NOROM_SetupSetAonRtcSubSecInc)
                  00007ce8    00000030     rf_singleMode_cc13xxware_instrumented.aem3 : RFCC26XX_singleMode.oem3 (.text:clkPowerUpFxn)
                  00007d18    00000030     rtsv7M3_T_le_eabi.lib : strncpy.obj (.text)
                  00007d48    00000030     cowtagOS_pem3.oem3 (.text:ti_sysbios_BIOS_atExitFunc__I)
                  00007d78    00000030     cowtagOS_pem3.oem3 (.text:ti_sysbios_BIOS_startFunc__I)
                  00007da8    00000030     rom_sysbios.aem3 : rom_sysbios.obj (.text:ti_sysbios_family_arm_cc26xx_Timer_initDevice__I)
                  00007dd8    00000030                      : rom_sysbios.obj (.text:ti_sysbios_family_arm_cc26xx_Timer_setThreshold__I)
                  00007e08    0000002e     cowtagOS_pem3.oem3 (.text:malloc)
                  00007e36    0000002e     rtsv7M3_T_le_eabi.lib : i_tofd_t2.obj (.text)
                  00007e64    0000002c     driverlib.lib : ddi.obj (.text:NOROM_DDI32RegWrite)
                  00007e90    0000002c                   : osc.obj (.text:NOROM_OSCClockSourceGet)
                  00007ebc    0000002c                   : setup_rom.obj (.text:NOROM_SetupGetTrimForRadcExtCfg)
                  00007ee8    0000002c     rf_singleMode_cc13xxware_instrumented.aem3 : RFCC26XX_singleMode.oem3 (.text:getCmd)
                  00007f14    0000002c     rom_sysbios.aem3 : rom_sysbios.obj (.text:ti_sysbios_knl_Clock_getTicksUntilInterrupt__E)
                  00007f40    0000002c     cowtagOS_pem3.oem3 (.text:ti_sysbios_knl_Event_construct)
                  00007f6c    0000002c     rom_sysbios.aem3 : rom_sysbios.obj (.text:ti_sysbios_knl_Event_pendTimeout__I)
                  00007f98    0000002a                      : rom_sysbios.obj (.text:xdc_runtime_System_putchar__I)
                  00007fc2    00000002     rtsv7M3_T_le_eabi.lib : i_div0.obj (.text)
                  00007fc4    00000028     driverlib.lib : aon_batmon.obj (.text:NOROM_AONBatMonTemperatureGetDegC)
                  00007fec    00000028     rf_singleMode_cc13xxware_instrumented.aem3 : RFCC26XX_singleMode.oem3 (.text:Q_end)
                  00008014    00000028     driverlib.lib : adi.obj (.text:SafeHapiVoid)
                  0000803c    00000028     rom_sysbios.aem3 : rom_sysbios.obj (.text:ti_sysbios_family_arm_cc26xx_Timer_getMaxTicks__E)
                  00008064    00000024     drivers_cc13xxware_instrumented.aem3 : PINCC26XX.oem3 (.text:PINCC26XX_getPinCount)
                  00008088    00000024                                          : PowerCC26XX_calibrateRCOSC.oem3 (.text:getTdcSemaphore)
                  000080ac    00000024     rf_singleMode_cc13xxware_instrumented.aem3 : RFCC26XX_singleMode.oem3 (.text:hwiFxnCpe0PowerFsm)
                  000080d0    00000024     RadioReceive.obj (.text:notifyPacketReceived)
                  000080f4    00000024     cowtagOS_pem3.oem3 (.text:ti_sysbios_BIOS_registerRTSLock__I)
                  00008118    00000024     cowtagOS_pem3.oem3 (.text:ti_sysbios_BIOS_removeRTSLock__I)
                  0000813c    00000024     rom_sysbios.aem3 : rom_sysbios.obj (.text:xdc_runtime_System_vprintf__E)
                  00008160    00000020     driverlib.lib : rfc.obj (.text:NOROM_RFCAdi3VcoLdoVoltageMode)
                  00008180    00000020                   : rfc.obj (.text:NOROM_RFCDoorbellSendTo)
                  000081a0    00000020                   : setup_rom.obj (.text:NOROM_SetupGetTrimForXoscHfCtl)
                  000081c0    00000020     rf_singleMode_cc13xxware_instrumented.aem3 : RFCC26XX_singleMode.oem3 (.text:allocCmd)
                  000081e0    00000020     cowtagOS_pem3.oem3 (.text:ti_sysbios_BIOS_rtsLock__I)
                  00008200    00000020     rom_sysbios.aem3 : rom_sysbios.obj (.text:ti_sysbios_knl_Clock_stop__E)
                  00008220    00000020                      : rom_sysbios.obj (.text:ti_sysbios_knl_Event_checkEvents__I)
                  00008240    00000020                      : rom_sysbios.obj (.text:xdc_runtime_SysStd_abort__E)
                  00008260    0000001e     drivers_cc13xxware_instrumented.aem3 : PowerCC26XX.oem3 (.text:Power_getTransitionLatency)
                  0000827e    00000002     rom_sysbios.aem3 : rom_sysbios.obj (.text:ti_sysbios_BIOS_linkedWithIncorrectBootLibrary__E)
                  00008280    0000001c     driverlib.lib : setup_rom.obj (.text:NOROM_SetupGetTrimForAmpcompTh2)
                  0000829c    0000001c                   : setup_rom.obj (.text:NOROM_SetupGetTrimForRcOscLfRtuneCtuneTrim)
                  000082b8    0000001c     drivers_cc13xxware_instrumented.aem3 : PINCC26XX.oem3 (.text:PINCC26XX_setIoCfgMux)
                  000082d4    0000001c                                          : PINCC26XX.oem3 (.text:PIN_hwi)
                  000082f0    0000001c     smartrf_settings.obj (.text:enterGenfskCpePatch)
                  0000830c    0000001c     smartrf_settings_predefined.obj (.text:enterGenfskCpePatch)
                  00008328    0000001c     smartrf_settings_predefined.obj (.text:enterGenookCpePatch)
                  00008344    0000001c     smartrf_settings_predefined.obj (.text:enterLrmCpePatch)
                  00008360    0000001c     rom_sysbios.aem3 : rom_sysbios.obj (.text:ti_sysbios_family_arm_cc26xx_Timer_dynamicStub__E)
                  0000837c    0000001a                      : rom_sysbios_config.obj (.text:xdc_runtime_System_printf__E)
                  00008396    00000002     cowtagOS_pem3.oem3 (.text:ti_sysbios_BIOS_nullFunc__I)
                  00008398    00000018     driverlib.lib : aon_rtc.obj (.text:NOROM_AONRTCCurrentCompareValueGet)
                  000083b0    00000018                   : chipinfo.obj (.text:NOROM_ChipInfo_GetPackageType)
                  000083c8    00000018                   : osc.obj (.text:NOROM_OSCHF_TurnOnXosc)
                  000083e0    00000018                   : rfc.obj (.text:NOROM_RFCCpeIntGetAndClear)
                  000083f8    00000018                   : setup_rom.obj (.text:NOROM_SetupGetTrimForAdcShModeEn)
                  00008410    00000018                   : setup_rom.obj (.text:NOROM_SetupGetTrimForAdcShVbufEn)
                  00008428    00000018                   : setup_rom.obj (.text:NOROM_SetupGetTrimForAmpcompTh1)
                  00008440    00000018                   : setup_rom.obj (.text:NOROM_SetupGetTrimForDblrLoopFilterResetVoltage)
                  00008458    00000018                   : setup_rom.obj (.text:NOROM_SetupGetTrimForRcOscLfIBiasTrim)
                  00008470    00000018                   : setup_rom.obj (.text:NOROM_SetupGetTrimForXoscLfRegulatorAndCmirrwrRatio)
                  00008488    00000018     drivers_cc13xxware_instrumented.aem3 : PowerCC26XX.oem3 (.text:Power_idleFunc)
                  000084a0    00000018     rf_singleMode_cc13xxware_instrumented.aem3 : RFCC26XX_singleMode.oem3 (.text:Q_pop)
                  000084b8    00000018     drivers_cc13xxware_instrumented.aem3 : PowerCC26XX.oem3 (.text:configureRFCoreClocks)
                  000084d0    00000018     cowtagOS_pem3.oem3 (.text:free)
                  000084e8    00000018     rtsv7M3_T_le_eabi.lib : args_main.obj (.text)
                  00008500    00000018                           : ll_mul_t2.obj (.text)
                  00008518    00000018                           : strcmp.obj (.text)
                  00008530    00000018     rf_singleMode_cc13xxware_instrumented.aem3 : RFCC26XX_singleMode.oem3 (.text:swiFxnFsm)
                  00008548    00000018     cowtagOS_pem3.oem3 (.text:ti_sysbios_BIOS_rtsUnlock__I)
                  00008560    00000018     rom_sysbios.aem3 : rom_sysbios.obj (.text:ti_sysbios_knl_Swi_or__E)
                  00008578    00000018     cowtagOS_pem3.oem3 (.text:ti_sysbios_rom_cortexm_cc13xx_CC13xx_checkRevision__E)
                  00008590    00000016     driverlib.lib : chipinfo.obj (.text:NOROM_ThisCodeIsBuiltForCC13xxHwRev20AndLater_HaltIfViolated)
                  000085a6    00000016     rtsv7M3_T_le_eabi.lib : strchr.obj (.text)
                  000085bc    00000016                           : strcpy.obj (.text)
                  000085d2    00000016     cowtagOS_pem3.oem3 (.text:ti_sysbios_BIOS_exitFunc__I)
                  000085e8    00000016     RadioReceive.obj (.text:ti_sysbios_knl_Event_Params_init)
                  000085fe    00000016     alphaRadioTest.obj (.text:ti_sysbios_knl_Event_Params_init)
                  00008614    00000016     EasyLink.obj (.text:ti_sysbios_knl_Semaphore_Params_init)
                  0000862a    00000016     RadioReceive.obj (.text:ti_sysbios_knl_Task_Params_init)
                  00008640    00000016     alphaRadioTest.obj (.text:ti_sysbios_knl_Task_Params_init)
                  00008656    00000002     rom_sysbios.aem3 : rom_sysbios.obj (.text:ti_sysbios_knl_Clock_triggerFunc__I)
                  00008658    00000014     RadioReceive.obj (.text:ConcentratorRadioTask_registerPacketReceivedCallback)
                  0000866c    00000014     driverlib.lib : aon_rtc.obj (.text:NOROM_AONRTCCurrent64BitValueGet)
                  00008680    00000014     drivers_cc13xxware_instrumented.aem3 : PINCC26XX.oem3 (.text:PINCC26XX_getOutputValue)
                  00008694    00000014     rtsv7M3_T_le_eabi.lib : _lock.obj (.text)
                  000086a8    00000014                           : strlen.obj (.text)
                  000086bc    00000014     cowtagOS_pem3.oem3 (.text:ti_sysbios_knl_Clock_doTick__I)
                  000086d0    00000014     rom_sysbios.aem3 : rom_sysbios.obj (.text:ti_sysbios_knl_Event_Instance_init__E)
                  000086e4    00000012     cowtagOS_pem3.oem3 (.text:xdc_runtime_Startup_exec__I)
                  000086f6    00000002     cowtagOS_pem3.oem3 (.text:ti_sysbios_rom_cortexm_cc13xx_CC13xx_badRomRevision__E)
                  000086f8    00000010     rf_singleMode_cc13xxware_instrumented.aem3 : RFCC26XX_singleMode.oem3 (.text:FsmDispatch)
                  00008708    00000010     driverlib.lib : rfc.obj (.text:NOROM_RFCRfTrimSet)
                  00008718    00000010                   : setup_rom.obj (.text:NOROM_SetupGetTrimForXoscHfFastStart)
                  00008728    00000010                   : setup_rom.obj (.text:NOROM_SetupGetTrimForXoscHfIbiastherm)
                  00008738    00000010     smartrf_settings.obj (.text:applyGenfskPatch)
                  00008748    00000010     smartrf_settings_predefined.obj (.text:applyGenfskPatch)
                  00008758    00000010     smartrf_settings_predefined.obj (.text:applyGenookPatch)
                  00008768    00000010     smartrf_settings_predefined.obj (.text:applyLrmPatch)
                  00008778    00000010     rom_sysbios.aem3 : rom_sysbios.obj (.text:ti_sysbios_family_arm_m3_Hwi_post__E)
                  00008788    0000000e     driverlib.lib : vims.obj (.text:NOROM_VIMSModeGet)
                  00008796    0000000e     rtsv7M3_T_le_eabi.lib : copy_decompress_none.obj (.text:decompress:none)
                  000087a4    0000000e     rom_sysbios.aem3 : rom_sysbios.obj (.text:ti_sysbios_family_arm_cc26xx_TimestampProvider_get32__E)
                  000087b2    00000002                      : rom_sysbios.obj (.text:xdc_runtime_SysCallback_defaultAbort)
                  000087b4    0000000c     rf_singleMode_cc13xxware_instrumented.aem3 : RFCC26XX_singleMode.oem3 (.text:FsmNextState)
                  000087c0    0000000c     driverlib.lib : cpu.obj (.text:NOROM_CPUcpsid)
                  000087cc    0000000c                   : cpu.obj (.text:NOROM_CPUcpsie)
                  000087d8    0000000c     drivers_cc13xxware_instrumented.aem3 : PowerCC26XX.oem3 (.text:Power_getConstraintMask)
                  000087e4    0000000c     cowtagOS_pem3.oem3 (.text:ti_sysbios_knl_Event_Params__init__S)
                  000087f0    0000000c     RadioReceive.obj (.text:ti_sysbios_knl_Event_handle)
                  000087fc    0000000c     alphaRadioTest.obj (.text:ti_sysbios_knl_Event_handle)
                  00008808    0000000c     rom_sysbios.aem3 : rom_sysbios.obj (.text:ti_sysbios_knl_Swi_getTrigger__E)
                  00008814    0000000c     cowtagOS_pem3.oem3 (.text:xdc_runtime_Startup_reset__I)
                  00008820    0000000c     rom_sysbios.aem3 : rom_sysbios.obj (.text:xdc_runtime_Startup_rtsDone__E)
                  0000882c    0000000c                      : rom_sysbios.obj (.text:xdc_runtime_SysStd_exit__E)
                  00008838    0000000c                      : rom_sysbios.obj (.text:xdc_runtime_SysStd_flush__E)
                  00008844    0000000a     drivers_cc13xxware_instrumented.aem3 : List.oem3 (.text:List_empty)
                  0000884e    00000008     smartrf_settings.obj (.text:rf_patch_cpe_genfsk)
                  00008856    00000008     smartrf_settings_predefined.obj (.text:rf_patch_cpe_genfsk)
                  0000885e    00000008     smartrf_settings_predefined.obj (.text:rf_patch_cpe_genook)
                  00008866    00000008     smartrf_settings_predefined.obj (.text:rf_patch_cpe_lrm)
                  0000886e    00000006     rf_singleMode_cc13xxware_instrumented.aem3 : RFCC26XX_singleMode.oem3 (.text:clkInactivityFxn)
                  00008874    00000006     rtsv7M3_T_le_eabi.lib : copy_decompress_rle.obj (.text:decompress:rle24)
                  0000887a    00000006     rom_sysbios.aem3 : rom_sysbios.obj (.text:ti_sysbios_family_arm_m3_Hwi_setFunc__E)
                  00008880    00000004     drivers_cc13xxware_instrumented.aem3 : List.oem3 (.text:List_head)
                  00008884    00000004                                          : List.oem3 (.text:List_next)
                  00008888    00000004     rf_singleMode_cc13xxware_instrumented.aem3 : RFCC26XX_singleMode.oem3 (.text:Q_peek)
                  0000888c    00000004     drivers_cc13xxware_instrumented.aem3 : PowerCC26XX.oem3 (.text:nopResourceHandler)
                  00008890    00000004     rom_sysbios.aem3 : rom_sysbios.obj (.text:ti_sysbios_family_arm_cc26xx_Timer_getCount64__E)
                  00008894    00000004                      : rom_sysbios.obj (.text:xdc_runtime_SysStd_putch__E)
                  00008898    00000004                      : rom_sysbios.obj (.text:xdc_runtime_SysStd_ready__E)
                  0000889c    00000004                      : rom_sysbios.obj (.text:xdc_runtime_System_printf_va__F)
                  000088a0    00000002                      : rom_sysbios.obj (.text:xdc_runtime_SysCallback_defaultExit)
                  000088a2    00000002     --HOLE-- [fill = 0]
                  000088a4    00000008     (.tramp.xdc_runtime_Core_assignParams__I.1)
                  000088ac    00000008     (.tramp.xdc_runtime_Startup_startMods__I.1)
                  000088b4    00000008     (.tramp.ti_sysbios_knl_Queue_construct.1)
                  000088bc    00000008     (.tramp.ti_sysbios_knl_Clock_logTick__E.1)
                  000088c4    00000008     (.tramp.ti_sysbios_knl_Task_Params__init__S.1)
                  000088cc    00000008     (.tramp.ti_sysbios_knl_Swi_post__E.1)
                  000088d4    00000008     (.tramp.ti_sysbios_BIOS_RtsGateProxy_leave__E.1)
                  000088dc    00000008     (.tramp.xdc_runtime_Memory_free__E.1)
                  000088e4    00000008     (.tramp.ti_sysbios_BIOS_RtsGateProxy_enter__E.1)
                  000088ec    00000008     (.tramp.xdc_runtime_Core_constructObject__I.1)
                  000088f4    00000008     (.tramp.xdc_runtime_Memory_alloc__E.1)
                  000088fc    00000008     (.tramp.ti_sysbios_knl_Task_startup__E.1)
                  00008904    00000008     (.tramp.ti_sysbios_knl_Swi_startup__E.1)
                  0000890c    00000008     (.tramp.ti_sysbios_hal_Hwi_startup__E.1)
                  00008914    00000008     (.tramp.ti_sysbios_family_arm_cc26xx_Timer_startup__E.1)
                  0000891c    00000008     (.tramp.xdc_runtime_System_atexit__E.1)
                  00008924    00000008     (.tramp.ti_sysbios_BIOS_setThreadType__E.1)
                  0000892c    00000008     (.tramp.xdc_runtime_System_exit__E.1)
                  00008934    00000008     (.tramp.ti_sysbios_knl_Task_construct.1)
                  0000893c    00000008     (.tramp.ti_sysbios_knl_Task_unblockI__E.1)
                  00008944    00000008     (.tramp.ti_sysbios_knl_Queue_remove__E.1)
                  0000894c    00000008     (.tramp.ti_sysbios_knl_Queue_head__E.1)
                  00008954    00000008     (.tramp.ti_sysbios_knl_Queue_empty__E.1)
                  0000895c    00000008     (.tramp.ti_sysbios_knl_Clock_scheduleNextTick__E.1)
                  00008964    00000008     (.tramp.ti_sysbios_knl_Clock_walkQueueDynamic__E.1)
                  0000896c    00000008     (.tramp.ti_sysbios_knl_Clock_TimerProxy_getCurrentTick__E.1)
                  00008974    00000008     (.tramp.ti_sysbios_family_arm_m3_Hwi_enableInterrupt__E.1)
                  0000897c    00000008     (.tramp.ti_sysbios_knl_Clock_removeI__E.1)
                  00008984    00000008     (.tramp.ti_sysbios_knl_Clock_startI__E.1)
                  0000898c    00000008     (.tramp.ti_sysbios_knl_Task_blockI__E.1)
                  00008994    00000008     (.tramp.ti_sysbios_knl_Queue_enqueue__E.1)
                  0000899c    00000008     (.tramp.ti_sysbios_knl_Task_self__E.1)
                  000089a4    00000008     (.tramp.ti_sysbios_knl_Clock_addI__E.1)
                  000089ac    00000008     (.tramp.ti_sysbios_BIOS_start__E.1)
                  000089b4    00000008     (.tramp.xdc_runtime_System_abort__E.1)
                  000089bc    00000008     (.tramp.ti_sysbios_knl_Clock_construct.1)
                  000089c4    00000008     (.tramp.ti_sysbios_knl_Clock_Params__init__S.1)
                  000089cc    00000008     (.tramp.ti_sysbios_family_arm_m3_Hwi_destruct.1)
                  000089d4    00000008     (.tramp.ti_sysbios_knl_Swi_destruct.1)
                  000089dc    00000008     (.tramp.ti_sysbios_knl_Clock_destruct.1)
                  000089e4    00000008     (.tramp.ti_sysbios_knl_Semaphore_destruct.1)
                  000089ec    00000008     (.tramp.xdc_runtime_System_abortSpin__E.1)
                  000089f4    00000008     (.tramp.ti_sysbios_knl_Swi_construct.1)
                  000089fc    00000008     (.tramp.ti_sysbios_knl_Swi_Params__init__S.1)
                  00008a04    00000008     (.tramp.ti_sysbios_family_arm_m3_Hwi_construct.1)
                  00008a0c    00000008     (.tramp.ti_sysbios_family_arm_m3_Hwi_Params__init__S.1)
                  00008a14    00000008     (.tramp.ti_sysbios_knl_Semaphore_construct.1)
                  00008a1c    00000008     (.tramp.ti_sysbios_knl_Semaphore_Params__init__S.1)
                  00008a24    00000008     (.tramp.xdc_runtime_Assert_raise__I.1)
                  00008a2c    00000008     (.tramp.ti_sysbios_knl_Task_restore__E.1)
                  00008a34    00000008     (.tramp.ti_sysbios_knl_Swi_restore__E.1)
                  00008a3c    00000008     (.tramp.ti_sysbios_knl_Swi_disable__E.1)
                  00008a44    00000008     (.tramp.ti_sysbios_knl_Task_disable__E.1)
                  00008a4c    00000008     (.tramp.ti_sysbios_knl_Semaphore_create.1)
                  00008a54    00000008     (.tramp.xdc_runtime_Error_init__E.1)
                  00008a5c    00000008     (.tramp.ti_sysbios_knl_Semaphore_post__E.1)
                  00008a64    00000008     (.tramp.ti_sysbios_knl_Semaphore_pend__E.1)
                  00008a6c    00000008     (.tramp.ti_sysbios_knl_Clock_start__E.1)
                  00008a74    00000008     (.tramp.ti_sysbios_knl_Clock_setTimeout__E.1)
                  00008a7c    00000008     (.tramp.ti_sysbios_family_arm_m3_Hwi_restoreFxn__E.1)
                  00008a84    00000008     (.tramp.ti_sysbios_family_arm_m3_Hwi_disableFxn__E.1)

.const     0    00008a8c    000036a0     
                  00008a8c    0000073c     smartrf_settings_predefined.obj (.const:patchGenookMce)
                  000091c8    000006b4     smartrf_settings.obj (.const:patchGenfskRfe)
                  0000987c    000006b4     smartrf_settings_predefined.obj (.const:patchGenfskRfe)
                  00009f30    000006b4     smartrf_settings_predefined.obj (.const:patchLrmRfe)
                  0000a5e4    000006a4     smartrf_settings_predefined.obj (.const:patchGenookRfe)
                  0000ac88    00000504     smartrf_settings_predefined.obj (.const:patchHsp4mbpsRfe)
                  0000b18c    000003f0     smartrf_settings_predefined.obj (.const:patchHsp4mbpsMce)
                  0000b57c    0000028c     smartrf_settings.obj (.const:patchImageGenfsk)
                  0000b808    0000028c     smartrf_settings_predefined.obj (.const:patchImageGenfsk)
                  0000ba94    0000028c     smartrf_settings_predefined.obj (.const:patchImageGenook)
                  0000bd20    0000028c     smartrf_settings_predefined.obj (.const:patchImageLrm)
                  0000bfac    0000004c     drivers_cc13xxware_instrumented.aem3 : PowerCC26XX.oem3 (.const:resourceDB)
                  0000bff8    00000048     cowtagOS_pem3.oem3 (.const:.string)
                  0000c040    0000002c     CC1310_LAUNCHXL.obj (.const:BoardGpioInitTable)
                  0000c06c    00000024     cowtagOS_pem3.oem3 (.const:xdc_runtime_Startup_sfxnTab__A)
                  0000c090    00000020     cowtagOS_pem3.oem3 (.const:ti_sysbios_knl_Event_Object__DESC__C)
                  0000c0b0    00000018     cowtagOS_pem3.oem3 (.const:ti_sysbios_knl_Event_Object__PARAMS__C)
                  0000c0c8    00000014     rf_singleMode_cc13xxware_instrumented.aem3 : RFCC26XX_singleMode.oem3 (.const)
                  0000c0dc    00000012     cowtagOS_pem3.oem3 (.const:xdc_runtime_Startup_sfxnRts__A)
                  0000c0ee    00000001     cowtagOS_pem3.oem3 (.const:xdc_runtime_Text_charTab__A)
                  0000c0ef    00000001     --HOLE-- [fill = 0]
                  0000c0f0    00000010     CC1310_LAUNCHXL.obj (.const:PowerCC26XX_config)
                  0000c100    0000000c     cowtagOS_pem3.oem3 (.const:xdc_runtime_Startup_firstFxns__A)
                  0000c10c    00000008     CC1310_LAUNCHXL.obj (.const:PINCC26XX_hwAttrs)
                  0000c114    00000004     CC1310_LAUNCHXL.obj (.const:RFCC26XX_hwAttrs)
                  0000c118    00000004     cowtagOS_pem3.oem3 (.const:ti_sysbios_knl_Clock_tickPeriod__C)
                  0000c11c    00000004     cowtagOS_pem3.oem3 (.const:ti_sysbios_knl_Clock_triggerClock__C)
                  0000c120    00000004     cowtagOS_pem3.oem3 (.const:ti_sysbios_knl_Event_Instance_State_pendQ__O)
                  0000c124    00000004     cowtagOS_pem3.oem3 (.const:ti_sysbios_knl_Idle_funcList__A)
                  0000c128    00000004     cowtagOS_pem3.oem3 (.const:xdc_runtime_System_extendFxn__C)

.init_array 
*          0    00000000    00000000     UNINITIALIZED

.resetVecs 
*          0    00000000    0000003c     
                  00000000    0000003c     cowtagOS_pem3.oem3 (.resetVecs)

.binit     0    00000000    00000000     

.const:ti_sysbios_knl_Task_Object__PARAMS__C 
*          0    00001000    0000003c     
                  00001000    0000003c     cowtagOS_pem3.oem3 (.const:ti_sysbios_knl_Task_Object__PARAMS__C)

.const:ti_sysbios_knl_Mailbox_Object__PARAMS__C 
*          0    0000103c    00000034     
                  0000103c    00000034     cowtagOS_pem3.oem3 (.const:ti_sysbios_knl_Mailbox_Object__PARAMS__C)

.const:ti_sysbios_family_arm_m3_Hwi_Object__PARAMS__C 
*          0    00001070    00000030     
                  00001070    00000030     cowtagOS_pem3.oem3 (.const:ti_sysbios_family_arm_m3_Hwi_Object__PARAMS__C)

.const:ti_sysbios_hal_Hwi_Object__PARAMS__C 
*          0    000010a0    0000002c     
                  000010a0    0000002c     cowtagOS_pem3.oem3 (.const:ti_sysbios_hal_Hwi_Object__PARAMS__C)

.const:ti_sysbios_heaps_HeapMem_Module__FXNS__C 
*          0    000010cc    00000028     
                  000010cc    00000028     cowtagOS_pem3.oem3 (.const:ti_sysbios_heaps_HeapMem_Module__FXNS__C)

.const:ti_sysbios_knl_Swi_Object__PARAMS__C 
*          0    000010f4    00000028     
                  000010f4    00000028     cowtagOS_pem3.oem3 (.const:ti_sysbios_knl_Swi_Object__PARAMS__C)

.const:ti_sysbios_gates_GateHwi_Module__FXNS__C 
*          0    0000111c    00000024     
                  0000111c    00000024     cowtagOS_pem3.oem3 (.const:ti_sysbios_gates_GateHwi_Module__FXNS__C)

.const:ti_sysbios_gates_GateMutex_Module__FXNS__C 
*          0    00001140    00000024     
                  00001140    00000024     cowtagOS_pem3.oem3 (.const:ti_sysbios_gates_GateMutex_Module__FXNS__C)

.const:ti_sysbios_heaps_HeapMem_Object__PARAMS__C 
*          0    00001164    00000024     
                  00001164    00000024     cowtagOS_pem3.oem3 (.const:ti_sysbios_heaps_HeapMem_Object__PARAMS__C)

.const:ti_sysbios_knl_Clock_Object__PARAMS__C 
*          0    00001188    00000024     
                  00001188    00000024     cowtagOS_pem3.oem3 (.const:ti_sysbios_knl_Clock_Object__PARAMS__C)

.const:ti_sysbios_knl_Semaphore_Object__PARAMS__C 
*          0    000011ac    00000024     
                  000011ac    00000024     cowtagOS_pem3.oem3 (.const:ti_sysbios_knl_Semaphore_Object__PARAMS__C)

.const:ti_sysbios_family_arm_m3_Hwi_Object__DESC__C 
*          0    000011d0    00000020     
                  000011d0    00000020     cowtagOS_pem3.oem3 (.const:ti_sysbios_family_arm_m3_Hwi_Object__DESC__C)

.const:ti_sysbios_gates_GateHwi_Object__DESC__C 
*          0    000011f0    00000020     
                  000011f0    00000020     cowtagOS_pem3.oem3 (.const:ti_sysbios_gates_GateHwi_Object__DESC__C)

.const:ti_sysbios_gates_GateMutex_Object__DESC__C 
*          0    00001210    00000020     
                  00001210    00000020     cowtagOS_pem3.oem3 (.const:ti_sysbios_gates_GateMutex_Object__DESC__C)

.const:ti_sysbios_hal_Hwi_Object__DESC__C 
*          0    00001230    00000020     
                  00001230    00000020     cowtagOS_pem3.oem3 (.const:ti_sysbios_hal_Hwi_Object__DESC__C)

.const:ti_sysbios_heaps_HeapMem_Object__DESC__C 
*          0    00001250    00000020     
                  00001250    00000020     cowtagOS_pem3.oem3 (.const:ti_sysbios_heaps_HeapMem_Object__DESC__C)

.const:ti_sysbios_knl_Clock_Object__DESC__C 
*          0    00001270    00000020     
                  00001270    00000020     cowtagOS_pem3.oem3 (.const:ti_sysbios_knl_Clock_Object__DESC__C)

.const:ti_sysbios_knl_Mailbox_Object__DESC__C 
*          0    00001290    00000020     
                  00001290    00000020     cowtagOS_pem3.oem3 (.const:ti_sysbios_knl_Mailbox_Object__DESC__C)

.const:ti_sysbios_knl_Queue_Object__DESC__C 
*          0    000012b0    00000020     
                  000012b0    00000020     cowtagOS_pem3.oem3 (.const:ti_sysbios_knl_Queue_Object__DESC__C)

.const:ti_sysbios_knl_Semaphore_Object__DESC__C 
*          0    000012d0    00000020     
                  000012d0    00000020     cowtagOS_pem3.oem3 (.const:ti_sysbios_knl_Semaphore_Object__DESC__C)

.const:ti_sysbios_knl_Swi_Object__DESC__C 
*          0    000012f0    00000020     
                  000012f0    00000020     cowtagOS_pem3.oem3 (.const:ti_sysbios_knl_Swi_Object__DESC__C)

.const:ti_sysbios_knl_Task_Object__DESC__C 
*          0    00001310    00000020     
                  00001310    00000020     cowtagOS_pem3.oem3 (.const:ti_sysbios_knl_Task_Object__DESC__C)

.const:ti_sysbios_gates_GateHwi_Object__PARAMS__C 
*          0    00001330    00000018     
                  00001330    00000018     cowtagOS_pem3.oem3 (.const:ti_sysbios_gates_GateHwi_Object__PARAMS__C)

.const:ti_sysbios_gates_GateMutex_Object__PARAMS__C 
*          0    00001348    00000018     
                  00001348    00000018     cowtagOS_pem3.oem3 (.const:ti_sysbios_gates_GateMutex_Object__PARAMS__C)

.const:ti_sysbios_knl_Queue_Object__PARAMS__C 
*          0    00001360    00000018     
                  00001360    00000018     cowtagOS_pem3.oem3 (.const:ti_sysbios_knl_Queue_Object__PARAMS__C)

.const:ti_sysbios_knl_Idle_funcList__C 
*          0    00001378    00000008     
                  00001378    00000008     cowtagOS_pem3.oem3 (.const:ti_sysbios_knl_Idle_funcList__C)

.const:ti_sysbios_family_arm_cc26xx_Timer_startupNeeded__C 
*          0    00001384    00000004     
                  00001384    00000004     cowtagOS_pem3.oem3 (.const:ti_sysbios_family_arm_cc26xx_Timer_startupNeeded__C)

.const:ti_sysbios_family_arm_m3_Hwi_E_alreadyDefined__C 
*          0    00001388    00000004     
                  00001388    00000004     cowtagOS_pem3.oem3 (.const:ti_sysbios_family_arm_m3_Hwi_E_alreadyDefined__C)

.const:ti_sysbios_family_arm_m3_Hwi_E_hwiLimitExceeded__C 
*          0    0000138c    00000004     
                  0000138c    00000004     cowtagOS_pem3.oem3 (.const:ti_sysbios_family_arm_m3_Hwi_E_hwiLimitExceeded__C)

.const:ti_sysbios_family_arm_m3_Hwi_NUM_INTERRUPTS__C 
*          0    00001390    00000004     
                  00001390    00000004     cowtagOS_pem3.oem3 (.const:ti_sysbios_family_arm_m3_Hwi_NUM_INTERRUPTS__C)

.const:ti_sysbios_family_arm_m3_Hwi_Object__count__C 
*          0    00001394    00000004     
                  00001394    00000004     cowtagOS_pem3.oem3 (.const:ti_sysbios_family_arm_m3_Hwi_Object__count__C)

.const:ti_sysbios_family_arm_m3_Hwi_Object__table__C 
*          0    00001398    00000004     
                  00001398    00000004     cowtagOS_pem3.oem3 (.const:ti_sysbios_family_arm_m3_Hwi_Object__table__C)

.const:ti_sysbios_family_arm_m3_Hwi_ccr__C 
*          0    0000139c    00000004     
                  0000139c    00000004     cowtagOS_pem3.oem3 (.const:ti_sysbios_family_arm_m3_Hwi_ccr__C)

.const:ti_sysbios_family_arm_m3_Hwi_excHandlerFunc__C 
*          0    000013a0    00000004     
                  000013a0    00000004     cowtagOS_pem3.oem3 (.const:ti_sysbios_family_arm_m3_Hwi_excHandlerFunc__C)

.const:ti_sysbios_family_arm_m3_Hwi_nullIsrFunc__C 
*          0    000013a4    00000004     
                  000013a4    00000004     cowtagOS_pem3.oem3 (.const:ti_sysbios_family_arm_m3_Hwi_nullIsrFunc__C)

.const:ti_sysbios_family_arm_m3_Hwi_numSparseInterrupts__C 
*          0    000013a8    00000004     
                  000013a8    00000004     cowtagOS_pem3.oem3 (.const:ti_sysbios_family_arm_m3_Hwi_numSparseInterrupts__C)

.const:ti_sysbios_family_arm_m3_Hwi_priGroup__C 
*          0    000013ac    00000004     
                  000013ac    00000004     cowtagOS_pem3.oem3 (.const:ti_sysbios_family_arm_m3_Hwi_priGroup__C)

.const:ti_sysbios_family_arm_m3_TaskSupport_stackAlignment__C 
*          0    000013b0    00000004     
                  000013b0    00000004     cowtagOS_pem3.oem3 (.const:ti_sysbios_family_arm_m3_TaskSupport_stackAlignment__C)

.const:ti_sysbios_heaps_HeapMem_E_memory__C 
*          0    000013b4    00000004     
                  000013b4    00000004     cowtagOS_pem3.oem3 (.const:ti_sysbios_heaps_HeapMem_E_memory__C)

.const:ti_sysbios_heaps_HeapMem_Module__gateObj__C 
*          0    000013b8    00000004     
                  000013b8    00000004     cowtagOS_pem3.oem3 (.const:ti_sysbios_heaps_HeapMem_Module__gateObj__C)

.const:ti_sysbios_heaps_HeapMem_Object__count__C 
*          0    000013bc    00000004     
                  000013bc    00000004     cowtagOS_pem3.oem3 (.const:ti_sysbios_heaps_HeapMem_Object__count__C)

.const:ti_sysbios_heaps_HeapMem_Object__table__C 
*          0    000013c0    00000004     
                  000013c0    00000004     cowtagOS_pem3.oem3 (.const:ti_sysbios_heaps_HeapMem_Object__table__C)

.const:ti_sysbios_heaps_HeapMem_reqAlign__C 
*          0    000013c4    00000004     
                  000013c4    00000004     cowtagOS_pem3.oem3 (.const:ti_sysbios_heaps_HeapMem_reqAlign__C)

.const:ti_sysbios_knl_Clock_serviceMargin__C 
*          0    000013c8    00000004     
                  000013c8    00000004     cowtagOS_pem3.oem3 (.const:ti_sysbios_knl_Clock_serviceMargin__C)

.const:ti_sysbios_knl_Mailbox_Object__count__C 
*          0    000013cc    00000004     
                  000013cc    00000004     cowtagOS_pem3.oem3 (.const:ti_sysbios_knl_Mailbox_Object__count__C)

.const:ti_sysbios_knl_Mailbox_Object__table__C 
*          0    000013d0    00000004     
                  000013d0    00000004     cowtagOS_pem3.oem3 (.const:ti_sysbios_knl_Mailbox_Object__table__C)

.const:ti_sysbios_knl_Mailbox_maxTypeAlign__C 
*          0    000013d4    00000004     
                  000013d4    00000004     cowtagOS_pem3.oem3 (.const:ti_sysbios_knl_Mailbox_maxTypeAlign__C)

.const:ti_sysbios_knl_Queue_Object__count__C 
*          0    000013d8    00000004     
                  000013d8    00000004     cowtagOS_pem3.oem3 (.const:ti_sysbios_knl_Queue_Object__count__C)

.const:ti_sysbios_knl_Queue_Object__table__C 
*          0    000013dc    00000004     
                  000013dc    00000004     cowtagOS_pem3.oem3 (.const:ti_sysbios_knl_Queue_Object__table__C)

.const:ti_sysbios_knl_Swi_Object__count__C 
*          0    000013e0    00000004     
                  000013e0    00000004     cowtagOS_pem3.oem3 (.const:ti_sysbios_knl_Swi_Object__count__C)

.const:ti_sysbios_knl_Swi_Object__table__C 
*          0    000013e4    00000004     
                  000013e4    00000004     cowtagOS_pem3.oem3 (.const:ti_sysbios_knl_Swi_Object__table__C)

.const:ti_sysbios_knl_Swi_numPriorities__C 
*          0    000013e8    00000004     
                  000013e8    00000004     cowtagOS_pem3.oem3 (.const:ti_sysbios_knl_Swi_numPriorities__C)

.const:ti_sysbios_knl_Task_Object__count__C 
*          0    000013ec    00000004     
                  000013ec    00000004     cowtagOS_pem3.oem3 (.const:ti_sysbios_knl_Task_Object__count__C)

.const:ti_sysbios_knl_Task_Object__table__C 
*          0    000013f0    00000004     
                  000013f0    00000004     cowtagOS_pem3.oem3 (.const:ti_sysbios_knl_Task_Object__table__C)

.const:ti_sysbios_knl_Task_allBlockedFunc__C 
*          0    000013f4    00000004     
                  000013f4    00000004     cowtagOS_pem3.oem3 (.const:ti_sysbios_knl_Task_allBlockedFunc__C)

.const:ti_sysbios_knl_Task_defaultStackHeap__C 
*          0    000013f8    00000004     
                  000013f8    00000004     cowtagOS_pem3.oem3 (.const:ti_sysbios_knl_Task_defaultStackHeap__C)

.const:ti_sysbios_knl_Task_defaultStackSize__C 
*          0    000013fc    00000004     
                  000013fc    00000004     cowtagOS_pem3.oem3 (.const:ti_sysbios_knl_Task_defaultStackSize__C)

.const:ti_sysbios_knl_Task_numConstructedTasks__C 
*          0    00001400    00000004     
                  00001400    00000004     cowtagOS_pem3.oem3 (.const:ti_sysbios_knl_Task_numConstructedTasks__C)

.const:ti_sysbios_family_arm_cc26xx_Timer_Module__id__C 
*          0    00001406    00000002     
                  00001406    00000002     cowtagOS_pem3.oem3 (.const:ti_sysbios_family_arm_cc26xx_Timer_Module__id__C)

.const:ti_sysbios_family_arm_cc26xx_TimestampProvider_useClockTimer__C 
*          0    00001408    00000002     
                  00001408    00000002     cowtagOS_pem3.oem3 (.const:ti_sysbios_family_arm_cc26xx_TimestampProvider_useClockTimer__C)

.const:ti_sysbios_family_arm_m3_Hwi_Module__id__C 
*          0    0000140a    00000002     
                  0000140a    00000002     cowtagOS_pem3.oem3 (.const:ti_sysbios_family_arm_m3_Hwi_Module__id__C)

.const:ti_sysbios_gates_GateHwi_Module__id__C 
*          0    0000140c    00000002     
                  0000140c    00000002     cowtagOS_pem3.oem3 (.const:ti_sysbios_gates_GateHwi_Module__id__C)

.const:ti_sysbios_gates_GateMutex_Module__id__C 
*          0    0000140e    00000002     
                  0000140e    00000002     cowtagOS_pem3.oem3 (.const:ti_sysbios_gates_GateMutex_Module__id__C)

.const:ti_sysbios_heaps_HeapMem_Module__id__C 
*          0    00001410    00000002     
                  00001410    00000002     cowtagOS_pem3.oem3 (.const:ti_sysbios_heaps_HeapMem_Module__id__C)

.const:ti_sysbios_knl_Task_initStackFlag__C 
*          0    00001412    00000002     
                  00001412    00000002     cowtagOS_pem3.oem3 (.const:ti_sysbios_knl_Task_initStackFlag__C)

.const:ti_sysbios_knl_Clock_tickMode__C 
*          0    00001414    00000001     
                  00001414    00000001     cowtagOS_pem3.oem3 (.const:ti_sysbios_knl_Clock_tickMode__C)

.const:xdc_runtime_Startup_firstFxns__C 
*          0    00001418    00000008     
                  00001418    00000008     cowtagOS_pem3.oem3 (.const:xdc_runtime_Startup_firstFxns__C)

.const:xdc_runtime_Startup_lastFxns__C 
*          0    00001420    00000008     
                  00001420    00000008     cowtagOS_pem3.oem3 (.const:xdc_runtime_Startup_lastFxns__C)

.const:xdc_runtime_Assert_E_assertFailed__C 
*          0    00001428    00000004     
                  00001428    00000004     cowtagOS_pem3.oem3 (.const:xdc_runtime_Assert_E_assertFailed__C)

.const:xdc_runtime_Error_E_memory__C 
*          0    0000142c    00000004     
                  0000142c    00000004     cowtagOS_pem3.oem3 (.const:xdc_runtime_Error_E_memory__C)

.const:xdc_runtime_Error_policyFxn__C 
*          0    00001430    00000004     
                  00001430    00000004     cowtagOS_pem3.oem3 (.const:xdc_runtime_Error_policyFxn__C)

.const:xdc_runtime_IGateProvider_Interface__BASE__C 
*          0    00001434    00000004     
                  00001434    00000004     cowtagOS_pem3.oem3 (.const:xdc_runtime_IGateProvider_Interface__BASE__C)

.const:xdc_runtime_IHeap_Interface__BASE__C 
*          0    00001438    00000004     
                  00001438    00000004     cowtagOS_pem3.oem3 (.const:xdc_runtime_IHeap_Interface__BASE__C)

.const:xdc_runtime_IModule_Interface__BASE__C 
*          0    0000143c    00000004     
                  0000143c    00000004     cowtagOS_pem3.oem3 (.const:xdc_runtime_IModule_Interface__BASE__C)

.const:xdc_runtime_Main_Module__diagsEnabled__C 
*          0    00001440    00000004     
                  00001440    00000004     cowtagOS_pem3.oem3 (.const:xdc_runtime_Main_Module__diagsEnabled__C)

.const:xdc_runtime_Main_Module__diagsIncluded__C 
*          0    00001444    00000004     
                  00001444    00000004     cowtagOS_pem3.oem3 (.const:xdc_runtime_Main_Module__diagsIncluded__C)

.const:xdc_runtime_Main_Module__diagsMask__C 
*          0    00001448    00000004     
                  00001448    00000004     cowtagOS_pem3.oem3 (.const:xdc_runtime_Main_Module__diagsMask__C)

.const:xdc_runtime_Memory_defaultHeapInstance__C 
*          0    0000144c    00000004     
                  0000144c    00000004     cowtagOS_pem3.oem3 (.const:xdc_runtime_Memory_defaultHeapInstance__C)

.const:xdc_runtime_Startup_execImpl__C 
*          0    00001450    00000004     
                  00001450    00000004     cowtagOS_pem3.oem3 (.const:xdc_runtime_Startup_execImpl__C)

.const:xdc_runtime_Startup_maxPasses__C 
*          0    00001454    00000004     
                  00001454    00000004     cowtagOS_pem3.oem3 (.const:xdc_runtime_Startup_maxPasses__C)

.const:xdc_runtime_Startup_sfxnRts__C 
*          0    00001458    00000004     
                  00001458    00000004     cowtagOS_pem3.oem3 (.const:xdc_runtime_Startup_sfxnRts__C)

.const:xdc_runtime_Startup_sfxnTab__C 
*          0    0000145c    00000004     
                  0000145c    00000004     cowtagOS_pem3.oem3 (.const:xdc_runtime_Startup_sfxnTab__C)

.const:xdc_runtime_Startup_startModsFxn__C 
*          0    00001460    00000004     
                  00001460    00000004     cowtagOS_pem3.oem3 (.const:xdc_runtime_Startup_startModsFxn__C)

.const:xdc_runtime_SysCallback_abortFxn__C 
*          0    00001464    00000004     
                  00001464    00000004     cowtagOS_pem3.oem3 (.const:xdc_runtime_SysCallback_abortFxn__C)

.const:xdc_runtime_SysCallback_exitFxn__C 
*          0    00001468    00000004     
                  00001468    00000004     cowtagOS_pem3.oem3 (.const:xdc_runtime_SysCallback_exitFxn__C)

.const:xdc_runtime_System_abortFxn__C 
*          0    0000146c    00000004     
                  0000146c    00000004     cowtagOS_pem3.oem3 (.const:xdc_runtime_System_abortFxn__C)

.const:xdc_runtime_System_exitFxn__C 
*          0    00001470    00000004     
                  00001470    00000004     cowtagOS_pem3.oem3 (.const:xdc_runtime_System_exitFxn__C)

.const:xdc_runtime_System_maxAtexitHandlers__C 
*          0    00001474    00000004     
                  00001474    00000004     cowtagOS_pem3.oem3 (.const:xdc_runtime_System_maxAtexitHandlers__C)

.const:xdc_runtime_Text_charTab__C 
*          0    00001478    00000004     
                  00001478    00000004     cowtagOS_pem3.oem3 (.const:xdc_runtime_Text_charTab__C)

.const:xdc_runtime_Text_nameEmpty__C 
*          0    0000147c    00000004     
                  0000147c    00000004     cowtagOS_pem3.oem3 (.const:xdc_runtime_Text_nameEmpty__C)

.const:xdc_runtime_Text_nameStatic__C 
*          0    00001480    00000004     
                  00001480    00000004     cowtagOS_pem3.oem3 (.const:xdc_runtime_Text_nameStatic__C)

.const:xdc_runtime_Text_nameUnknown__C 
*          0    00001484    00000004     
                  00001484    00000004     cowtagOS_pem3.oem3 (.const:xdc_runtime_Text_nameUnknown__C)

.const:xdc_runtime_Main_Module__id__C 
*          0    00001488    00000002     
                  00001488    00000002     cowtagOS_pem3.oem3 (.const:xdc_runtime_Main_Module__id__C)

.const:xdc_runtime_Memory_Module__id__C 
*          0    0000148a    00000002     
                  0000148a    00000002     cowtagOS_pem3.oem3 (.const:xdc_runtime_Memory_Module__id__C)

.const:xdc_runtime_Text_charCnt__C 
*          0    0000148c    00000002     
                  0000148c    00000002     cowtagOS_pem3.oem3 (.const:xdc_runtime_Text_charCnt__C)

.const:xdc_runtime_Text_isLoaded__C 
*          0    0000148e    00000002     
                  0000148e    00000002     cowtagOS_pem3.oem3 (.const:xdc_runtime_Text_isLoaded__C)

.const:xdc_runtime_Error_policy__C 
*          0    00001490    00000001     
                  00001490    00000001     cowtagOS_pem3.oem3 (.const:xdc_runtime_Error_policy__C)

.const:ti_sysbios_rom_ROM_AONRTCChannelEnable 
*          0    00001494    00000004     
                  00001494    00000004     cowtagOS_pem3.oem3 (.const:ti_sysbios_rom_ROM_AONRTCChannelEnable)

.const:ti_sysbios_rom_ROM_AONRTCCompareValueSet 
*          0    00001498    00000004     
                  00001498    00000004     cowtagOS_pem3.oem3 (.const:ti_sysbios_rom_ROM_AONRTCCompareValueSet)

.const:ti_sysbios_rom_ROM_AONRTCCurrentCompareValueGet 
*          0    0000149c    00000004     
                  0000149c    00000004     cowtagOS_pem3.oem3 (.const:ti_sysbios_rom_ROM_AONRTCCurrentCompareValueGet)

.const:ti_sysbios_rom_ROM_AONRTCEventClear 
*          0    000014a0    00000004     
                  000014a0    00000004     cowtagOS_pem3.oem3 (.const:ti_sysbios_rom_ROM_AONRTCEventClear)

.const:ti_sysbios_rom_ROM_ti_sysbios_family_arm_cc26xx_Timer_getCount64__E 
*          0    000014a4    00000004     
                  000014a4    00000004     cowtagOS_pem3.oem3 (.const:ti_sysbios_rom_ROM_ti_sysbios_family_arm_cc26xx_Timer_getCount64__E)

.const:ti_sysbios_rom_ROM_ti_sysbios_family_arm_cc26xx_Timer_getCurrentTick__E 
*          0    000014a8    00000004     
                  000014a8    00000004     cowtagOS_pem3.oem3 (.const:ti_sysbios_rom_ROM_ti_sysbios_family_arm_cc26xx_Timer_getCurrentTick__E)

.const:ti_sysbios_rom_ROM_ti_sysbios_family_arm_cc26xx_Timer_getMaxTicks__E 
*          0    000014ac    00000004     
                  000014ac    00000004     cowtagOS_pem3.oem3 (.const:ti_sysbios_rom_ROM_ti_sysbios_family_arm_cc26xx_Timer_getMaxTicks__E)

.const:ti_sysbios_rom_ROM_ti_sysbios_family_arm_cc26xx_Timer_initDevice__I 
*          0    000014b0    00000004     
                  000014b0    00000004     cowtagOS_pem3.oem3 (.const:ti_sysbios_rom_ROM_ti_sysbios_family_arm_cc26xx_Timer_initDevice__I)

.const:ti_sysbios_rom_ROM_ti_sysbios_family_arm_cc26xx_Timer_setNextTick__E 
*          0    000014b4    00000004     
                  000014b4    00000004     cowtagOS_pem3.oem3 (.const:ti_sysbios_rom_ROM_ti_sysbios_family_arm_cc26xx_Timer_setNextTick__E)

.const:ti_sysbios_rom_ROM_ti_sysbios_family_arm_cc26xx_Timer_setThreshold__I 
*          0    000014b8    00000004     
                  000014b8    00000004     cowtagOS_pem3.oem3 (.const:ti_sysbios_rom_ROM_ti_sysbios_family_arm_cc26xx_Timer_setThreshold__I)

.const:ti_sysbios_rom_ROM_ti_sysbios_family_arm_cc26xx_Timer_start__E 
*          0    000014bc    00000004     
                  000014bc    00000004     cowtagOS_pem3.oem3 (.const:ti_sysbios_rom_ROM_ti_sysbios_family_arm_cc26xx_Timer_start__E)

.const:ti_sysbios_rom_ROM_ti_sysbios_family_arm_cc26xx_TimestampProvider_get32__E 
*          0    000014c0    00000004     
                  000014c0    00000004     cowtagOS_pem3.oem3 (.const:ti_sysbios_rom_ROM_ti_sysbios_family_arm_cc26xx_TimestampProvider_get32__E)

.const:ti_sysbios_rom_ROM_xdc_runtime_Startup_getState__I 
*          0    000014c4    00000004     
                  000014c4    00000004     cowtagOS_pem3.oem3 (.const:ti_sysbios_rom_ROM_xdc_runtime_Startup_getState__I)

.const:ti_sysbios_rom_ROM_xdc_runtime_System_SupportProxy_abort__E 
*          0    000014c8    00000004     
                  000014c8    00000004     cowtagOS_pem3.oem3 (.const:ti_sysbios_rom_ROM_xdc_runtime_System_SupportProxy_abort__E)

.const:ti_sysbios_rom_ROM_xdc_runtime_System_SupportProxy_exit__E 
*          0    000014cc    00000004     
                  000014cc    00000004     cowtagOS_pem3.oem3 (.const:ti_sysbios_rom_ROM_xdc_runtime_System_SupportProxy_exit__E)

.const:ti_sysbios_gates_GateMutex_Instance_State_sem__O 
*          0    000014d0    00000004     
                  000014d0    00000004     cowtagOS_pem3.oem3 (.const:ti_sysbios_gates_GateMutex_Instance_State_sem__O)

.const:ti_sysbios_knl_Clock_Module_State_clockQ__O 
*          0    000014d4    00000004     
                  000014d4    00000004     cowtagOS_pem3.oem3 (.const:ti_sysbios_knl_Clock_Module_State_clockQ__O)

.const:ti_sysbios_knl_Mailbox_Instance_State_dataQue__O 
[...]
1001c285  ti_sysbios_hal_Hwi_HwiProxy_getStackInfo__E                               
1001c285  ti_sysbios_hal_Hwi_getStackInfo__E                                        
1001c289  ti_sysbios_hal_Hwi_HwiProxy_startup__E                                    
1001c289  ti_sysbios_hal_Hwi_startup__E                                             
1001c28d  ti_sysbios_hal_Hwi_HwiProxy_switchFromBootStack__E                        
1001c291  ti_sysbios_hal_Hwi_delete                                                 
1001c295  ti_sysbios_hal_Hwi_switchFromBootStack__E                                 
1001c299  ti_sysbios_heaps_HeapMem_Module_GateProxy_enter__E                        
1001c29d  ti_sysbios_heaps_HeapMem_Module_GateProxy_leave__E                        
1001c2a1  ti_sysbios_heaps_HeapMem_isBlocking__E                                    
1001c2a5  ti_sysbios_knl_Clock_TimerProxy_Module__startupDone__S                    
1001c2a9  ti_sysbios_knl_Clock_TimerProxy_getExpiredTicks__E                        
1001c2ad  ti_sysbios_knl_Clock_TimerProxy_getPeriod__E                              
1001c2b1  ti_sysbios_knl_Clock_delete                                               
1001c2b5  ti_sysbios_knl_Clock_destruct                                             
1001c2b9  ti_sysbios_knl_Clock_removeI__E                                           
1001c2bd  ti_sysbios_knl_Clock_setTimeout__E                                        
1001c2c1  ti_sysbios_knl_Mailbox_delete                                             
1001c2c5  ti_sysbios_knl_Mailbox_destruct                                           
1001c2c9  ti_sysbios_knl_Queue_delete                                               
1001c2cd  ti_sysbios_knl_Queue_destruct                                             
1001c2d1  ti_sysbios_knl_Queue_head__E                                              
1001c2d5  ti_sysbios_knl_Queue_next__E                                              
1001c2d9  ti_sysbios_knl_Semaphore_delete                                           
1001c2dd  ti_sysbios_knl_Semaphore_destruct                                         
1001c2e1  ti_sysbios_knl_Swi_delete                                                 
1001c2e5  ti_sysbios_knl_Swi_destruct                                               
1001c2e9  ti_sysbios_knl_Swi_postInit__I                                            
1001c2ed  ti_sysbios_knl_Task_SupportProxy_Module__startupDone__S                   
1001c2f1  ti_sysbios_knl_Task_SupportProxy_getStackAlignment__E                     
1001c2f5  ti_sysbios_knl_Task_SupportProxy_start__E                                 
1001c2f9  ti_sysbios_knl_Task_SupportProxy_swap__E                                  
1001c2fd  ti_sysbios_knl_Task_delete                                                
1001c301  ti_sysbios_knl_Task_destruct                                              
1001c305  ti_sysbios_knl_Task_startup__E                                            
1001c309  xdc_runtime_Startup_startMods__I                                          
1001c401  xdc_runtime_Core_createObject__I                                          
1001c483  xdc_runtime_Error_policySpin__E                                           
1001c485  xdc_runtime_Memory_alloc__E                                               
1001c4f5  xdc_runtime_Core_deleteObject__I                                          
1001c555  xdc_runtime_Startup_exec__E                                               
1001c5a5  xdc_runtime_Assert_raise__I                                               
1001c5ed  xdc_runtime_Core_assignParams__I                                          
1001c635  xdc_runtime_Core_constructObject__I                                       
1001c67d  xdc_runtime_System_atexit__E                                              
1001c6b5  xdc_runtime_System_processAtExit__E                                       
1001c6e9  xdc_runtime_Core_assignLabel__I                                           
1001c719  xdc_runtime_Text_cordText__E                                              
1001c745  xdc_runtime_System_abort__E                                               
1001c765  xdc_runtime_Error_raiseX__E                                               
1001c781  xdc_runtime_Memory_valloc__E                                              
1001c79d  xdc_runtime_Core_destructObject__I                                        
1001c7b5  xdc_runtime_Error_check__E                                                
1001c7cd  xdc_runtime_System_exit__E                                                
1001c7e5  xdc_runtime_Text_ropeText__E                                              
1001c7fd  xdc_runtime_Memory_free__E                                                
1001c80d  xdc_runtime_SysCallback_abort__E                                          
1001c81d  xdc_runtime_SysCallback_exit__E                                           
1001c82d  xdc_runtime_Timestamp_SupportProxy_get32__E                               
1001c82d  xdc_runtime_Timestamp_get32__E                                            
1001c83d  xdc_runtime_Error_init__E                                                 
1001c849  xdc_runtime_Memory_calloc__E                                              
1001c855  xdc_runtime_Memory_getMaxDefaultTypeAlign__E                              
1001c875  xdc_runtime_Gate_leaveSystem__E                                           
1001c87b  xdc_runtime_System_Module_startup__E                                      
1001c881  xdc_runtime_Gate_enterSystem__E                                           
1001c885  xdc_runtime_Memory_HeapProxy_alloc__E                                     
1001c889  xdc_runtime_Memory_HeapProxy_free__E                                      
1001c88d  xdc_runtime_System_Module_GateProxy_enter__E                              
1001c891  xdc_runtime_System_Module_GateProxy_leave__E                              
1001c895  xdc_runtime_System_abortSpin__E                                           
1001c897  xdc_runtime_System_exitSpin__E                                            
1001c899  ti_sysbios_family_arm_m3_Hwi_dispatch__I                                  
1001c969  ti_sysbios_family_arm_m3_TaskSupport_buildTaskStack                       
1001c9b5  ti_sysbios_family_arm_m3_Hwi_initStacks__E                                
1001c9fd  ti_sysbios_family_arm_m3_Hwi_excHandlerAsm__I                             
1001ca1d  ti_sysbios_family_xxx_Hwi_switchAndRunFunc                                
1001ca3b  ti_sysbios_family_arm_m3_Hwi_pendSV__I                                    
1001ca53  ti_sysbios_family_arm_m3_Hwi_return                                       
1001ca55  ti_sysbios_family_arm_m3_TaskSupport_glue                                 
1001ca65  ti_sysbios_family_arm_m3_TaskSupport_swap__E                              
1001ca6d  ti_sysbios_knl_Task_swapReturn                                            
1001ca97  ti_sysbios_rom_cortexm_cc13xx_CC13xx_getRevision__E                       
20000000  ti_sysbios_family_arm_m3_Hwi_ramVectors                                   
20000100  ti_sysbios_knl_Task_Module__state__V                                      
20000144  ti_sysbios_family_arm_m3_Hwi_Module__state__V                             
20000178  ti_sysbios_knl_Clock_Module__state__V                                     
200001a4  ti_sysbios_BIOS_Module__state__V                                          
200001c8  ti_sysbios_knl_Swi_Module__state__V                                       
200001e4  ti_sysbios_family_arm_cc26xx_Timer_Module__state__V                       
200001ec  ti_sysbios_family_arm_cc26xx_TimestampProvider_Module__state__V           
200001f0  xdc_runtime_Startup_Module__state__V                                      
200001f8  xdc_runtime_System_Module__state__V                                       
20000200  xdc_runtime_Memory_Module__state__V                                       
20000a08  ti_sysbios_heaps_HeapMem_Instance_State_0_buf__A                          
20000e08  ti_sysbios_knl_Task_Instance_State_0_stack__A                             
20001008  __CIOBUF_                                                                 
20001228  ti_sysbios_family_arm_m3_Hwi_dispatchTable                                
200013b0  __TI_tmpnams                                                              
20001450  knownSensorNodes                                                          
20001738  PIN_HandleTable                                                           
200017b4  concentratorRadioTask                                                     
20001804  concentratorTask                                                          
20001b24  concentratorEvent                                                         
20001b4c  radioOperationEvent                                                       
20001b8c  ledPinState                                                               
20001bc0  PIN_NumPins                                                               
20001bcc  ledPinHandle                                                              
20001bea  driverlib_release_0_47020                                                 
20001bf0  PowerCC26XX_module                                                        
20001d00  _ftable                                                                   
20001ec0  pOverrides_hsm                                                            
20001f20  pOverrides_lrm                                                            
20001f7c  pOverrides_ook                                                            
20002030  pOverrides_fsk                                                            
20002088  ti_sysbios_knl_Task_Object__table__V                                      
200020d8  ti_sysbios_family_arm_cc26xx_Timer_Object__table__V                       
20002120  RF_pProp_fsk                                                              
20002124  RF_pProp_lrm                                                              
20002128  RF_pProp_ook                                                              
2000212c  RF_pProp_hsm                                                              
20002130  RF_pProp_2_4G_fsk                                                         
20002134  RF_pCmdPropRadioDivSetup_fsk                                              
20002138  RF_pCmdPropRadioDivSetup_lrm                                              
2000213c  RF_pCmdPropRadioDivSetup_ook                                              
20002140  RF_pCmdRadioSetup_hsm                                                     
20002144  RF_pCmdPropRadioSetup_2_4G_fsk                                            
20002148  RF_pCmdTxHS                                                               
2000214c  RF_pCmdRxHS                                                               
20002150  RF_pCmdFs_preDef                                                          
20002154  RF_pCmdPropTx_preDef                                                      
20002158  RF_pCmdPropRxAdv_preDef                                                   
2000215c  ti_sysbios_gates_GateMutex_Object__table__V                               
20002194  RF_cmdPropRxAdv_preDef                                                    
200021c4  ti_sysbios_knl_Swi_Module_State_0_readyQ__A                               
200021f4  ti_sysbios_knl_Swi_Object__table__V                                       
20002224  RF_cmdPropRadioDivSetup                                                   
2000224c  RF_cmdPropRadioDivSetup_fsk                                               
20002274  RF_cmdPropRadioDivSetup_lrm                                               
2000229c  RF_cmdPropRadioDivSetup_ook                                               
200022c4  RF_cmdRxHS                                                                
200022e8  ti_sysbios_knl_Clock_Object__table__V                                     
20002308  ti_sysbios_knl_Task_Module_State_0_readyQ__A                              
20002328  RF_cmdFs                                                                  
20002340  RF_cmdFs_preDef                                                           
20002358  RF_cmdPropTx                                                              
20002370  RF_cmdPropTx_preDef                                                       
20002388  RF_cmdRadioSetup_hsm                                                      
200023b8  shapeovr                                                                  
200023d0  ti_sysbios_family_arm_m3_Hwi_Object__table__V                             
200023e8  ti_sysbios_heaps_HeapMem_Object__table__V                                 
20002400  RF_cmdTxHS                                                                
20002414  RF_prop                                                                   
20002424  RF_prop_fsk                                                               
20002434  RF_prop_hsm                                                               
20002444  RF_prop_lrm                                                               
20002454  RF_prop_ook                                                               
20002474  __TI_ft_end                                                               
20002478  __aeabi_stdin                                                             
2000247c  __aeabi_stdout                                                            
20002480  __aeabi_stderr                                                            
20002494  __TI_cleanup_ptr                                                          
20002498  __TI_dtors_ptr                                                            
2000249c  __TI_enable_exit_profile_output                                           
200024a0  _lock                                                                     
200024a4  _unlock                                                                   
200024a8  ti_sysbios_family_arm_m3_Hwi_Module__root__V                              
200024b0  ti_sysbios_gates_GateHwi_Module__root__V                                  
200024b8  ti_sysbios_gates_GateMutex_Module__root__V                                
200024c0  ti_sysbios_hal_Hwi_Module__root__V                                        
200024c8  ti_sysbios_heaps_HeapMem_Module__root__V                                  
200024d0  ti_sysbios_knl_Clock_Module__root__V                                      
200024d8  ti_sysbios_knl_Event_Module__root__V                                      
200024e0  ti_sysbios_knl_Mailbox_Module__root__V                                    
200024e8  ti_sysbios_knl_Queue_Module__root__V                                      
200024f0  ti_sysbios_knl_Semaphore_Module__root__V                                  
200024f8  ti_sysbios_knl_Swi_Module__root__V                                        
20002500  ti_sysbios_knl_Task_Module__root__V                                       
2000250c  main_func_sp                                                              
20002510  ti_sysbios_family_arm_m3_Hwi_Module_State_0_excContext__A                 
20002514  ti_sysbios_family_arm_m3_Hwi_Module_State_0_excStack__A                   
20002518  ti_sysbios_knl_Task_Module_State_0_idleTask__A                            
2000251c  ti_sysbios_family_arm_m3_Hwi_Module_State_0_excActive__A                  
20004d00  __stack                                                                   
20005000  __STACK_END                                                               
e000e000  ti_sysbios_family_arm_m3_Hwi_nvic                                         
ffffffff  __TI_pprof_out_hndl                                                       
ffffffff  __TI_prof_data_size                                                       
ffffffff  __TI_prof_data_start                                                      
ffffffff  __binit__                                                                 
ffffffff  __c_args__                                                                
ffffffff  binit                                                                     
UNDEFED   HwiP_restore                                                              
UNDEFED   SHT$$INIT_ARRAY$$Base                                                     
UNDEFED   SHT$$INIT_ARRAY$$Limit                                                    
UNDEFED   ti_sysbios_BIOS_RtsGateProxy_Handle__label__S__mangled__                  
UNDEFED   ti_sysbios_BIOS_RtsGateProxy_Object__delete__S__mangled__                 
UNDEFED   ti_sysbios_BIOS_RtsGateProxy_Params__init__S__mangled__                   
UNDEFED   ti_sysbios_BIOS_RtsGateProxy_query__E__mangled__                          
UNDEFED   ti_sysbios_hal_Hwi_HwiProxy_Module__startupDone__S__mangled__             
UNDEFED   ti_sysbios_hal_Hwi_HwiProxy_Object__delete__S__mangled__                  
UNDEFED   ti_sysbios_hal_Hwi_HwiProxy_Params__init__S__mangled__                    
UNDEFED   ti_sysbios_hal_Hwi_HwiProxy_disableInterrupt__E__mangled__                
UNDEFED   ti_sysbios_hal_Hwi_HwiProxy_enableInterrupt__E__mangled__                 
UNDEFED   ti_sysbios_hal_Hwi_HwiProxy_getStackInfo__E__mangled__                    
UNDEFED   ti_sysbios_hal_Hwi_HwiProxy_startup__E__mangled__                         
UNDEFED   ti_sysbios_hal_Hwi_HwiProxy_switchFromBootStack__E__mangled__             
UNDEFED   ti_sysbios_hal_Hwi_disableInterrupt__E                                    
UNDEFED   ti_sysbios_hal_Hwi_enableInterrupt__E                                     
UNDEFED   ti_sysbios_hal_Hwi_getStackInfo__E                                        
UNDEFED   ti_sysbios_hal_Hwi_startup__E                                             
UNDEFED   ti_sysbios_hal_Hwi_switchFromBootStack__E                                 
UNDEFED   ti_sysbios_heaps_HeapMem_Module_GateProxy_Handle__label__S__mangled__     
UNDEFED   ti_sysbios_heaps_HeapMem_Module_GateProxy_Object__delete__S__mangled__    
UNDEFED   ti_sysbios_heaps_HeapMem_Module_GateProxy_Params__init__S__mangled__      
UNDEFED   ti_sysbios_heaps_HeapMem_Module_GateProxy_query__E__mangled__             
UNDEFED   ti_sysbios_knl_Clock_TimerProxy_Module__startupDone__S__mangled__         
UNDEFED   ti_sysbios_knl_Clock_TimerProxy_startup__E__mangled__                     
UNDEFED   ti_sysbios_knl_Task_SupportProxy_Module__startupDone__S__mangled__        
UNDEFED   ti_sysbios_knl_Task_SupportProxy_getStackAlignment__E__mangled__          
UNDEFED   ti_sysbios_knl_Task_SupportProxy_start__E__mangled__                      
UNDEFED   ti_sysbios_knl_Task_SupportProxy_swap__E__mangled__                       
UNDEFED   xdc_runtime_Main_Module_GateProxy_Handle__label__S                        
UNDEFED   xdc_runtime_Main_Module_GateProxy_Object__delete__S                       
UNDEFED   xdc_runtime_Main_Module_GateProxy_query__E                                
UNDEFED   xdc_runtime_Memory_HeapProxy_Handle__label__S__mangled__                  
UNDEFED   xdc_runtime_Memory_HeapProxy_Object__delete__S__mangled__                 
UNDEFED   xdc_runtime_System_Module_GateProxy_Handle__label__S__mangled__           
UNDEFED   xdc_runtime_System_Module_GateProxy_Object__delete__S__mangled__          
UNDEFED   xdc_runtime_System_Module_GateProxy_query__E__mangled__                   
UNDEFED   xdc_runtime_Timestamp_SupportProxy_get64__E__mangled__                    
UNDEFED   xdc_runtime_Timestamp_SupportProxy_getFreq__E__mangled__                  
UNDEFED   xdc_runtime_Timestamp_get32__E                                            
UNDEFED   xdc_runtime_Timestamp_get64__E                                            
UNDEFED   xdc_runtime_Timestamp_getFreq__E                                          

[836 symbols]
